Archive member included because of file (symbol)

C:/Program Files (x86)/ChipON IDE/KungFu32/ChiponCC32/lib/ccr1_issue/libstring.a(memcpy.o)
                              ./src/kf32f_basic_usb.o (memcpy)

Allocating common symbols
Common symbol       size              file

flash_write         0x14              ./flash.o
JumpAddress         0x4               ./main.o
Jump_To_Application
                    0x4               ./main.o
file_name           0x100             ./ymodem.o
test                0x400             ./ymodem.o
read_data           0x4               ./src/kf32f_basic_flash.o

@@@@@Discarded input sections

 .text          0x00000000        0x0 ./src/kf32f_basic_adc.o
 .data          0x00000000        0x0 ./src/kf32f_basic_adc.o
 .bss           0x00000000        0x0 ./src/kf32f_basic_adc.o
 .text$ADC_Reset
                0x00000000       0x90 ./src/kf32f_basic_adc.o
 .text$ADC_Configuration
                0x00000000       0x6c ./src/kf32f_basic_adc.o
 .text$ADC_Struct_Init
                0x00000000       0x22 ./src/kf32f_basic_adc.o
 .text$ADC_Delay_Configuration
                0x00000000       0x24 ./src/kf32f_basic_adc.o
 .text$ADC_Delay_Struct_Init
                0x00000000        0xa ./src/kf32f_basic_adc.o
 .text$ADC_Cmd  0x00000000        0xc ./src/kf32f_basic_adc.o
 .text$ADC_Analog_Watchdog_Configuration
                0x00000000       0x48 ./src/kf32f_basic_adc.o
 .text$ADC_Analog_Watchdog_Struct_Init
                0x00000000       0x10 ./src/kf32f_basic_adc.o
 .text$ADC_Watchdog_Single_Channel_Enable
                0x00000000        0xc ./src/kf32f_basic_adc.o
 .text$ADC_Scan_Mode_Enable
                0x00000000        0xc ./src/kf32f_basic_adc.o
 .text$ADC_Bosssel_Comparator_Calibration
                0x00000000        0xc ./src/kf32f_basic_adc.o
 .text$ADC_Bosssel_Calibration
                0x00000000        0xc ./src/kf32f_basic_adc.o
 .text$ADC_Trim_Current_Intensity_Bias
                0x00000000        0xc ./src/kf32f_basic_adc.o
 .text$ADC_Analog_Clock_Config
                0x00000000       0x10 ./src/kf32f_basic_adc.o
 .text$ADC_Data_Align_Config
                0x00000000        0xa ./src/kf32f_basic_adc.o
 .text$ADC_Clock_Source_Config
                0x00000000        0xc ./src/kf32f_basic_adc.o
 .text$ADC_DMA_Cmd
                0x00000000        0xc ./src/kf32f_basic_adc.o
 .text$ADC_Double_Mode_Config
                0x00000000       0x18 ./src/kf32f_basic_adc.o
 .text$ADC_Reference_Voltage_Config
                0x00000000       0x10 ./src/kf32f_basic_adc.o
 .text$ADC_Analog_Watchdog_Channel_Config
                0x00000000       0x10 ./src/kf32f_basic_adc.o
 .text$ADC_Regular_Channel_Watchdog_Enable
                0x00000000        0xc ./src/kf32f_basic_adc.o
 .text$ADC_External_Trig_Conv_Enable
                0x00000000        0xe ./src/kf32f_basic_adc.o
 .text$ADC_External_Trig_Conv_Config
                0x00000000       0x10 ./src/kf32f_basic_adc.o
 .text$ADC_Regular_Channel_Config
                0x00000000       0x66 ./src/kf32f_basic_adc.o
 .text$ADC_Regular_Sequencer_Length_Config
                0x00000000       0x14 ./src/kf32f_basic_adc.o
 .text$ADC_Software_Start_Conv
                0x00000000        0x6 ./src/kf32f_basic_adc.o
 .text$ADC_Continuous_Mode_Cmd
                0x00000000        0xc ./src/kf32f_basic_adc.o
 .text$ADC_Disc_Mode_Channel_Count_Config
                0x00000000       0x18 ./src/kf32f_basic_adc.o
 .text$ADC_Disc_Mode_Cmd
                0x00000000        0xc ./src/kf32f_basic_adc.o
 .text$ADC_Get_Conversion_Value
                0x00000000        0x6 ./src/kf32f_basic_adc.o
 .text$ADC_High_Priority_Watchdog_Enable
                0x00000000        0xc ./src/kf32f_basic_adc.o
 .text$ADC_HPExternal_Trig_Conv_Enable
                0x00000000        0xe ./src/kf32f_basic_adc.o
 .text$ADC_High_Priority_Channel_Config
                0x00000000       0x18 ./src/kf32f_basic_adc.o
 .text$ADC_High_Priority_Sequencer_Length_Config
                0x00000000       0x10 ./src/kf32f_basic_adc.o
 .text$ADC_Set_HPChannel_Conv_Value_Offset
                0x00000000        0x4 ./src/kf32f_basic_adc.o
 .text$ADC_HPExternal_Trig_Conv_Config
                0x00000000       0x10 ./src/kf32f_basic_adc.o
 .text$ADC_Software_HPStart_Conv
                0x00000000        0x6 ./src/kf32f_basic_adc.o
 .text$ADC_HPAuto_Conv_Cmd
                0x00000000        0xc ./src/kf32f_basic_adc.o
 .text$ADC_HPDisc_Mode_Cmd
                0x00000000        0xc ./src/kf32f_basic_adc.o
 .text$ADC_Get_HPConversion_Data
                0x00000000        0x8 ./src/kf32f_basic_adc.o
 .text$ADC_Set_INT_Enable
                0x00000000       0x1c ./src/kf32f_basic_adc.o
 .text$ADC_Get_INT_Flag
                0x00000000       0x18 ./src/kf32f_basic_adc.o
 .text$ADC_Clear_INT_Flag
                0x00000000       0x2c ./src/kf32f_basic_adc.o
 .text$ADC_Get_INT_Status
                0x00000000       0x18 ./src/kf32f_basic_adc.o
 .text          0x00000000        0x0 ./src/kf32f_basic_aes.o
 .data          0x00000000        0x0 ./src/kf32f_basic_aes.o
 .bss           0x00000000        0x0 ./src/kf32f_basic_aes.o
 .text$AES_Reset
                0x00000000       0x28 ./src/kf32f_basic_aes.o
 .text$AES_Configuration
                0x00000000       0x2c ./src/kf32f_basic_aes.o
 .text$AES_Struct_Init
                0x00000000       0x10 ./src/kf32f_basic_aes.o
 .text$AES_KEY0_DATA
                0x00000000        0xc ./src/kf32f_basic_aes.o
 .text$AES_KEY1_DATA
                0x00000000        0xc ./src/kf32f_basic_aes.o
 .text$AES_KEY2_DATA
                0x00000000        0xc ./src/kf32f_basic_aes.o
 .text$AES_KEY3_DATA
                0x00000000        0xc ./src/kf32f_basic_aes.o
 .text$AES_INPUT0_DATA
                0x00000000        0xc ./src/kf32f_basic_aes.o
 .text$AES_INPUT1_DATA
                0x00000000        0xc ./src/kf32f_basic_aes.o
 .text$AES_INPUT2_DATA
                0x00000000        0xc ./src/kf32f_basic_aes.o
 .text$AES_INPUT3_DATA
                0x00000000        0xc ./src/kf32f_basic_aes.o
 .text$GET_AES_OUTPUT0_DATA
                0x00000000        0xc ./src/kf32f_basic_aes.o
 .text$GET_AES_OUTPUT1_DATA
                0x00000000        0xc ./src/kf32f_basic_aes.o
 .text$GET_AES_OUTPUT2_DATA
                0x00000000        0xc ./src/kf32f_basic_aes.o
 .text$GET_AES_OUTPUT3_DATA
                0x00000000        0xc ./src/kf32f_basic_aes.o
 .text$AES_Get_Flag_Status
                0x00000000        0xc ./src/kf32f_basic_aes.o
 .text$AES_Start
                0x00000000       0x10 ./src/kf32f_basic_aes.o
 .text$AES_CLR_Flag_Status
                0x00000000       0x1c ./src/kf32f_basic_aes.o
 .text          0x00000000        0x0 ./src/kf32f_basic_atim.o
 .data          0x00000000        0x0 ./src/kf32f_basic_atim.o
 .bss           0x00000000        0x0 ./src/kf32f_basic_atim.o
 .text$ATIM_X_Configuration
                0x00000000       0x34 ./src/kf32f_basic_atim.o
 .text$ATIM_Z_Configuration
                0x00000000       0x34 ./src/kf32f_basic_atim.o
 .text$ATIM_Struct_Init
                0x00000000       0x1c ./src/kf32f_basic_atim.o
 .text$ATIM_X_Cmd
                0x00000000        0xe ./src/kf32f_basic_atim.o
 .text$ATIM_Z_Cmd
                0x00000000        0xe ./src/kf32f_basic_atim.o
 .text$ATIM_X_Updata_Configuration
                0x00000000       0x1a ./src/kf32f_basic_atim.o
 .text$ATIM_Z_Updata_Configuration
                0x00000000       0x1a ./src/kf32f_basic_atim.o
 .text$ATIM_X_Updata_Cmd
                0x00000000       0x10 ./src/kf32f_basic_atim.o
 .text$ATIM_Z_Updata_Cmd
                0x00000000       0x10 ./src/kf32f_basic_atim.o
 .text$ATIM_X_Set_Counter
                0x00000000        0x6 ./src/kf32f_basic_atim.o
 .text$ATIM_Z_Set_Counter
                0x00000000        0x6 ./src/kf32f_basic_atim.o
 .text$ATIM_X_Set_Period
                0x00000000        0x6 ./src/kf32f_basic_atim.o
 .text$ATIM_Z_Set_Period
                0x00000000        0x6 ./src/kf32f_basic_atim.o
 .text$ATIM_X_Set_Prescaler
                0x00000000        0x6 ./src/kf32f_basic_atim.o
 .text$ATIM_Z_Set_Prescaler
                0x00000000        0x6 ./src/kf32f_basic_atim.o
 .text$ATIM_X_Counter_Mode_Config
                0x00000000       0x10 ./src/kf32f_basic_atim.o
 .text$ATIM_Z_Counter_Mode_Config
                0x00000000       0x10 ./src/kf32f_basic_atim.o
 .text$ATIM_X_Clock_Config
                0x00000000        0xc ./src/kf32f_basic_atim.o
 .text$ATIM_Z_Clock_Config
                0x00000000        0xc ./src/kf32f_basic_atim.o
 .text$ATIM_X_Postscaler_Config
                0x00000000       0x10 ./src/kf32f_basic_atim.o
 .text$ATIM_Z_Postscaler_Config
                0x00000000       0x10 ./src/kf32f_basic_atim.o
 .text$ATIM_X_External_Pulse_Sync_Config
                0x00000000        0xe ./src/kf32f_basic_atim.o
 .text$ATIM_Z_External_Pulse_Sync_Config
                0x00000000        0xe ./src/kf32f_basic_atim.o
 .text$ATIM_X_Work_Mode_Config
                0x00000000        0xe ./src/kf32f_basic_atim.o
 .text$ATIM_Z_Work_Mode_Config
                0x00000000        0xe ./src/kf32f_basic_atim.o
 .text$ATIM_X_Get_Direction
                0x00000000        0xa ./src/kf32f_basic_atim.o
 .text$ATIM_Z_Get_Direction
                0x00000000        0xa ./src/kf32f_basic_atim.o
 .text$ATIM_X_Overflow_AD_Enable
                0x00000000        0xe ./src/kf32f_basic_atim.o
 .text$ATIM_Z_Overflow_AD_Enable
                0x00000000        0xe ./src/kf32f_basic_atim.o
 .text$ATIM_X_Underflow_AD_Enable
                0x00000000        0xe ./src/kf32f_basic_atim.o
 .text$ATIM_Z_Underflow_AD_Enable
                0x00000000        0xe ./src/kf32f_basic_atim.o
 .text$ATIM_X_TriggerAD_Config
                0x00000000        0xe ./src/kf32f_basic_atim.o
 .text$ATIM_Z_TriggerAD_Config
                0x00000000        0xe ./src/kf32f_basic_atim.o
 .text$ATIM_X_Set_TriggerAD_Signal
                0x00000000        0xa ./src/kf32f_basic_atim.o
 .text$ATIM_Z_Set_TriggerAD_Signal
                0x00000000        0x6 ./src/kf32f_basic_atim.o
 .text$ATIM_X_Updata_Immediately_Config
                0x00000000       0x10 ./src/kf32f_basic_atim.o
 .text$ATIM_Z_Updata_Immediately_Config
                0x00000000       0x10 ./src/kf32f_basic_atim.o
 .text$ATIM_X_Updata_Output_Ctl
                0x00000000       0x10 ./src/kf32f_basic_atim.o
 .text$ATIM_Z_Updata_Output_Ctl
                0x00000000       0x10 ./src/kf32f_basic_atim.o
 .text$ATIM_X_Updata_Enable
                0x00000000       0x10 ./src/kf32f_basic_atim.o
 .text$ATIM_Z_Updata_Enable
                0x00000000       0x10 ./src/kf32f_basic_atim.o
 .text$ATIM_X_Set_Updata_Counter
                0x00000000        0x8 ./src/kf32f_basic_atim.o
 .text$ATIM_Z_Set_Updata_Counter
                0x00000000        0x8 ./src/kf32f_basic_atim.o
 .text$ATIM_X_Slave_Mode_Config
                0x00000000       0x12 ./src/kf32f_basic_atim.o
 .text$ATIM_Z_Slave_Mode_Config
                0x00000000       0x14 ./src/kf32f_basic_atim.o
 .text$ATIM_Master_Mode_Config
                0x00000000       0x10 ./src/kf32f_basic_atim.o
 .text$ATIM_Master_Slave_Snyc_Enable
                0x00000000       0x10 ./src/kf32f_basic_atim.o
 .text$ATIM_Trigger_Select_Config
                0x00000000       0x14 ./src/kf32f_basic_atim.o
 .text$ATIM_Timer_Unite_Enable
                0x00000000       0x10 ./src/kf32f_basic_atim.o
 .text$ATIM_X_Get_Counter
                0x00000000        0x6 ./src/kf32f_basic_atim.o
 .text$ATIM_Z_Get_Counter
                0x00000000        0x6 ./src/kf32f_basic_atim.o
 .text$ATIM_X_Get_Period
                0x00000000        0x6 ./src/kf32f_basic_atim.o
 .text$ATIM_Z_Get_Period
                0x00000000        0x6 ./src/kf32f_basic_atim.o
 .text$ATIM_X_Get_Prescaler
                0x00000000        0x6 ./src/kf32f_basic_atim.o
 .text$ATIM_Z_Get_Prescaler
                0x00000000        0x6 ./src/kf32f_basic_atim.o
 .text$ATIM_X_Updata_INT_Enable
                0x00000000       0x10 ./src/kf32f_basic_atim.o
 .text$ATIM_Z_Updata_INT_Enable
                0x00000000       0x10 ./src/kf32f_basic_atim.o
 .text$ATIM_X_Overflow_INT_Enable
                0x00000000       0x10 ./src/kf32f_basic_atim.o
 .text$ATIM_Z_Overflow_INT_Enable
                0x00000000       0x10 ./src/kf32f_basic_atim.o
 .text$ATIM_X_Trigger_INT_Enable
                0x00000000       0x10 ./src/kf32f_basic_atim.o
 .text$ATIM_X_Updata_DMA_Enable
                0x00000000       0x10 ./src/kf32f_basic_atim.o
 .text$ATIM_Z_Updata_DMA_Enable
                0x00000000       0x10 ./src/kf32f_basic_atim.o
 .text$ATIM_X_Trigger_DMA_Enable
                0x00000000       0x10 ./src/kf32f_basic_atim.o
 .text$ATIM_X_Get_Updata_INT_Flag
                0x00000000        0xc ./src/kf32f_basic_atim.o
 .text$ATIM_Z_Get_Updata_INT_Flag
                0x00000000        0xc ./src/kf32f_basic_atim.o
 .text$ATIM_X_Get_Overflow_INT_Flag
                0x00000000        0xc ./src/kf32f_basic_atim.o
 .text$ATIM_Z_Get_Overflow_INT_Flag
                0x00000000        0xc ./src/kf32f_basic_atim.o
 .text$ATIM_X_Get_Trigger_INT_Flag
                0x00000000        0xc ./src/kf32f_basic_atim.o
 .text$ATIM_X_Generate_Trigger_Config
                0x00000000       0x10 ./src/kf32f_basic_atim.o
 .text$ATIM_X_Get_Updata_DMA_INT_Flag
                0x00000000        0xc ./src/kf32f_basic_atim.o
 .text$ATIM_Z_Get_Updata_DMA_INT_Flag
                0x00000000        0xc ./src/kf32f_basic_atim.o
 .text$ATIM_X_Get_Trigger_DMA_INT_Flag
                0x00000000        0xc ./src/kf32f_basic_atim.o
 .text$ATIM_X_Clear_Updata_INT_Flag
                0x00000000       0x1a ./src/kf32f_basic_atim.o
 .text$ATIM_Z_Clear_Updata_INT_Flag
                0x00000000       0x1a ./src/kf32f_basic_atim.o
 .text$ATIM_X_Clear_Overflow_INT_Flag
                0x00000000       0x1a ./src/kf32f_basic_atim.o
 .text$ATIM_Z_Clear_Overflow_INT_Flag
                0x00000000       0x1a ./src/kf32f_basic_atim.o
 .text$ATIM_X_Clear_Trigger_INT_Flag
                0x00000000       0x1a ./src/kf32f_basic_atim.o
 .text$ECCP_Compare_Configuration
                0x00000000       0x22 ./src/kf32f_basic_atim.o
 .text$ECCP_Capture_Configuration
                0x00000000       0x2e ./src/kf32f_basic_atim.o
 .text$ECCP_Capture_Struct_Init
                0x00000000        0xc ./src/kf32f_basic_atim.o
 .text$ECCP_PWM_Configuration
                0x00000000       0xa8 ./src/kf32f_basic_atim.o
 .text$ECCP_PWM_Struct_Init
                0x00000000       0x18 ./src/kf32f_basic_atim.o
 .text$ECCP_Capture_Mode_Config
                0x00000000       0x16 ./src/kf32f_basic_atim.o
 .text$ECCP_Compare_Mode_Config
                0x00000000       0x16 ./src/kf32f_basic_atim.o
 .text$ECCP_PWM_Mode_Config
                0x00000000       0x10 ./src/kf32f_basic_atim.o
 .text$ECCP_Get_Capture_Result
                0x00000000        0xc ./src/kf32f_basic_atim.o
 .text$ECCP_Set_Compare_Result
                0x00000000        0xc ./src/kf32f_basic_atim.o
 .text$ECCP_Generate_Trigger_Config
                0x00000000       0x1a ./src/kf32f_basic_atim.o
 .text$ECCP_PWM_Input_Enable
                0x00000000       0x10 ./src/kf32f_basic_atim.o
 .text$ECCP_Input_XOR_Enable
                0x00000000       0x10 ./src/kf32f_basic_atim.o
 .text$ECCP_Single_Pulse_Enable
                0x00000000       0x10 ./src/kf32f_basic_atim.o
 .text$ECCP_Single_Pulse_Shut_Enable
                0x00000000       0x10 ./src/kf32f_basic_atim.o
 .text$ECCP_PWM_Restart_Enable
                0x00000000       0x10 ./src/kf32f_basic_atim.o
 .text$ECCP_Dead_Time_Config
                0x00000000       0x28 ./src/kf32f_basic_atim.o
 .text$ECCP_Channel_Output_Control
                0x00000000       0x18 ./src/kf32f_basic_atim.o
 .text$ECCP_Channel_Output_Mode
                0x00000000       0x18 ./src/kf32f_basic_atim.o
 .text$ECCP_Channel_Work_State_Config
                0x00000000       0x18 ./src/kf32f_basic_atim.o
 .text$ECCP_Get_Channel_Work_State
                0x00000000       0x16 ./src/kf32f_basic_atim.o
 .text$ECCP_Channel_Shutdown_Signal
                0x00000000       0x16 ./src/kf32f_basic_atim.o
 .text$ECCP_Channel_Pin_Ctl
                0x00000000       0x20 ./src/kf32f_basic_atim.o
 .text$ECCP_Zero_Clock_Config
                0x00000000       0x14 ./src/kf32f_basic_atim.o
 .text$ECCP_Channel_Pin_Tristate_Enable
                0x00000000       0x1a ./src/kf32f_basic_atim.o
 .text$ECCP_Channel_INT_Enable
                0x00000000       0x1a ./src/kf32f_basic_atim.o
 .text$ECCP_X_Turn_off_DMA_Enable
                0x00000000       0x10 ./src/kf32f_basic_atim.o
 .text$ECCP_Channel_DMA_Enable
                0x00000000       0x1a ./src/kf32f_basic_atim.o
 .text$ECCP_Get_Channel_Trigger_INT_Flag
                0x00000000       0x14 ./src/kf32f_basic_atim.o
 .text$ECCP_X_Get_Turn_off_DMA_Flag
                0x00000000        0xc ./src/kf32f_basic_atim.o
 .text$ECCP_Get_Trigger_DMA_INT_Flag
                0x00000000       0x14 ./src/kf32f_basic_atim.o
 .text$ECCP_Clear_Channel_INT_Flag
                0x00000000       0x2a ./src/kf32f_basic_atim.o
 .text$ECCP_PWM_Move_Phase_Enable
                0x00000000       0x10 ./src/kf32f_basic_atim.o
 .text$ECCP_Channel_Zero_Detect_Sequential_Ctl
                0x00000000       0x16 ./src/kf32f_basic_atim.o
 .text$ECCP_Get_Channel_Zero_Detection_State
                0x00000000       0x14 ./src/kf32f_basic_atim.o
 .text$ECCP_Clear_Channel_Zero_Detection_State
                0x00000000       0x10 ./src/kf32f_basic_atim.o
 .text$ECCP_Channel_Zero_Detect_Enable
                0x00000000       0x18 ./src/kf32f_basic_atim.o
 .text$ECCP_Channel_Zero_Voltage_Config
                0x00000000       0x18 ./src/kf32f_basic_atim.o
 .text          0x00000000        0x0 ./src/kf32f_basic_bkp.o
 .data          0x00000000        0x0 ./src/kf32f_basic_bkp.o
 .bss           0x00000000        0x0 ./src/kf32f_basic_bkp.o
 .text$BKP_Reset
                0x00000000        0xc ./src/kf32f_basic_bkp.o
 .text$BKP_Write_And_Read_Enable
                0x00000000       0xe8 ./src/kf32f_basic_bkp.o
 .text$BKP_Reset_Enable
                0x00000000       0x14 ./src/kf32f_basic_bkp.o
 .text$BKP_Pin_Effective_Level_Config
                0x00000000       0x22 ./src/kf32f_basic_bkp.o
 .text$BKP_Pin_Enable
                0x00000000       0x22 ./src/kf32f_basic_bkp.o
 .text$BKP_RTC_Clock_Config
                0x00000000       0x14 ./src/kf32f_basic_bkp.o
 .text$BKP_External_Clock_Bypass_Enable
                0x00000000       0x1e ./src/kf32f_basic_bkp.o
 .text$BKP_Data_Config
                0x00000000       0x10 ./src/kf32f_basic_bkp.o
 .text$BKP_Get_Data
                0x00000000       0x10 ./src/kf32f_basic_bkp.o
 .text$BKP_Pin_TAMP_INT_Enable
                0x00000000       0x22 ./src/kf32f_basic_bkp.o
 .text$BKP_Get_Pin_TAMP_INT_Flag
                0x00000000       0x1c ./src/kf32f_basic_bkp.o
 .text$BKP_Clear_Pin_TAMP_INT_Flag
                0x00000000       0x30 ./src/kf32f_basic_bkp.o
 .data$pmwrenbkp.1931
                0x00000000        0x4 ./src/kf32f_basic_bkp.o
 .data$bkpregclrbkp.1932
                0x00000000        0x4 ./src/kf32f_basic_bkp.o
 .data$bkpwrbkp.1933
                0x00000000        0x4 ./src/kf32f_basic_bkp.o
 .text          0x00000000        0x0 ./src/kf32f_basic_btim.o
 .data          0x00000000        0x0 ./src/kf32f_basic_btim.o
 .bss           0x00000000        0x0 ./src/kf32f_basic_btim.o
 .text$TIM_Reset
                0x00000000      0x2ec ./src/kf32f_basic_btim.o
 .text$BTIM_Configuration
                0x00000000       0x48 ./src/kf32f_basic_btim.o
 .text$BTIM_Struct_Init
                0x00000000       0x20 ./src/kf32f_basic_btim.o
 .text$BTIM_Cmd
                0x00000000        0xe ./src/kf32f_basic_btim.o
 .text$BTIM_Set_Counter
                0x00000000        0x6 ./src/kf32f_basic_btim.o
 .text$BTIM_Set_Period
                0x00000000        0x6 ./src/kf32f_basic_btim.o
 .text$BTIM_Set_Prescaler
                0x00000000        0x6 ./src/kf32f_basic_btim.o
 .text$BTIM_Counter_Mode_Config
                0x00000000       0x10 ./src/kf32f_basic_btim.o
 .text$BTIM_Clock_Config
                0x00000000        0xc ./src/kf32f_basic_btim.o
 .text$BTIM_External_Pulse_Sync_Config
                0x00000000        0xe ./src/kf32f_basic_btim.o
 .text$BTIM_Work_Mode_Config
                0x00000000        0xe ./src/kf32f_basic_btim.o
 .text$BTIM_Generate_Trigger_Config
                0x00000000        0xe ./src/kf32f_basic_btim.o
 .text$BTIM_Single_Pulse_Enable
                0x00000000        0xe ./src/kf32f_basic_btim.o
 .text$BTIM_Single_Pulse_Shut_Enable
                0x00000000        0xe ./src/kf32f_basic_btim.o
 .text$BTIM_Updata_Immediately_Config
                0x00000000        0xe ./src/kf32f_basic_btim.o
 .text$BTIM_Master_Slave_Snyc_Config
                0x00000000        0xe ./src/kf32f_basic_btim.o
 .text$BTIM_Trigger_Select_Config
                0x00000000       0x10 ./src/kf32f_basic_btim.o
 .text$BTIM_Slave_Mode_Config
                0x00000000        0xe ./src/kf32f_basic_btim.o
 .text$BTIM_Master_Mode_Config
                0x00000000        0xc ./src/kf32f_basic_btim.o
 .text$BTIM_Updata_Rising_Edge_Config
                0x00000000        0xe ./src/kf32f_basic_btim.o
 .text$BTIM_Updata_Enable
                0x00000000        0xe ./src/kf32f_basic_btim.o
 .text$BTIM_Get_Direction
                0x00000000        0xa ./src/kf32f_basic_btim.o
 .text$BTIM_Get_Counter
                0x00000000        0x6 ./src/kf32f_basic_btim.o
 .text$BTIM_Get_Period
                0x00000000        0x6 ./src/kf32f_basic_btim.o
 .text$BTIM_Get_Prescaler
                0x00000000        0x6 ./src/kf32f_basic_btim.o
 .text$BTIM_Trigger_DMA_Enable
                0x00000000        0xe ./src/kf32f_basic_btim.o
 .text$BTIM_Updata_DMA_Enable
                0x00000000        0xe ./src/kf32f_basic_btim.o
 .text$BTIM_Overflow_INT_Enable
                0x00000000        0xe ./src/kf32f_basic_btim.o
 .text$BTIM_Trigger_INT_Enable
                0x00000000        0xe ./src/kf32f_basic_btim.o
 .text$BTIM_Updata_INT_Enable
                0x00000000        0xe ./src/kf32f_basic_btim.o
 .text$BTIM_Get_Trigger_DMA_INT_Status
                0x00000000        0xa ./src/kf32f_basic_btim.o
 .text$BTIM_Get_Updata_DMA_INT_Status
                0x00000000        0xa ./src/kf32f_basic_btim.o
 .text$BTIM_Get_Overflow_INT_Status
                0x00000000        0xa ./src/kf32f_basic_btim.o
 .text$BTIM_Get_Trigger_INT_Status
                0x00000000        0xa ./src/kf32f_basic_btim.o
 .text$BTIM_Get_Updata_INT_Status
                0x00000000        0x8 ./src/kf32f_basic_btim.o
 .text$BTIM_Get_Trigger_DMA_INT_Flag
                0x00000000        0xa ./src/kf32f_basic_btim.o
 .text$BTIM_Get_Updata_DMA_INT_Flag
                0x00000000        0xa ./src/kf32f_basic_btim.o
 .text$BTIM_Get_Overflow_INT_Flag
                0x00000000        0xa ./src/kf32f_basic_btim.o
 .text$BTIM_Get_Trigger_INT_Flag
                0x00000000        0xa ./src/kf32f_basic_btim.o
 .text$BTIM_Get_Updata_INT_Flag
                0x00000000        0x8 ./src/kf32f_basic_btim.o
 .text$BTIM_Clear_Overflow_INT_Flag
                0x00000000       0x12 ./src/kf32f_basic_btim.o
 .text$BTIM_Clear_Trigger_INT_Flag
                0x00000000       0x12 ./src/kf32f_basic_btim.o
 .text$BTIM_Clear_Updata_INT_Flag
                0x00000000       0x12 ./src/kf32f_basic_btim.o
 .text          0x00000000        0x0 ./src/kf32f_basic_can.o
 .data          0x00000000        0x0 ./src/kf32f_basic_can.o
 .bss           0x00000000        0x0 ./src/kf32f_basic_can.o
 .text$CAN_Reset
                0x00000000       0x84 ./src/kf32f_basic_can.o
 .text$CAN_Configuration
                0x00000000       0x4c ./src/kf32f_basic_can.o
 .text$CAN_Struct_Init
                0x00000000       0x18 ./src/kf32f_basic_can.o
 .text$CAN_Get_Receive_Message_Counter
                0x00000000       0x10 ./src/kf32f_basic_can.o
 .text$CAN_Get_Transmit_Status
                0x00000000        0xe ./src/kf32f_basic_can.o
 .text$CAN_Cmd  0x00000000        0xc ./src/kf32f_basic_can.o
 .text$CAN_Clock_Source_Config
                0x00000000        0xc ./src/kf32f_basic_can.o
 .text$CAN_Sleep_Mode_Enable
                0x00000000        0xc ./src/kf32f_basic_can.o
 .text$CAN_Reset_Mode_Enable
                0x00000000        0xc ./src/kf32f_basic_can.o
 .text$CAN_Work_Mode_Config
                0x00000000        0xc ./src/kf32f_basic_can.o
 .text$CAN_Bus_Sample_Times_Config
                0x00000000        0xe ./src/kf32f_basic_can.o
 .text$CAN_Time_Segment_Config
                0x00000000       0x18 ./src/kf32f_basic_can.o
 .text$CAN_Sync_Jump_Width_Config
                0x00000000        0xe ./src/kf32f_basic_can.o
 .text$CAN_Baud_Rate_Preset_Config
                0x00000000        0xe ./src/kf32f_basic_can.o
 .text$CAN_Get_Error_Code
                0x00000000       0x2c ./src/kf32f_basic_can.o
 .text$CAN_Get_Error_Warning_Limit
                0x00000000        0x6 ./src/kf32f_basic_can.o
 .text$CAN_Get_Error_Counter
                0x00000000       0x18 ./src/kf32f_basic_can.o
 .text$CAN_Error_Warning_Limit_Config
                0x00000000       0x18 ./src/kf32f_basic_can.o
 .text$CAN_Error_Counter_Config
                0x00000000       0x26 ./src/kf32f_basic_can.o
 .text$CAN_Acceptance_Config
                0x00000000        0x4 ./src/kf32f_basic_can.o
 .text$CAN_Get_Acceptance
                0x00000000        0x4 ./src/kf32f_basic_can.o
 .text$CAN_Acceptance_Mask_Config
                0x00000000        0x4 ./src/kf32f_basic_can.o
 .text$CAN_Get_Acceptance_Mask
                0x00000000        0x4 ./src/kf32f_basic_can.o
 .text$CAN_Transmit_Message_Configuration
                0x00000000       0xa4 ./src/kf32f_basic_can.o
 .text$CAN_Receive_Message_Configuration
                0x00000000       0xec ./src/kf32f_basic_can.o
 .text$CAN_Message_Struct_Init
                0x00000000       0x1e ./src/kf32f_basic_can.o
 .text$CAN_Clear_Buffer_Overflow_Flag
                0x00000000       0x1e ./src/kf32f_basic_can.o
 .text$CAN_Release_Receive_Buffer
                0x00000000       0x38 ./src/kf32f_basic_can.o
 .text$CAN_Transmit_Single
                0x00000000       0x18 ./src/kf32f_basic_can.o
 .text$CAN_Transmit_Repeat
                0x00000000       0x14 ./src/kf32f_basic_can.o
 .text$CAN_Frame_Format_Config
                0x00000000        0xe ./src/kf32f_basic_can.o
 .text$CAN_Remote_Request_Config
                0x00000000        0xe ./src/kf32f_basic_can.o
 .text$CAN_Data_Length_Config
                0x00000000        0xe ./src/kf32f_basic_can.o
 .text$CAN_Identification_Code_Config
                0x00000000       0x24 ./src/kf32f_basic_can.o
 .text$CAN_Get_INT_Flag
                0x00000000        0xe ./src/kf32f_basic_can.o
 .text$CAN_Clear_INT_Flag
                0x00000000       0x1a ./src/kf32f_basic_can.o
 .text$CAN_Set_INT_Enable
                0x00000000       0x14 ./src/kf32f_basic_can.o
 .text          0x00000000        0x0 ./src/kf32f_basic_cfgl.o
 .data          0x00000000        0x0 ./src/kf32f_basic_cfgl.o
 .bss           0x00000000        0x0 ./src/kf32f_basic_cfgl.o
 .text$CFGL_Reset
                0x00000000       0x28 ./src/kf32f_basic_cfgl.o
 .text$CFGL_Configuration
                0x00000000      0x130 ./src/kf32f_basic_cfgl.o
 .text$CFGL_Struct_Init
                0x00000000       0x9c ./src/kf32f_basic_cfgl.o
 .text$CFGL2_OUT_SYNCHRO_Enable
                0x00000000       0x14 ./src/kf32f_basic_cfgl.o
 .text$CFGL1_OUT_SYNCHRO_Enable
                0x00000000       0x14 ./src/kf32f_basic_cfgl.o
 .text$CFGL2_FALLINT_Enable
                0x00000000       0x24 ./src/kf32f_basic_cfgl.o
 .text$CFGL2_RISEINT_Enable
                0x00000000       0x24 ./src/kf32f_basic_cfgl.o
 .text$CFGL1_FALLINT_Enable
                0x00000000       0x24 ./src/kf32f_basic_cfgl.o
 .text$CFGL1_RISEINT_Enable
                0x00000000       0x24 ./src/kf32f_basic_cfgl.o
 .text$CFGL1_Get_INT_Flag
                0x00000000       0x10 ./src/kf32f_basic_cfgl.o
 .text$CFGL2_Get_INT_Flag
                0x00000000       0x10 ./src/kf32f_basic_cfgl.o
 .text$CFGL1_Clear_RISEINT_Flag
                0x00000000       0x20 ./src/kf32f_basic_cfgl.o
 .text$CFGL1_Clear_FALLINT_Flag
                0x00000000       0x20 ./src/kf32f_basic_cfgl.o
 .text$CFGL1_Clear_RISEFALLINT_Flag
                0x00000000       0x24 ./src/kf32f_basic_cfgl.o
 .text$CFGL2_Clear_RISEINT_Flag
                0x00000000       0x1c ./src/kf32f_basic_cfgl.o
 .text$CFGL2_Clear_FALLINT_Flag
                0x00000000       0x1c ./src/kf32f_basic_cfgl.o
 .text$CFGL2_Clear_RISEFALLINT_Flag
                0x00000000       0x20 ./src/kf32f_basic_cfgl.o
 .text$CFGL2_OUT_STATE
                0x00000000       0x10 ./src/kf32f_basic_cfgl.o
 .text$CFGL1_OUT_STATE
                0x00000000       0x10 ./src/kf32f_basic_cfgl.o
 .text          0x00000000        0x0 ./src/kf32f_basic_cmp.o
 .data          0x00000000        0x0 ./src/kf32f_basic_cmp.o
 .bss           0x00000000        0x0 ./src/kf32f_basic_cmp.o
 .text          0x00000000        0x0 ./src/kf32f_basic_crc.o
 .data          0x00000000        0x0 ./src/kf32f_basic_crc.o
 .bss           0x00000000        0x0 ./src/kf32f_basic_crc.o
 .text$CRC_Reset
                0x00000000       0x28 ./src/kf32f_basic_crc.o
 .text$CRC_Configuration
                0x00000000       0x24 ./src/kf32f_basic_crc.o
 .text$CRC_Struct_Init
                0x00000000        0xc ./src/kf32f_basic_crc.o
 .text$CRC_INPUT_DATA
                0x00000000        0xc ./src/kf32f_basic_crc.o
 .text$CRC_GET_RESULT
                0x00000000        0xc ./src/kf32f_basic_crc.o
 .text$CRC_SET_INITVALUE
                0x00000000        0xc ./src/kf32f_basic_crc.o
 .text$CRC_SET_PLN
                0x00000000        0xc ./src/kf32f_basic_crc.o
 .text$CRC_SET_RXOR
                0x00000000        0xc ./src/kf32f_basic_crc.o
 .text$CRC_SET_IDATA
                0x00000000        0xc ./src/kf32f_basic_crc.o
 .text$CRC_GET_TEMP
                0x00000000        0xc ./src/kf32f_basic_crc.o
 .text$CRC_SET_RSET
                0x00000000       0x10 ./src/kf32f_basic_crc.o
 .text          0x00000000        0x0 ./src/kf32f_basic_dac.o
 .data          0x00000000        0x0 ./src/kf32f_basic_dac.o
 .bss           0x00000000        0x0 ./src/kf32f_basic_dac.o
 .text$DAC_Reset
                0x00000000       0x68 ./src/kf32f_basic_dac.o
 .text$DAC_Configuration
                0x00000000       0x50 ./src/kf32f_basic_dac.o
 .text$DAC_Struct_Init
                0x00000000       0x18 ./src/kf32f_basic_dac.o
 .text$DAC_Cmd  0x00000000        0xc ./src/kf32f_basic_dac.o
 .text$DAC_Software_Trigger_Cmd
                0x00000000        0xc ./src/kf32f_basic_dac.o
 .text$DAC_DMA_Cmd
                0x00000000        0xc ./src/kf32f_basic_dac.o
 .text$DAC_Output_Buffer_Config
                0x00000000        0xe ./src/kf32f_basic_dac.o
 .text$DAC_Output_Port_Config
                0x00000000        0xe ./src/kf32f_basic_dac.o
 .text$DAC_Write_Output_Data
                0x00000000        0x4 ./src/kf32f_basic_dac.o
 .text$DAC_Read_Output_Data
                0x00000000        0xc ./src/kf32f_basic_dac.o
 .text$DAC_Calibration_Config
                0x00000000       0x2c ./src/kf32f_basic_dac.o
 .text$DAC_Calibration_Struct_Init
                0x00000000        0xe ./src/kf32f_basic_dac.o
 .text          0x00000000        0x0 ./src/kf32f_basic_dma.o
 .data          0x00000000        0x0 ./src/kf32f_basic_dma.o
 .bss           0x00000000        0x0 ./src/kf32f_basic_dma.o
 .text$DMA_Reset
                0x00000000       0x68 ./src/kf32f_basic_dma.o
 .text$DMA_Configuration
                0x00000000       0x5c ./src/kf32f_basic_dma.o
 .text$DMA_Struct_Init
                0x00000000       0x1c ./src/kf32f_basic_dma.o
 .text$DMA_Transfer_Number_Config
                0x00000000        0xe ./src/kf32f_basic_dma.o
 .text$DMA_Memory_To_Memory_Enable
                0x00000000       0x10 ./src/kf32f_basic_dma.o
 .text$DMA_Channel_Priority_Config
                0x00000000       0x10 ./src/kf32f_basic_dma.o
 .text$DMA_Peripheral_Data_Width_Config
                0x00000000       0x10 ./src/kf32f_basic_dma.o
 .text$DMA_Memory_Data_Width_Config
                0x00000000       0x10 ./src/kf32f_basic_dma.o
 .text$DMA_Peripheral_addr_increase_Enable
                0x00000000       0x10 ./src/kf32f_basic_dma.o
 .text$DMA_Memory_addr_increase_Enable
                0x00000000       0x10 ./src/kf32f_basic_dma.o
 .text$DMA_Loop_Mode_Enable
                0x00000000       0x10 ./src/kf32f_basic_dma.o
 .text$DMA_Transfer_Direction_Config
                0x00000000       0x10 ./src/kf32f_basic_dma.o
 .text$DMA_Transfer_Mode_Config
                0x00000000       0x10 ./src/kf32f_basic_dma.o
 .text$DMA_Channel_Enable
                0x00000000       0x10 ./src/kf32f_basic_dma.o
 .text$DMA_Peripheral_Start_Address_Config
                0x00000000        0x8 ./src/kf32f_basic_dma.o
 .text$DMA_Memory_Start_Address_Config
                0x00000000        0x8 ./src/kf32f_basic_dma.o
 .text$DMA_Get_Peripheral_Current_Address
                0x00000000        0x8 ./src/kf32f_basic_dma.o
 .text$DMA_Get_Memory_Current_Address
                0x00000000        0x8 ./src/kf32f_basic_dma.o
 .text$DMA_Get_Transfer_Number_Remain
                0x00000000        0xa ./src/kf32f_basic_dma.o
 .text$DMA_Get_INT_Flag
                0x00000000       0x16 ./src/kf32f_basic_dma.o
 .text$DMA_Clear_INT_Flag
                0x00000000       0x12 ./src/kf32f_basic_dma.o
 .text$DMA_Set_INT_Enable
                0x00000000       0x1e ./src/kf32f_basic_dma.o
 .text$DMA_Get_Error_Transfer_INT_Flag
                0x00000000       0x18 ./src/kf32f_basic_dma.o
 .text$DMA_Get_Half_Transfer_INT_Flag
                0x00000000       0x18 ./src/kf32f_basic_dma.o
 .text$DMA_Get_Finish_Transfer_INT_Flag
                0x00000000       0x18 ./src/kf32f_basic_dma.o
 .text$DMA_Error_Transfer_INT_Enable
                0x00000000       0x1e ./src/kf32f_basic_dma.o
 .text$DMA_Half_Transfer_INT_Enable
                0x00000000       0x1e ./src/kf32f_basic_dma.o
 .text$DMA_Finish_Transfer_INT_Enable
                0x00000000       0x1e ./src/kf32f_basic_dma.o
 .text          0x00000000        0x0 ./src/kf32f_basic_exic.o
 .data          0x00000000        0x0 ./src/kf32f_basic_exic.o
 .bss           0x00000000        0x0 ./src/kf32f_basic_exic.o
 .text$EXIC_Reset
                0x00000000       0x28 ./src/kf32f_basic_exic.o
 .text$EXIC_Configuration
                0x00000000       0x74 ./src/kf32f_basic_exic.o
 .text$EXIC_Struct_Init
                0x00000000       0x2c ./src/kf32f_basic_exic.o
 .text$EXIC_Get_Write_Finish_INT_Flag
                0x00000000       0x10 ./src/kf32f_basic_exic.o
 .text$EXIC_Clear_Write_Finish_INT_Flag
                0x00000000       0x1c ./src/kf32f_basic_exic.o
 .text$EXIC_Get_Read_Finish_INT_Flag
                0x00000000       0x10 ./src/kf32f_basic_exic.o
 .text$EXIC_Clear_Read_Finish_INT_Flag
                0x00000000       0x1c ./src/kf32f_basic_exic.o
 .text$EXIC_Write_Buff
                0x00000000        0xc ./src/kf32f_basic_exic.o
 .text$EXIC_Read_Buff
                0x00000000        0xc ./src/kf32f_basic_exic.o
 .text          0x00000000        0x0 ./src/kf32f_basic_flash.o
 .data          0x00000000        0x0 ./src/kf32f_basic_flash.o
 .bss           0x00000000        0x0 ./src/kf32f_basic_flash.o
 .indata$CHECK_RESTRICTION_RAM
                0x00000000        0x8 ./src/kf32f_basic_flash.o
 .indata$FLASH_Get_NonVolatile_Memory_Unlock_Status_RAM
                0x00000000       0x10 ./src/kf32f_basic_flash.o
 .indata$FLASH_Clear_NonVolatile_Memory_Unlock_Status_RAM
                0x00000000       0x1c ./src/kf32f_basic_flash.o
 .text$FLASH_Clear_NonVolatile_Memory_Unlock_Status
                0x00000000       0x1c ./src/kf32f_basic_flash.o
 .indata$FLASH_Unlock_ISP_RAM
                0x00000000       0x18 ./src/kf32f_basic_flash.o
 .text$FLASH_Unlock_ISP
                0x00000000       0x18 ./src/kf32f_basic_flash.o
 .indata$FLASH_Get_Flash_Unlock_Status_RAM
                0x00000000       0x10 ./src/kf32f_basic_flash.o
 .indata$FLASH_Clear_Flash_Unlock_Status_RAM
                0x00000000       0x1c ./src/kf32f_basic_flash.o
 .text$FLASH_Clear_Flash_Unlock_Status
                0x00000000       0x1c ./src/kf32f_basic_flash.o
 .indata$FLASH_Unlock_Code_RAM
                0x00000000       0x18 ./src/kf32f_basic_flash.o
 .text$FLASH_Unlock_Code
                0x00000000       0x18 ./src/kf32f_basic_flash.o
 .indata$FLASH_Get_Config_Unlock_Status_RAM
                0x00000000       0x10 ./src/kf32f_basic_flash.o
 .indata$FLASH_Clear_Config_Unlock_Status_RAM
                0x00000000       0x1c ./src/kf32f_basic_flash.o
 .text$FLASH_Clear_Config_Unlock_Status
                0x00000000       0x1c ./src/kf32f_basic_flash.o
 .indata$FLASH_Unlock_User_Config_RAM
                0x00000000       0x18 ./src/kf32f_basic_flash.o
 .text$FLASH_Unlock_User_Config
                0x00000000       0x18 ./src/kf32f_basic_flash.o
 .text$FLASH_Data_Write_Enable_RAM
                0x00000000       0x18 ./src/kf32f_basic_flash.o
 .indata$FLASH_Zone_Config_RAM
                0x00000000       0x20 ./src/kf32f_basic_flash.o
 .text$FLASH_Zone_Config
                0x00000000       0x14 ./src/kf32f_basic_flash.o
 .indata$FLASH_Standby_Mode_Config_RAM
                0x00000000       0x30 ./src/kf32f_basic_flash.o
 .indata$FLASH_Read_Mode_Config_RAM
                0x00000000       0x20 ./src/kf32f_basic_flash.o
 .indata$FLASH_Calibration_Updata_Enable_RAM
                0x00000000       0x28 ./src/kf32f_basic_flash.o
 .indata$FLASH_Information_Zone_Wipe_Unlock_Config_RAM
                0x00000000       0x28 ./src/kf32f_basic_flash.o
 .indata$FLASH_Half_Page_Write_Size_Config_RAM
                0x00000000       0x24 ./src/kf32f_basic_flash.o
 .indata$FLASH_Program_Cmd_Config_RAM
                0x00000000       0x28 ./src/kf32f_basic_flash.o
 .indata$FLASH_Executive_Cmd_RAM
                0x00000000       0x1c ./src/kf32f_basic_flash.o
 .text$FLASH_Executive_Cmd
                0x00000000       0x1c ./src/kf32f_basic_flash.o
 .indata$FLASH_NonVolatile_Memory_ECC_Enable_RAM
                0x00000000       0x18 ./src/kf32f_basic_flash.o
 .indata$FLASH_Linear_Prefetch_Enable_RAM
                0x00000000       0x18 ./src/kf32f_basic_flash.o
 .indata$FLASH_Period_Number_Config_RAM
                0x00000000       0x20 ./src/kf32f_basic_flash.o
 .indata$FLASH_Program_Addr_Config_RAM
                0x00000000       0x20 ./src/kf32f_basic_flash.o
 .indata$FLASH_Get_Program_Status_RAM
                0x00000000       0x10 ./src/kf32f_basic_flash.o
 .text$FLASH_Get_Program_Status
                0x00000000       0x10 ./src/kf32f_basic_flash.o
 .indata$FLASH_Get_Wipe_Status_RAM
                0x00000000       0x10 ./src/kf32f_basic_flash.o
 .text$FLASH_Get_Wipe_Status
                0x00000000       0x10 ./src/kf32f_basic_flash.o
 .indata$FLASH_Get_Compute_Complete_Status_RAM
                0x00000000       0x10 ./src/kf32f_basic_flash.o
 .indata$FLASH_Clear_Compute_Complete_Status_RAM
                0x00000000       0x20 ./src/kf32f_basic_flash.o
 .indata$FLASH_Get_CFG_Error_Flag_RAM
                0x00000000       0x10 ./src/kf32f_basic_flash.o
 .indata$FLASH_Clear_CFG_Error_Flag_RAM
                0x00000000       0x20 ./src/kf32f_basic_flash.o
 .indata$FLASH_CheckSum_Addr_Config_RAM
                0x00000000       0x20 ./src/kf32f_basic_flash.o
 .indata$FLASH_Start_SIG_Compute_Enable_RAM
                0x00000000       0x18 ./src/kf32f_basic_flash.o
 .indata$FLASH_Get_CheckSum_Result_RAM
                0x00000000       0x18 ./src/kf32f_basic_flash.o
 .text$FLASH_Wipe_Configuration
                0x00000000       0xac ./src/kf32f_basic_flash.o
 .text$FLASH_Program_Configuration
                0x00000000      0x118 ./src/kf32f_basic_flash.o
 .indata$Read_Flash_or_CFR_RAM
                0x00000000       0x9c ./src/kf32f_basic_flash.o
 .text$Read_Flash_or_CFR
                0x00000000       0x9c ./src/kf32f_basic_flash.o
 COMMON         0x00000000        0x4 ./src/kf32f_basic_flash.o
 .text          0x00000000        0x0 ./src/kf32f_basic_gpio.o
 .data          0x00000000        0x0 ./src/kf32f_basic_gpio.o
 .bss           0x00000000        0x0 ./src/kf32f_basic_gpio.o
 .text$GPIO_Reset
                0x00000000      0x11c ./src/kf32f_basic_gpio.o
 .text$GPIO_Configuration
                0x00000000       0x8e ./src/kf32f_basic_gpio.o
 .text$GPIO_Struct_Init
                0x00000000       0x18 ./src/kf32f_basic_gpio.o
 .text$GPIO_Pull_Up_Enable
                0x00000000       0x16 ./src/kf32f_basic_gpio.o
 .text$GPIO_Toggle_Pull_Up_Config
                0x00000000        0xa ./src/kf32f_basic_gpio.o
 .text$GPIO_Pull_Down_Enable
                0x00000000       0x16 ./src/kf32f_basic_gpio.o
 .text$GPIO_Toggle_Pull_Down_Config
                0x00000000        0xa ./src/kf32f_basic_gpio.o
 .text$GPIO_Open_Drain_Enable
                0x00000000       0x16 ./src/kf32f_basic_gpio.o
 .text$GPIO_Toggle_Open_Drain_Config
                0x00000000        0xa ./src/kf32f_basic_gpio.o
 .text$GPIO_Speed_Config
                0x00000000       0x2a ./src/kf32f_basic_gpio.o
 .text$GPIO_Toggle_Speed_Config
                0x00000000       0x20 ./src/kf32f_basic_gpio.o
 .text$GPIO_Read_Input_Data
                0x00000000        0x6 ./src/kf32f_basic_gpio.o
 .text$GPIO_Read_Output_Data_Bit
                0x00000000        0xe ./src/kf32f_basic_gpio.o
 .text$GPIO_Read_Output_Data
                0x00000000        0x6 ./src/kf32f_basic_gpio.o
 .text$GPIO_Set_Output_Data_Bits
                0x00000000       0x16 ./src/kf32f_basic_gpio.o
 .text          0x00000000        0x0 ./src/kf32f_basic_gptim.o
 .data          0x00000000        0x0 ./src/kf32f_basic_gptim.o
 .bss           0x00000000        0x0 ./src/kf32f_basic_gptim.o
 .text$GPTIM_Configuration
                0x00000000       0x6a ./src/kf32f_basic_gptim.o
 .text$GPTIM_Struct_Init
                0x00000000       0x1e ./src/kf32f_basic_gptim.o
 .text$GPTIM_Cmd
                0x00000000        0xe ./src/kf32f_basic_gptim.o
 .text$GPTIM_Set_Counter
                0x00000000       0x1c ./src/kf32f_basic_gptim.o
 .text$GPTIM_Set_Period
                0x00000000       0x1c ./src/kf32f_basic_gptim.o
 .text$GPTIM_Set_Prescaler
                0x00000000       0x1c ./src/kf32f_basic_gptim.o
 .text$GPTIM_Counter_Mode_Config
                0x00000000       0x10 ./src/kf32f_basic_gptim.o
 .text$GPTIM_Clock_Config
                0x00000000        0xc ./src/kf32f_basic_gptim.o
 .text$GPTIM_External_Pulse_Sync_Config
                0x00000000        0xe ./src/kf32f_basic_gptim.o
 .text$GPTIM_Work_Mode_Config
                0x00000000        0xe ./src/kf32f_basic_gptim.o
 .text$GPTIM_Updata_Immediately_Config
                0x00000000        0xe ./src/kf32f_basic_gptim.o
 .text$GPTIM_Master_Slave_Snyc_Config
                0x00000000        0xe ./src/kf32f_basic_gptim.o
 .text$GPTIM_Trigger_Select_Config
                0x00000000       0x10 ./src/kf32f_basic_gptim.o
 .text$GPTIM_Slave_Mode_Config
                0x00000000        0xe ./src/kf32f_basic_gptim.o
 .text$GPTIM_Master_Mode_Config
                0x00000000        0xe ./src/kf32f_basic_gptim.o
 .text$GPTIM_Updata_Rising_Edge_Config
                0x00000000        0xe ./src/kf32f_basic_gptim.o
 .text$GPTIM_Updata_Enable
                0x00000000        0xe ./src/kf32f_basic_gptim.o
 .text$GPTIM_Trigger_DMA_Enable
                0x00000000        0xe ./src/kf32f_basic_gptim.o
 .text$GPTIM_Updata_DMA_Enable
                0x00000000        0xe ./src/kf32f_basic_gptim.o
 .text$GPTIM_Updata_INT_Enable
                0x00000000        0xe ./src/kf32f_basic_gptim.o
 .text$GPTIM_Trigger_INT_Enable
                0x00000000        0xe ./src/kf32f_basic_gptim.o
 .text$GPTIM_Generate_Trigger_Config
                0x00000000        0xe ./src/kf32f_basic_gptim.o
 .text$GPTIM_Get_Direction
                0x00000000        0xa ./src/kf32f_basic_gptim.o
 .text$GPTIM_Get_Counter
                0x00000000       0x20 ./src/kf32f_basic_gptim.o
 .text$GPTIM_Get_Period
                0x00000000       0x20 ./src/kf32f_basic_gptim.o
 .text$GPTIM_Get_Prescaler
                0x00000000       0x20 ./src/kf32f_basic_gptim.o
 .text$GPTIM_Overflow_INT_Enable
                0x00000000        0xe ./src/kf32f_basic_gptim.o
 .text$GPTIM_Clear_Overflow_INT_Flag
                0x00000000       0x14 ./src/kf32f_basic_gptim.o
 .text$GPTIM_Clear_Updata_INT_Flag
                0x00000000       0x14 ./src/kf32f_basic_gptim.o
 .text$GPTIM_Clear_Trigger_INT_Flag
                0x00000000       0x14 ./src/kf32f_basic_gptim.o
 .text$GPTIM_Get_Overflow_INT_Flag
                0x00000000        0xa ./src/kf32f_basic_gptim.o
 .text$GPTIM_Get_Updata_INT_Flag
                0x00000000        0xa ./src/kf32f_basic_gptim.o
 .text$GPTIM_Get_Trigger_INT_Flag
                0x00000000        0xa ./src/kf32f_basic_gptim.o
 .text$GPTIM_Get_Updata_DMA_INT_Flag
                0x00000000        0xa ./src/kf32f_basic_gptim.o
 .text$GPTIM_Get_Trigger_DMA_INT_Flag
                0x00000000        0xa ./src/kf32f_basic_gptim.o
 .text$CCP_Compare_Configuration
                0x00000000       0x36 ./src/kf32f_basic_gptim.o
 .text$CCP_Compare_Struct_Init
                0x00000000        0xc ./src/kf32f_basic_gptim.o
 .text$CCP_Capture_Configuration
                0x00000000       0x34 ./src/kf32f_basic_gptim.o
 .text$CCP_Capture_Struct_Init
                0x00000000       0x10 ./src/kf32f_basic_gptim.o
 .text$CCP_PWM_Configuration
                0x00000000       0x62 ./src/kf32f_basic_gptim.o
 .text$CCP_PWM_Struct_Init
                0x00000000       0x12 ./src/kf32f_basic_gptim.o
 .text$CCP_Capture_Mode_Config
                0x00000000       0x14 ./src/kf32f_basic_gptim.o
 .text$CCP_Compare_Mode_Config
                0x00000000       0x14 ./src/kf32f_basic_gptim.o
 .text$CCP_PWM_Mode_Config
                0x00000000       0x14 ./src/kf32f_basic_gptim.o
 .text$CCP_Get_Capture_Result
                0x00000000       0x24 ./src/kf32f_basic_gptim.o
 .text$CCP_Set_Compare_Result
                0x00000000       0x20 ./src/kf32f_basic_gptim.o
 .text$CCP_Get_Compare_Result
                0x00000000       0x24 ./src/kf32f_basic_gptim.o
 .text$CCP_Compare_PWM_Signal_Clear
                0x00000000       0x16 ./src/kf32f_basic_gptim.o
 .text$CCP_Compare_Check_Config
                0x00000000        0xc ./src/kf32f_basic_gptim.o
 .text$CCP_Channel_Output_Control
                0x00000000       0x14 ./src/kf32f_basic_gptim.o
 .text$CCP_Single_Pulse_Shut_Enable
                0x00000000        0xe ./src/kf32f_basic_gptim.o
 .text$CCP_Single_Pulse_Enable
                0x00000000        0xe ./src/kf32f_basic_gptim.o
 .text$CCP_PWM_Input_Measurement_Config
                0x00000000        0xe ./src/kf32f_basic_gptim.o
 .text$CCP_Input_XOR_Config
                0x00000000        0xe ./src/kf32f_basic_gptim.o
 .text$CCP_Channel_DMA_Config
                0x00000000       0x18 ./src/kf32f_basic_gptim.o
 .text$CCP_Generate_Trigger_Config
                0x00000000       0x18 ./src/kf32f_basic_gptim.o
 .text$CCP_USART_Receive_Config
                0x00000000        0xe ./src/kf32f_basic_gptim.o
 .text$CCP_Get_Channel_Trigger_INT_Flag
                0x00000000       0x12 ./src/kf32f_basic_gptim.o
 .text$CCP_Get_Trigger_DMA_INT_Flag
                0x00000000       0x12 ./src/kf32f_basic_gptim.o
 .text$CCP_Channel_INT_Config
                0x00000000       0x18 ./src/kf32f_basic_gptim.o
 .text$CCP_Clear_Channel_INT_Flag
                0x00000000       0x24 ./src/kf32f_basic_gptim.o
 .text          0x00000000        0x0 ./src/kf32f_basic_i2c.o
 .data          0x00000000        0x0 ./src/kf32f_basic_i2c.o
 .bss           0x00000000        0x0 ./src/kf32f_basic_i2c.o
 .text$I2C_Reset
                0x00000000       0xb0 ./src/kf32f_basic_i2c.o
 .text$I2C_Configuration
                0x00000000       0x34 ./src/kf32f_basic_i2c.o
 .text$I2C_Struct_Init
                0x00000000       0x16 ./src/kf32f_basic_i2c.o
 .text$I2C_Cmd  0x00000000        0xc ./src/kf32f_basic_i2c.o
 .text$I2C_Bufr_Address_Config
                0x00000000        0xc ./src/kf32f_basic_i2c.o
 .text$I2C_Generate_START
                0x00000000        0xc ./src/kf32f_basic_i2c.o
 .text$I2C_Generate_STOP
                0x00000000        0xc ./src/kf32f_basic_i2c.o
 .text$I2C_Ack_Config
                0x00000000        0xc ./src/kf32f_basic_i2c.o
 .text$I2C_Ack_DATA_Config
                0x00000000        0xc ./src/kf32f_basic_i2c.o
 .text$I2C_Call_Cmd
                0x00000000        0xc ./src/kf32f_basic_i2c.o
 .text$I2C_Clock_Config
                0x00000000        0xc ./src/kf32f_basic_i2c.o
 .text$I2C_MATCH_ADDRESS_Config
                0x00000000        0xc ./src/kf32f_basic_i2c.o
 .text$I2C_SCL_Enable
                0x00000000        0xc ./src/kf32f_basic_i2c.o
 .text$I2C_NMENA_Enable
                0x00000000        0xc ./src/kf32f_basic_i2c.o
 .text$I2C_SMBUS_Enable
                0x00000000        0xc ./src/kf32f_basic_i2c.o
 .text$I2C_SMBT_Config
                0x00000000        0xc ./src/kf32f_basic_i2c.o
 .text$I2C_SMBus_ALERT_Config
                0x00000000        0xc ./src/kf32f_basic_i2c.o
 .text$I2C_SendData
                0x00000000        0x4 ./src/kf32f_basic_i2c.o
 .text$I2C_SendData8
                0x00000000        0x6 ./src/kf32f_basic_i2c.o
 .text$I2C_ReceiveData
                0x00000000        0xc ./src/kf32f_basic_i2c.o
 .text$I2C_ARP_Enable
                0x00000000        0xc ./src/kf32f_basic_i2c.o
 .text$I2C_ADDR_Config
                0x00000000       0x30 ./src/kf32f_basic_i2c.o
 .text$I2C_MSK_Config
                0x00000000       0x30 ./src/kf32f_basic_i2c.o
 .text$I2C_BRGH_Config
                0x00000000       0x14 ./src/kf32f_basic_i2c.o
 .text$I2C_BRGL_Config
                0x00000000        0xc ./src/kf32f_basic_i2c.o
 .text$I2C_Start_INT_Enable
                0x00000000        0xe ./src/kf32f_basic_i2c.o
 .text$I2C_Stop_INT_Enable
                0x00000000        0xe ./src/kf32f_basic_i2c.o
 .text$I2C_Ack_Fail_INT_Enable
                0x00000000        0xe ./src/kf32f_basic_i2c.o
 .text$I2C_Arbitration_Lost_INT_Enable
                0x00000000        0xe ./src/kf32f_basic_i2c.o
 .text$I2C_SMBus_Alert_INT_Enable
                0x00000000        0xe ./src/kf32f_basic_i2c.o
 .text$I2C_SMBus_HostHead_INT_Enable
                0x00000000        0xe ./src/kf32f_basic_i2c.o
 .text$I2C_SMBus_Device_Defaultaddress_INT_Enable
                0x00000000        0xe ./src/kf32f_basic_i2c.o
 .text$I2C_ISIE_INT_Enable
                0x00000000        0xe ./src/kf32f_basic_i2c.o
 .text$I2C_Receive_DMA_INT_Enable
                0x00000000        0xe ./src/kf32f_basic_i2c.o
 .text$I2C_Transmit_DMA_INT_Enable
                0x00000000        0xe ./src/kf32f_basic_i2c.o
 .text$I2C_Get_Start_Flag
                0x00000000        0x8 ./src/kf32f_basic_i2c.o
 .text$I2C_Clear_Start_Flag
                0x00000000       0x14 ./src/kf32f_basic_i2c.o
 .text$I2C_Get_Stop_Flag
                0x00000000        0xa ./src/kf32f_basic_i2c.o
 .text$I2C_Clear_Stop_Flag
                0x00000000       0x14 ./src/kf32f_basic_i2c.o
 .text$I2C_Get_Address_Match_Flag
                0x00000000        0xa ./src/kf32f_basic_i2c.o
 .text$I2C_Get_HighAddress_Flag
                0x00000000        0xa ./src/kf32f_basic_i2c.o
 .text$I2C_Get_Data_Flag
                0x00000000        0xa ./src/kf32f_basic_i2c.o
 .text$I2C_Get_Ack_Fail_Flag
                0x00000000        0xa ./src/kf32f_basic_i2c.o
 .text$I2C_Clear_Ack_Fail_Flag
                0x00000000       0x14 ./src/kf32f_basic_i2c.o
 .text$I2C_Get_Arbitration_Lost_Flag
                0x00000000        0xa ./src/kf32f_basic_i2c.o
 .text$I2C_Clear_Arbitration_Lost_Flag
                0x00000000       0x14 ./src/kf32f_basic_i2c.o
 .text$I2C_Get_Write_Read_Flag
                0x00000000        0xa ./src/kf32f_basic_i2c.o
 .text$I2C_Get_SMBus_Alert_Flag
                0x00000000        0xa ./src/kf32f_basic_i2c.o
 .text$I2C_Clear_SMBus_Alert_Flag
                0x00000000       0x16 ./src/kf32f_basic_i2c.o
 .text$I2C_Get_SMBus_Host_Header_Flag
                0x00000000        0xa ./src/kf32f_basic_i2c.o
 .text$I2C_Clear_SMBus_Host_Header_Flag
                0x00000000       0x16 ./src/kf32f_basic_i2c.o
 .text$I2C_Get_SMBus_Device_Default_Flag
                0x00000000        0xa ./src/kf32f_basic_i2c.o
 .text$I2C_Clear_SMBus_Device_Default_Flag
                0x00000000       0x16 ./src/kf32f_basic_i2c.o
 .text$I2C_Get_INTERRUPT_Flag
                0x00000000        0xa ./src/kf32f_basic_i2c.o
 .text$I2C_Clear_INTERRUPT_Flag
                0x00000000       0x16 ./src/kf32f_basic_i2c.o
 .text$I2C_Get_Receive_Buff_Flag
                0x00000000        0xa ./src/kf32f_basic_i2c.o
 .text$I2C_Get_Transmit_Buff_Flag
                0x00000000        0xa ./src/kf32f_basic_i2c.o
 .text$I2C_Get_Receive_DMA_Flag
                0x00000000        0xa ./src/kf32f_basic_i2c.o
 .text$I2C_Get_Transmit_DMA_Flag
                0x00000000        0xa ./src/kf32f_basic_i2c.o
 .text          0x00000000        0x0 ./src/kf32f_basic_int.o
 .data          0x00000000        0x0 ./src/kf32f_basic_int.o
 .bss           0x00000000        0x0 ./src/kf32f_basic_int.o
 .text$INT_Get_Interrupt_Action
                0x00000000       0x14 ./src/kf32f_basic_int.o
 .text$INT_Get_Priority_Pending_Action
                0x00000000       0x14 ./src/kf32f_basic_int.o
 .text$INT_Priority_Base
                0x00000000       0x1c ./src/kf32f_basic_int.o
 .text$INT_Get_Priority_Base
                0x00000000       0x14 ./src/kf32f_basic_int.o
 .text$INT_Stack_Align_Config
                0x00000000       0x14 ./src/kf32f_basic_int.o
 .text$INT_Fault_Masking_Config
                0x00000000       0x14 ./src/kf32f_basic_int.o
 .text$INT_Get_Pre_Empty
                0x00000000       0x10 ./src/kf32f_basic_int.o
 .text$INT_Get_Pending_Flag
                0x00000000       0x10 ./src/kf32f_basic_int.o
 .text$INT_Priority_Group_Config
                0x00000000       0x14 ./src/kf32f_basic_int.o
 .text$INT_Get_Priority_Group
                0x00000000       0x10 ./src/kf32f_basic_int.o
 .text$INT_All_Enable
                0x00000000       0x14 ./src/kf32f_basic_int.o
 .text$INT_Interrupt_Enable
                0x00000000       0x60 ./src/kf32f_basic_int.o
 .text$INT_Set_Systick_Flag
                0x00000000        0xc ./src/kf32f_basic_int.o
 .text$INT_Set_PendSV_Flag
                0x00000000        0xc ./src/kf32f_basic_int.o
 .text$INT_Get_Interrupt_Flag
                0x00000000       0x56 ./src/kf32f_basic_int.o
 .text$INT_Clear_Interrupt_Flag
                0x00000000       0x62 ./src/kf32f_basic_int.o
 .text$INT_Interrupt_Priority_Config
                0x00000000       0x96 ./src/kf32f_basic_int.o
 .text$INT_Stack_Delay_Enable
                0x00000000       0x18 ./src/kf32f_basic_int.o
 .text$INT_External_Configuration
                0x00000000       0x6e ./src/kf32f_basic_int.o
 .text$INT_External_Struct_Init
                0x00000000        0xe ./src/kf32f_basic_int.o
 .text$INT_External_Mask_Enable
                0x00000000       0x1e ./src/kf32f_basic_int.o
 .text$INT_External_Rise_Enable
                0x00000000       0x1e ./src/kf32f_basic_int.o
 .text$INT_External_Fall_Enable
                0x00000000       0x1e ./src/kf32f_basic_int.o
 .text$INT_Get_External_Flag
                0x00000000       0x1c ./src/kf32f_basic_int.o
 .text$INT_External_Clear_Flag
                0x00000000       0x2c ./src/kf32f_basic_int.o
 .text$INT_External_Source_Enable
                0x00000000       0x34 ./src/kf32f_basic_int.o
 .text          0x00000000        0x0 ./src/kf32f_basic_iwdt.o
 .data          0x00000000        0x0 ./src/kf32f_basic_iwdt.o
 .bss           0x00000000        0x0 ./src/kf32f_basic_iwdt.o
 .text$IWDT_Prescaler_Config
                0x00000000       0x14 ./src/kf32f_basic_iwdt.o
 .text$IWDT_Overflow_Config
                0x00000000       0x18 ./src/kf32f_basic_iwdt.o
 .text$IWDT_Enable
                0x00000000       0x14 ./src/kf32f_basic_iwdt.o
 .text$IWDT_Feed_The_Dog
                0x00000000       0x10 ./src/kf32f_basic_iwdt.o
 .text          0x00000000        0x0 ./src/kf32f_basic_led.o
 .data          0x00000000        0x0 ./src/kf32f_basic_led.o
 .bss           0x00000000        0x0 ./src/kf32f_basic_led.o
 .text          0x00000000        0x0 ./src/kf32f_basic_op.o
 .data          0x00000000        0x0 ./src/kf32f_basic_op.o
 .bss           0x00000000        0x0 ./src/kf32f_basic_op.o
 .text          0x00000000        0x0 ./src/kf32f_basic_osc.o
 .data          0x00000000        0x0 ./src/kf32f_basic_osc.o
 .bss           0x00000000        0x0 ./src/kf32f_basic_osc.o
 .text$OSC_SCLK_Configuration
                0x00000000       0xac ./src/kf32f_basic_osc.o
 .text$OSC_HFCK_Configuration
                0x00000000       0xb2 ./src/kf32f_basic_osc.o
 .text$OSC_LFCK_Configuration
                0x00000000       0x3c ./src/kf32f_basic_osc.o
 .text$OSC_CK48M_Configuration
                0x00000000       0x8c ./src/kf32f_basic_osc.o
 .text$OSC_Struct_Init
                0x00000000        0xe ./src/kf32f_basic_osc.o
 .text$OSC_LFCK_Division_Config
                0x00000000       0x18 ./src/kf32f_basic_osc.o
 .text$OSC_LFCK_Source_Config
                0x00000000       0x10 ./src/kf32f_basic_osc.o
 .text$OSC_LFCK_Enable
                0x00000000       0x10 ./src/kf32f_basic_osc.o
 .text$OSC_Backup_Write_Read_Enable
                0x00000000       0x10 ./src/kf32f_basic_osc.o
 .text$OSC_SCLK_Output_Enable
                0x00000000       0x14 ./src/kf32f_basic_osc.o
 .text$OSC_SCLK_Output_Select
                0x00000000       0x18 ./src/kf32f_basic_osc.o
 .text$OSC_SCLK_Output_Division_Config
                0x00000000       0x18 ./src/kf32f_basic_osc.o
 .text$OSC_Clock_Failure_Check_Enable
                0x00000000       0x14 ./src/kf32f_basic_osc.o
 .text$OSC_CK48M_Division_Config
                0x00000000       0x12 ./src/kf32f_basic_osc.o
 .text$OSC_CK48M_Source_Config
                0x00000000       0x14 ./src/kf32f_basic_osc.o
 .text$OSC_CK48M_Enable
                0x00000000       0x14 ./src/kf32f_basic_osc.o
 .text$OSC_EXTHF_Start_Delay_Config
                0x00000000       0x18 ./src/kf32f_basic_osc.o
 .text$OSC_EXTLF_Start_Delay_Config
                0x00000000       0x18 ./src/kf32f_basic_osc.o
 .text$OSC_EXTHF_Software_Enable
                0x00000000       0x14 ./src/kf32f_basic_osc.o
 .text$OSC_EXTLF_Software_Enable
                0x00000000       0x14 ./src/kf32f_basic_osc.o
 .text$OSC_INTLF_Software_Enable
                0x00000000       0x14 ./src/kf32f_basic_osc.o
 .text$OSC_Zero_Drift_Config
                0x00000000       0x18 ./src/kf32f_basic_osc.o
 .text$OSC_Positive_Drift_Config
                0x00000000       0x18 ./src/kf32f_basic_osc.o
 .text$OSC_Negative_Drift_Config
                0x00000000       0x12 ./src/kf32f_basic_osc.o
 .text$OSC_Current_Gain_Config
                0x00000000       0x12 ./src/kf32f_basic_osc.o
 .text$OSC_High_Speed_Enable
                0x00000000       0x14 ./src/kf32f_basic_osc.o
 .text$OSC_External_Input_Enable
                0x00000000       0x14 ./src/kf32f_basic_osc.o
 .text$OSC_Feedback_Resistance_Config
                0x00000000       0x14 ./src/kf32f_basic_osc.o
 .text$OSC_PLL_Zero_Source_Enable
                0x00000000       0x14 ./src/kf32f_basic_osc.o
 .text$OSC_PLL_Vref2_Enable
                0x00000000       0x14 ./src/kf32f_basic_osc.o
 .text$OSC_PLL_Vref0p5_Enable
                0x00000000       0x14 ./src/kf32f_basic_osc.o
 .text$OSC_PLL_Vref1p2_Enable
                0x00000000       0x14 ./src/kf32f_basic_osc.o
 .text$OSC_PLL_Low_Power_20nA_Enable
                0x00000000       0x14 ./src/kf32f_basic_osc.o
 .text$OSC_PLL_Vref1p14_Enable
                0x00000000       0x14 ./src/kf32f_basic_osc.o
 .text$OSC_PLL_Low_Power_100nA_Enable
                0x00000000       0x14 ./src/kf32f_basic_osc.o
 .text$OSC_PLL_LDO_Enable
                0x00000000       0x14 ./src/kf32f_basic_osc.o
 .text$OSC_PLL_INT_Enable
                0x00000000       0x14 ./src/kf32f_basic_osc.o
 .text$OSC_EXTHF_INT_Enable
                0x00000000       0x14 ./src/kf32f_basic_osc.o
 .text$OSC_EXTLF_INT_Enable
                0x00000000       0x14 ./src/kf32f_basic_osc.o
 .text$OSC_INTHF_INT_Enable
                0x00000000       0x14 ./src/kf32f_basic_osc.o
 .text$OSC_INTLF_INT_Enable
                0x00000000       0x14 ./src/kf32f_basic_osc.o
 .text$OSC_Get_Clock_Failure_INT_Flag
                0x00000000        0xe ./src/kf32f_basic_osc.o
 .text$OSC_Get_EXTHF_INT_Flag
                0x00000000        0xe ./src/kf32f_basic_osc.o
 .text$OSC_Get_EXTLF_INT_Flag
                0x00000000        0xe ./src/kf32f_basic_osc.o
 .text$OSC_Get_INTLF_INT_Flag
                0x00000000        0xc ./src/kf32f_basic_osc.o
 .text          0x00000000        0x0 ./src/kf32f_basic_pclk.o
 .data          0x00000000        0x0 ./src/kf32f_basic_pclk.o
 .bss           0x00000000        0x0 ./src/kf32f_basic_pclk.o
 .text$PCLK_CTL0_Peripheral_Clock_Enable
                0x00000000       0x1a ./src/kf32f_basic_pclk.o
 .text$PCLK_CTL3_Peripheral_Clock_Enable
                0x00000000       0x1a ./src/kf32f_basic_pclk.o
 .text          0x00000000        0x0 ./src/kf32f_basic_pm.o
 .data          0x00000000        0x0 ./src/kf32f_basic_pm.o
 .bss           0x00000000        0x0 ./src/kf32f_basic_pm.o
 .text$PM_IO_Latch_Enable
                0x00000000       0x14 ./src/kf32f_basic_pm.o
 .text$PM_Get_IO_Latch_Status
                0x00000000        0xc ./src/kf32f_basic_pm.o
 .text$PM_Internal_Low_Frequency_Enable
                0x00000000       0x14 ./src/kf32f_basic_pm.o
 .text$PM_External_Low_Frequency_Enable
                0x00000000       0x14 ./src/kf32f_basic_pm.o
 .text$PM_External_Low_Frequency_Clock_Enable
                0x00000000       0x14 ./src/kf32f_basic_pm.o
 .text$PM_Main_Bandgap_Enable
                0x00000000       0x14 ./src/kf32f_basic_pm.o
 .text$PM_LDO18_Enable
                0x00000000       0x14 ./src/kf32f_basic_pm.o
 .text$PM_Backup_Registers_Reset_Config
                0x00000000       0x14 ./src/kf32f_basic_pm.o
 .text$PM_Independent_Watchdog_Reset_Config
                0x00000000       0x14 ./src/kf32f_basic_pm.o
 .text$PM_Backup_POR_Delay_Time_Config
                0x00000000       0x14 ./src/kf32f_basic_pm.o
 .text$PM_Main_POR_Delay_Time_Config
                0x00000000       0x14 ./src/kf32f_basic_pm.o
 .text$PM_Peripheral_IO_Port_Config
                0x00000000       0x14 ./src/kf32f_basic_pm.o
 .text$PM_Flash_Power_Off_Enable
                0x00000000       0x14 ./src/kf32f_basic_pm.o
 .text$PM_CCP0CLKLPEN_Enable
                0x00000000       0x14 ./src/kf32f_basic_pm.o
 .text$PM_Backup_Write_And_Read_Enable
                0x00000000       0x14 ./src/kf32f_basic_pm.o
 .text$PM_VREF_Software_Enable
                0x00000000       0x14 ./src/kf32f_basic_pm.o
 .text$PM_VREF_SELECT
                0x00000000       0x14 ./src/kf32f_basic_pm.o
 .text$PM_LPR_Software_Enable
                0x00000000       0x14 ./src/kf32f_basic_pm.o
 .text$PM_Low_Power_Mode_Config
                0x00000000       0x14 ./src/kf32f_basic_pm.o
 .text$PM_BOR_Enable
                0x00000000       0x14 ./src/kf32f_basic_pm.o
 .text$PM_Low_Power_BOR_Enable
                0x00000000       0x14 ./src/kf32f_basic_pm.o
 .text$PM_Temperature_Sensor_Enable
                0x00000000       0x14 ./src/kf32f_basic_pm.o
 .text$PM_Temperature_Sensor_Buffer_Enable
                0x00000000       0x14 ./src/kf32f_basic_pm.o
 .text$PM_Reference_Voltage_Enable
                0x00000000       0x14 ./src/kf32f_basic_pm.o
 .text$PM_Internal_Test_Buffer_Clock_Enable
                0x00000000       0x14 ./src/kf32f_basic_pm.o
 .text$PM_Internal_Test_Buffer_Clock_Scaler_Config
                0x00000000       0x18 ./src/kf32f_basic_pm.o
 .text$PM_PLL0_Output_Buffer_Enable
                0x00000000       0x14 ./src/kf32f_basic_pm.o
 .text$PM_PLL1_Output_Buffer_Enable
                0x00000000       0x14 ./src/kf32f_basic_pm.o
 .text$PM_PLL2_Output_Buffer_Enable
                0x00000000       0x14 ./src/kf32f_basic_pm.o
 .text$PM_PLL0LDO_Output_Buffer_Enable
                0x00000000       0x14 ./src/kf32f_basic_pm.o
 .text$PM_PLL1LDO_Output_Buffer_Enable
                0x00000000       0x14 ./src/kf32f_basic_pm.o
 .text$PM_PLL2LDO_Output_Buffer_Enable
                0x00000000       0x14 ./src/kf32f_basic_pm.o
 .text$PM_Battery_BOR_Config
                0x00000000       0x18 ./src/kf32f_basic_pm.o
 .text$PM_Battery_BOR_Enable
                0x00000000       0x14 ./src/kf32f_basic_pm.o
 .text$PM_Peripheral_Voltage_Monitoring_Enable
                0x00000000       0x14 ./src/kf32f_basic_pm.o
 .text$PM_Voltage_Detection_Config
                0x00000000       0x14 ./src/kf32f_basic_pm.o
 .text$PM_Voltage_Detection_Enable
                0x00000000       0x14 ./src/kf32f_basic_pm.o
 .text$PM_External_Wakeup_Pin_Enable
                0x00000000       0x22 ./src/kf32f_basic_pm.o
 .text$PM_External_Wakeup_Edge_Config
                0x00000000       0x22 ./src/kf32f_basic_pm.o
 .text$PM_Stop_Mode_Peripheral_INLF_Enable
                0x00000000       0x1e ./src/kf32f_basic_pm.o
 .text$PM_Peripheral_Reset_Config
                0x00000000       0x1e ./src/kf32f_basic_pm.o
 .text$PM_Vdd_Por_Enable
                0x00000000       0x14 ./src/kf32f_basic_pm.o
 .text$PM_Low_Power_Bandgap_Enable
                0x00000000       0x14 ./src/kf32f_basic_pm.o
 .text$PM_Power_Dissipation_Mode_Config
                0x00000000       0x14 ./src/kf32f_basic_pm.o
 .text$PM_Power_Dissipation_Mode_Delay_Config
                0x00000000       0x14 ./src/kf32f_basic_pm.o
 .text$PM_Internal_Test_Buffer_Enable
                0x00000000       0x14 ./src/kf32f_basic_pm.o
 .text$PM_Clear_Reset_And_Wakeup_Flag
                0x00000000       0x20 ./src/kf32f_basic_pm.o
 .text$PM_Get_IWDT_Reset_Flag
                0x00000000       0x30 ./src/kf32f_basic_pm.o
 .text$PM_Clear_External_Wakeup_Pin_Flag
                0x00000000       0x24 ./src/kf32f_basic_pm.o
 .text$PM_Get_Low_Power_Running_State
                0x00000000       0x10 ./src/kf32f_basic_pm.o
 .text$PM_Get_LPR_Status
                0x00000000       0x10 ./src/kf32f_basic_pm.o
 .text$PM_Get_Peripheral_Voltage_Detection_Status
                0x00000000       0x10 ./src/kf32f_basic_pm.o
 .text$PM_Zero_Drift_Current_Config
                0x00000000       0x14 ./src/kf32f_basic_pm.o
 .text$PM_BOR_Voltage_Config
                0x00000000       0x14 ./src/kf32f_basic_pm.o
 .text$PM_Main_Regulator_Voltage_Config
                0x00000000       0x18 ./src/kf32f_basic_pm.o
 .text$PM_Main_Regulator_HV_Enable
                0x00000000       0x14 ./src/kf32f_basic_pm.o
 .text$PM_Reference_Calibration_Config
                0x00000000       0x68 ./src/kf32f_basic_pm.o
 .text$PM_INTLF_Bias_Current_Config
                0x00000000       0x18 ./src/kf32f_basic_pm.o
 .text$PM_EXTLF_Bias_Current_Config
                0x00000000       0x14 ./src/kf32f_basic_pm.o
 .text$PM_INTLF_Capacitance_Calibration_Config
                0x00000000       0x18 ./src/kf32f_basic_pm.o
 .text$PM_LP_Bias_Calibration_Config
                0x00000000       0x18 ./src/kf32f_basic_pm.o
 .text$PM_LPBG_Pump_Calibration_Config
                0x00000000       0x18 ./src/kf32f_basic_pm.o
 .text$PM_EXTLF_N_Bias_Current_Config
                0x00000000       0x14 ./src/kf32f_basic_pm.o
 .text$PM_EXTLF_PIN_Selection_Config
                0x00000000       0x14 ./src/kf32f_basic_pm.o
 .text$PM_EXTHF_PIN_Selection_Config
                0x00000000       0x14 ./src/kf32f_basic_pm.o
 .text$PM_LDO18_Module_Config
                0x00000000       0x14 ./src/kf32f_basic_pm.o
 .text$PM_Main_Regulator_Bandgap_Config
                0x00000000       0x14 ./src/kf32f_basic_pm.o
 .text$PM_LPR_Module_Config
                0x00000000       0x14 ./src/kf32f_basic_pm.o
 .text          0x00000000        0x0 ./src/kf32f_basic_qei.o
 .data          0x00000000        0x0 ./src/kf32f_basic_qei.o
 .bss           0x00000000        0x0 ./src/kf32f_basic_qei.o
 .text$QEI_Reset
                0x00000000       0x60 ./src/kf32f_basic_qei.o
 .text$QEI_Configuration
                0x00000000       0x3e ./src/kf32f_basic_qei.o
 .text$QEI_Timer_Configuration
                0x00000000       0x1e ./src/kf32f_basic_qei.o
 .text$QEI_Struct_Init
                0x00000000       0x16 ./src/kf32f_basic_qei.o
 .text$QEI_Timer_Struct_Init
                0x00000000       0x10 ./src/kf32f_basic_qei.o
 .text$QEI_Encoder_Mode_Config
                0x00000000       0x10 ./src/kf32f_basic_qei.o
 .text$QEI_Location_Counter_Reset_Enable
                0x00000000        0xc ./src/kf32f_basic_qei.o
 .text$QEI_Timer_Source_Clock_Config
                0x00000000        0xc ./src/kf32f_basic_qei.o
 .text$QEI_Get_Index_Pin_State
                0x00000000        0xa ./src/kf32f_basic_qei.o
 .text$QEI_Location_Counter_Output_Enable
                0x00000000        0xc ./src/kf32f_basic_qei.o
 .text$QEI_Location_Counter_Direction_Config
                0x00000000        0xc ./src/kf32f_basic_qei.o
 .text$QEI_Get_Location_Counter_Direction
                0x00000000        0x8 ./src/kf32f_basic_qei.o
 .text$QEI_Source_Clock_Config
                0x00000000        0xc ./src/kf32f_basic_qei.o
 .text$QEI_Digital_Filter_Output_Enable
                0x00000000        0xe ./src/kf32f_basic_qei.o
 .text$QEI_Digital_Filter_Clock_Config
                0x00000000        0xe ./src/kf32f_basic_qei.o
 .text$QEI_Swap_Phase_AB_Enable
                0x00000000        0xe ./src/kf32f_basic_qei.o
 .text$QEI_Timer_Counter_Config
                0x00000000       0x14 ./src/kf32f_basic_qei.o
 .text$QEI_Get_Timer_Counter
                0x00000000        0x6 ./src/kf32f_basic_qei.o
 .text$QEI_Timer_Period_Config
                0x00000000       0x14 ./src/kf32f_basic_qei.o
 .text$QEI_Get_Timer_Period
                0x00000000        0x6 ./src/kf32f_basic_qei.o
 .text$QEI_Timer_Prescaler_Config
                0x00000000       0x14 ./src/kf32f_basic_qei.o
 .text$QEI_Get_INT_Flag
                0x00000000       0x10 ./src/kf32f_basic_qei.o
 .text$QEI_Clear_INT_Flag
                0x00000000       0x1c ./src/kf32f_basic_qei.o
 .text$QEI_Set_INT_Enable
                0x00000000       0x14 ./src/kf32f_basic_qei.o
 .text$QEI_Get_Counter_Overflow_INT_Flag
                0x00000000        0xa ./src/kf32f_basic_qei.o
 .text$QEI_Get_Phase_Error_INT_Flag
                0x00000000        0xa ./src/kf32f_basic_qei.o
 .text$QEI_Get_Count_Error_INT_Flag
                0x00000000        0xa ./src/kf32f_basic_qei.o
 .text$QEI_Clear_Timer_Overflow_INT_Flag
                0x00000000       0x14 ./src/kf32f_basic_qei.o
 .text$QEI_Clear_Phase_Error_INT_Flag
                0x00000000       0x14 ./src/kf32f_basic_qei.o
 .text$QEI_Clear_Counter_Error_INT_Flag
                0x00000000       0x14 ./src/kf32f_basic_qei.o
 .text$QEI_Timer_Overflow_INT_Enable
                0x00000000        0xe ./src/kf32f_basic_qei.o
 .text$QEI_Phase_Error_INT_Enable
                0x00000000        0xe ./src/kf32f_basic_qei.o
 .text$QEI_Counter_Error_INT_Enable
                0x00000000        0xe ./src/kf32f_basic_qei.o
 .text          0x00000000        0x0 ./src/kf32f_basic_rst.o
 .data          0x00000000        0x0 ./src/kf32f_basic_rst.o
 .bss           0x00000000        0x0 ./src/kf32f_basic_rst.o
 .text$RST_CTL0_Peripheral_Reset_Enable
                0x00000000       0x1a ./src/kf32f_basic_rst.o
 .text$RST_CTL3_Peripheral_Reset_Enable
                0x00000000       0x1a ./src/kf32f_basic_rst.o
 .text          0x00000000        0x0 ./src/kf32f_basic_rtc.o
 .data          0x00000000        0x0 ./src/kf32f_basic_rtc.o
 .bss           0x00000000        0x0 ./src/kf32f_basic_rtc.o
 .text$RTC_Reset
                0x00000000       0x1c ./src/kf32f_basic_rtc.o
 .text$RTC_Configuration
                0x00000000      0x150 ./src/kf32f_basic_rtc.o
 .text$RTC_Time_Struct_Init
                0x00000000        0xc ./src/kf32f_basic_rtc.o
 .text$RTC_Date_Struct_Init
                0x00000000        0xe ./src/kf32f_basic_rtc.o
 .text$RTC_Struct_Init
                0x00000000       0x1a ./src/kf32f_basic_rtc.o
 .text$RTC_Get_Time_Configuration
                0x00000000       0x70 ./src/kf32f_basic_rtc.o
 .text$RTC_Get_Date_Configuration
                0x00000000       0x6c ./src/kf32f_basic_rtc.o
 .text$RTC_Alarm_Configuration
                0x00000000      0x104 ./src/kf32f_basic_rtc.o
 .text$RTC_Alarm_Struct_Init
                0x00000000       0x18 ./src/kf32f_basic_rtc.o
 .text$RTC_Clock_Calibration_Config
                0x00000000       0x18 ./src/kf32f_basic_rtc.o
 .text$RTC_Time_Tick_Output_Enable
                0x00000000       0x14 ./src/kf32f_basic_rtc.o
 .text$RTC_Time_Stamp_Edge_Config
                0x00000000       0x14 ./src/kf32f_basic_rtc.o
 .text$RTC_Time_Stamp_Edge_Enable
                0x00000000       0x14 ./src/kf32f_basic_rtc.o
 .text$RTC_Add_One_Hour_Enable
                0x00000000       0x14 ./src/kf32f_basic_rtc.o
 .text$RTC_Sub_One_Hour_Enable
                0x00000000       0x14 ./src/kf32f_basic_rtc.o
 .text$RTC_Time_Tick_Config
                0x00000000       0x18 ./src/kf32f_basic_rtc.o
 .text$RTC_Start_Config
                0x00000000       0x1c ./src/kf32f_basic_rtc.o
 .text$RTC_Reset_Config
                0x00000000        0xc ./src/kf32f_basic_rtc.o
 .text$RTC_Get_Leap_Year_Flag
                0x00000000       0x10 ./src/kf32f_basic_rtc.o
 .text$RTC_Hour_Format_Config
                0x00000000       0x14 ./src/kf32f_basic_rtc.o
 .text$RTC_Config_Mode_Enable
                0x00000000       0x14 ./src/kf32f_basic_rtc.o
 .text$RTC_Get_Operation_Off_Flag
                0x00000000       0x10 ./src/kf32f_basic_rtc.o
 .text$RTC_Get_Action_State_Flag
                0x00000000       0x10 ./src/kf32f_basic_rtc.o
 .text$RTC_Enable
                0x00000000       0x14 ./src/kf32f_basic_rtc.o
 .text$RTC_Alarm_A_Enable
                0x00000000       0x14 ./src/kf32f_basic_rtc.o
 .text$RTC_Alarm_A_Weekday_Enable
                0x00000000       0x14 ./src/kf32f_basic_rtc.o
 .text$RTC_Alarm_A_Weekday_Config
                0x00000000       0x18 ./src/kf32f_basic_rtc.o
 .text$RTC_Alarm_A_Hours_Enable
                0x00000000       0x14 ./src/kf32f_basic_rtc.o
 .text$RTC_Alarm_A_AMPM_Config
                0x00000000       0x14 ./src/kf32f_basic_rtc.o
 .text$RTC_Alarm_A_Hours_Config
                0x00000000       0x2c ./src/kf32f_basic_rtc.o
 .text$RTC_Alarm_A_Minutes_Enable
                0x00000000       0x14 ./src/kf32f_basic_rtc.o
 .text$RTC_Alarm_A_Minutes_Config
                0x00000000       0x2c ./src/kf32f_basic_rtc.o
 .text$RTC_Alarm_A_Seconds_Enable
                0x00000000       0x14 ./src/kf32f_basic_rtc.o
 .text$RTC_Alarm_A_Seconds_Config
                0x00000000       0x28 ./src/kf32f_basic_rtc.o
 .text$RTC_Alarm_B_Enable
                0x00000000       0x14 ./src/kf32f_basic_rtc.o
 .text$RTC_Alarm_B_Weekday_Enable
                0x00000000       0x14 ./src/kf32f_basic_rtc.o
 .text$RTC_Alarm_B_Weekday_Config
                0x00000000       0x18 ./src/kf32f_basic_rtc.o
 .text$RTC_Alarm_B_Hours_Enable
                0x00000000       0x14 ./src/kf32f_basic_rtc.o
 .text$RTC_Alarm_B_AMPM_Config
                0x00000000       0x14 ./src/kf32f_basic_rtc.o
 .text$RTC_Alarm_B_Hours_Config
                0x00000000       0x2c ./src/kf32f_basic_rtc.o
 .text$RTC_Alarm_B_Minutes_Enable
                0x00000000       0x14 ./src/kf32f_basic_rtc.o
 .text$RTC_Alarm_B_Minutes_Config
                0x00000000       0x2c ./src/kf32f_basic_rtc.o
 .text$RTC_Alarm_B_Seconds_Enable
                0x00000000       0x14 ./src/kf32f_basic_rtc.o
 .text$RTC_Alarm_B_Seconds_Config
                0x00000000       0x28 ./src/kf32f_basic_rtc.o
 .text$RTC_Weekday_Config
                0x00000000       0x18 ./src/kf32f_basic_rtc.o
 .text$RTC_AMPM_Config
                0x00000000       0x14 ./src/kf32f_basic_rtc.o
 .text$RTC_Hours_Config
                0x00000000       0x2c ./src/kf32f_basic_rtc.o
 .text$RTC_Minutes_Config
                0x00000000       0x2c ./src/kf32f_basic_rtc.o
 .text$RTC_Seconds_Config
                0x00000000       0x28 ./src/kf32f_basic_rtc.o
 .text$RTC_Year_Config
                0x00000000       0x2c ./src/kf32f_basic_rtc.o
 .text$RTC_Month_Config
                0x00000000       0x18 ./src/kf32f_basic_rtc.o
 .text$RTC_Day_Config
                0x00000000       0x28 ./src/kf32f_basic_rtc.o
 .text$RTC_Weekday_Backup_Config
                0x00000000       0x18 ./src/kf32f_basic_rtc.o
 .text$RTC_AMPM_Backup_Config
                0x00000000       0x14 ./src/kf32f_basic_rtc.o
 .text$RTC_Hours_Backup_Config
                0x00000000       0x2c ./src/kf32f_basic_rtc.o
 .text$RTC_Minutes_Backup_Config
                0x00000000       0x2c ./src/kf32f_basic_rtc.o
 .text$RTC_Seconds_Backup_Config
                0x00000000       0x28 ./src/kf32f_basic_rtc.o
 .text$RTC_Year_Backup_Config
                0x00000000       0x2c ./src/kf32f_basic_rtc.o
 .text$RTC_Month_Backup_Config
                0x00000000       0x18 ./src/kf32f_basic_rtc.o
 .text$RTC_Day_Backup_Config
                0x00000000       0x28 ./src/kf32f_basic_rtc.o
 .text$RTC_Timer1_Config
                0x00000000       0x14 ./src/kf32f_basic_rtc.o
 .text$RTC_Timer0_Config
                0x00000000       0x18 ./src/kf32f_basic_rtc.o
 .text$RTC_Timer1_Enable
                0x00000000       0x14 ./src/kf32f_basic_rtc.o
 .text$RTC_Timer0_Enable
                0x00000000       0x14 ./src/kf32f_basic_rtc.o
 .text$RTC_Timer1_Source_Config
                0x00000000       0x1c ./src/kf32f_basic_rtc.o
 .text$RTC_Timer0_Source_Config
                0x00000000       0x18 ./src/kf32f_basic_rtc.o
 .text$RTC_Time_Stamp_INT_Enable
                0x00000000       0x14 ./src/kf32f_basic_rtc.o
 .text$RTC_Time_Stamp_Overflow_INT_Enable
                0x00000000       0x14 ./src/kf32f_basic_rtc.o
 .text$RTC_Timer1_INT_Enable
                0x00000000       0x14 ./src/kf32f_basic_rtc.o
 .text$RTC_Timer0_INT_Enable
                0x00000000       0x14 ./src/kf32f_basic_rtc.o
 .text$RTC_Time_Tick_INT_Enable
                0x00000000       0x14 ./src/kf32f_basic_rtc.o
 .text$RTC_Alarm_B_INT_Enable
                0x00000000       0x14 ./src/kf32f_basic_rtc.o
 .text$RTC_Alarm_A_INT_Enable
                0x00000000       0x14 ./src/kf32f_basic_rtc.o
 .text$RTC_Days_INT_Enable
                0x00000000       0x14 ./src/kf32f_basic_rtc.o
 .text$RTC_Hours_INT_Enable
                0x00000000       0x14 ./src/kf32f_basic_rtc.o
 .text$RTC_Minutes_INT_Enable
                0x00000000       0x14 ./src/kf32f_basic_rtc.o
 .text$RTC_Seconds_INT_Enable
                0x00000000       0x14 ./src/kf32f_basic_rtc.o
 .text$RTC_Get_Time_Stamp_INT_Flag
                0x00000000       0x10 ./src/kf32f_basic_rtc.o
 .text$RTC_Get_Time_Stamp_Overflow_INT_Flag
                0x00000000       0x10 ./src/kf32f_basic_rtc.o
 .text$RTC_Get_Timer1_INT_Flag
[...]
                0x00000000       0x14 ./src/kf32f_basic_usb.o
 .text$USB_Endpoint_Handshake_Enable
                0x00000000       0x18 ./src/kf32f_basic_usb.o
 .text$USB_Bidirectional_Endpoint_Enable
                0x00000000       0x18 ./src/kf32f_basic_usb.o
 .text$USB_Endpoint_Output_Enable
                0x00000000       0x18 ./src/kf32f_basic_usb.o
 .text$USB_Endpoint_Input_Enable
                0x00000000       0x18 ./src/kf32f_basic_usb.o
 .text$USB_Get_Endpoint_STALL_Flag
                0x00000000       0x14 ./src/kf32f_basic_usb.o
 .text$USB_Clear_Endpoint_STALL_Flag
                0x00000000       0x28 ./src/kf32f_basic_usb.o
 .text$USB_Debug_Signal_Output_Enable
                0x00000000       0x14 ./src/kf32f_basic_usb.o
 .text$USB_Debug_Output_Config
                0x00000000       0x14 ./src/kf32f_basic_usb.o
 .text$USB_Get_Endpoint_Double_Buffer_Addr
                0x00000000       0x9c ./src/kf32f_basic_usb.o
 .text$USB_Buffer_Configuration
                0x00000000       0x44 ./src/kf32f_basic_usb.o
 .text$USB_Buffer_Address_Config
                0x00000000        0xc ./src/kf32f_basic_usb.o
 .text$USB_Get_Buffer_Address
                0x00000000        0x6 ./src/kf32f_basic_usb.o
 .text$USB_Buffer_Data_Length_Config
                0x00000000       0x24 ./src/kf32f_basic_usb.o
 .text$USB_Get_Buffer_Data_Length
                0x00000000       0x18 ./src/kf32f_basic_usb.o
 .text$USB_Own_Config
                0x00000000        0xc ./src/kf32f_basic_usb.o
 .text$USB_Get_Own_Status
                0x00000000        0xa ./src/kf32f_basic_usb.o
 .text$USB_Data_Toggle_Sync_Config
                0x00000000        0xc ./src/kf32f_basic_usb.o
 .text$USB_Get_Data_Toggle_Sync_Status
                0x00000000        0xa ./src/kf32f_basic_usb.o
 .text$USB_Data_Toggle_Sync_Enable
                0x00000000        0xc ./src/kf32f_basic_usb.o
 .text$USB_Buffer_Stall_Enable
                0x00000000        0xc ./src/kf32f_basic_usb.o
 .text$USB_Get_Last_Receive_PID
                0x00000000        0xa ./src/kf32f_basic_usb.o
 .text$USB_Write_Buffer_Data
                0x00000000       0x10 ./src/kf32f_basic_usb.o
 .text$USB_Get_INT_Flag
                0x00000000       0x14 ./src/kf32f_basic_usb.o
 .text$USB_Clear_INT_Flag
                0x00000000       0x20 ./src/kf32f_basic_usb.o
 .text$USB_Set_INT_Enable
                0x00000000       0x1a ./src/kf32f_basic_usb.o
 .text$USB_Get_INT_Enable
                0x00000000       0x14 ./src/kf32f_basic_usb.o
 .text          0x00000000        0x0 ./src/kf32f_basic_wwdt.o
 .data          0x00000000        0x0 ./src/kf32f_basic_wwdt.o
 .bss           0x00000000        0x0 ./src/kf32f_basic_wwdt.o
 .text$WWDT_Reset
                0x00000000       0x24 ./src/kf32f_basic_wwdt.o
 .text$WWDT_Threshold_Config
                0x00000000       0x18 ./src/kf32f_basic_wwdt.o
 .text$WWDT_Prescaler_Config
                0x00000000       0x14 ./src/kf32f_basic_wwdt.o
 .text$WWDT_Enable
                0x00000000       0x14 ./src/kf32f_basic_wwdt.o
 .text$WWDT_Counter_Config
                0x00000000        0xc ./src/kf32f_basic_wwdt.o
 .text$WWDT_Get_Counter
                0x00000000       0x10 ./src/kf32f_basic_wwdt.o
 .text$WWDT_INT_Enable
                0x00000000       0x14 ./src/kf32f_basic_wwdt.o
 .text$WWDT_Get_INT_Flag
                0x00000000       0x10 ./src/kf32f_basic_wwdt.o
 .text$WWDT_Clear_INT_Flag
                0x00000000       0x18 ./src/kf32f_basic_wwdt.o
 .text          0x00000000        0x0 ./config/startup.o
 .data          0x00000000        0x0 ./config/startup.o
 .bss           0x00000000        0x0 ./config/startup.o
 .data          0x00000000        0x0 ./config/vector.o
 .bss           0x00000000        0x0 ./config/vector.o
 .text          0x00000000        0x0 ./USART_user.o
 .data          0x00000000        0x0 ./USART_user.o
 .bss           0x00000000        0x0 ./USART_user.o
 .text$USART_Sync_config
                0x00000000       0x6c ./USART_user.o
 .text$USART_ReceiveInt_config
                0x00000000       0x28 ./USART_user.o
 .text          0x00000000        0x0 ./flash.o
 .data          0x00000000        0x0 ./flash.o
 .bss           0x00000000        0x0 ./flash.o
 .text$FLASH_WriteCODE_ONE
                0x00000000       0x34 ./flash.o
 .text$FLASH_HALFPAGE_WRITECODE_fun
                0x00000000       0x34 ./flash.o
 .text$FLASH_READCODE_fun
                0x00000000       0x38 ./flash.o
 .text$FLASH_WriteCFG_ONE
                0x00000000       0x30 ./flash.o
 .text$FLASH_HALFPAGE_WRITECFG_fun
                0x00000000       0x34 ./flash.o
 .text$FLASH_PageWrite_CFG_fun
                0x00000000       0xb4 ./flash.o
 .text$FLASH_WriteByte
                0x00000000       0x34 ./flash.o
 .text$FLASH_WriteHalfWord
                0x00000000       0x34 ./flash.o
 .text$FLASH_WriteWord
                0x00000000       0x30 ./flash.o
 .text$FLASH_WriteNByte
                0x00000000       0x24 ./flash.o
 .text$FLASH_ReadByte
                0x00000000       0x14 ./flash.o
 .text$FLASH_ReadHalWord
                0x00000000       0x14 ./flash.o
 .text$FLASH_ReadWord
                0x00000000       0x14 ./flash.o
 .text$FLASH_ReadNByte
                0x00000000       0x28 ./flash.o
 .data$Flash_Buff1.5169
                0x00000000      0x200 ./flash.o
 .data$Flash_Buff2.5170
                0x00000000      0x200 ./flash.o
 .text          0x00000000        0x0 ./kf_it.o
 .data          0x00000000        0x0 ./kf_it.o
 .bss           0x00000000        0x0 ./kf_it.o
 .text          0x00000000        0x0 ./main.o
 .data          0x00000000        0x0 ./main.o
 .bss           0x00000000        0x0 ./main.o
 .text$delay    0x00000000       0x1c ./main.o
 .text$check_failed
                0x00000000        0x2 ./main.o
 .text          0x00000000        0x0 ./system_init.o
 .data          0x00000000        0x0 ./system_init.o
 .bss           0x00000000        0x0 ./system_init.o
 .text          0x00000000        0x0 ./ymodem.o
 .data          0x00000000        0x0 ./ymodem.o
 .bss           0x00000000        0x0 ./ymodem.o
 .text$UpdateCRC16
                0x00000000       0x30 ./ymodem.o
 .text$Cal_CRC16
                0x00000000       0x70 ./ymodem.o
 .text$CalChecksum
                0x00000000       0x18 ./ymodem.o
 .data          0x00000000        0x0 C:/Program Files (x86)/ChipON IDE/KungFu32/ChiponCC32/lib/ccr1_issue/libstring.a(memcpy.o)
 .bss           0x00000000        0x0 C:/Program Files (x86)/ChipON IDE/KungFu32/ChiponCC32/lib/ccr1_issue/libstring.a(memcpy.o)

@@@@@Memory Configuration

Name             Origin             Length             Attributes
flash            0x00000000         0x00080000
ram              0x10000000         0x00020000
da_mem           0x0c001c00         0x00000400
ee_mem           0x7f000000         0x00001000
config_mem1      0x31000000         0x00000010
config_mem2      0x31000010         0x00000010
*default*        0x00000000         0xffffffff

@@@@@Linker script and memory map

LOAD ./src/kf32f_basic_adc.o
LOAD ./src/kf32f_basic_aes.o
LOAD ./src/kf32f_basic_atim.o
LOAD ./src/kf32f_basic_bkp.o
LOAD ./src/kf32f_basic_btim.o
LOAD ./src/kf32f_basic_can.o
LOAD ./src/kf32f_basic_cfgl.o
LOAD ./src/kf32f_basic_cmp.o
LOAD ./src/kf32f_basic_crc.o
LOAD ./src/kf32f_basic_dac.o
LOAD ./src/kf32f_basic_dma.o
LOAD ./src/kf32f_basic_exic.o
LOAD ./src/kf32f_basic_flash.o
LOAD ./src/kf32f_basic_gpio.o
LOAD ./src/kf32f_basic_gptim.o
LOAD ./src/kf32f_basic_i2c.o
LOAD ./src/kf32f_basic_int.o
LOAD ./src/kf32f_basic_iwdt.o
LOAD ./src/kf32f_basic_led.o
LOAD ./src/kf32f_basic_op.o
LOAD ./src/kf32f_basic_osc.o
LOAD ./src/kf32f_basic_pclk.o
LOAD ./src/kf32f_basic_pm.o
LOAD ./src/kf32f_basic_qei.o
LOAD ./src/kf32f_basic_rst.o
LOAD ./src/kf32f_basic_rtc.o
LOAD ./src/kf32f_basic_spi.o
LOAD ./src/kf32f_basic_sysctl.o
LOAD ./src/kf32f_basic_systick.o
LOAD ./src/kf32f_basic_usart.o
LOAD ./src/kf32f_basic_usb.o
LOAD ./src/kf32f_basic_wwdt.o
LOAD ./config/startup.o
LOAD ./config/vector.o
LOAD ./USART_user.o
LOAD ./flash.o
LOAD ./kf_it.o
LOAD ./main.o
LOAD ./system_init.o
LOAD ./ymodem.o
LOAD C:/Program Files (x86)/ChipON IDE/KungFu32/ChiponCC32/lib/ccr1_issue/libmath.a
LOAD C:/Program Files (x86)/ChipON IDE/KungFu32/ChiponCC32/lib/ccr1_issue/libio.a
LOAD C:/Program Files (x86)/ChipON IDE/KungFu32/ChiponCC32/lib/ccr1_issue/libstring.a
LOAD C:/Program Files (x86)/ChipON IDE/KungFu32/ChiponCC32/lib/ccr1_issue/libstdlib.a
LOAD C:/Program Files (x86)/ChipON IDE/KungFu32/ChiponCC32/lib/ccr1_issue/libctype.a
LOAD C:/Program Files (x86)/ChipON IDE/KungFu32/ChiponCC32/lib/ccr1_issue/libcrtv1.a

.text           0x00000000      0xcf4
                0x00000000                . = 0x0
 *vector.o(.text)
 .text          0x00000000      0x200 ./config/vector.o
                0x00000000                _start
                0x00000200                . = ((. + 0x3) & 0xfffffffc)
                0x00000200                __vec_end__ = .
 *(.text*)
 .text$GPIO_Pin_Lock_Config
                0x00000200       0x1e ./src/kf32f_basic_gpio.o
                0x00000200                GPIO_Pin_Lock_Config
 .text$GPIO_Write_Mode_Bits
                0x0000021e       0x2c ./src/kf32f_basic_gpio.o
                0x0000021e                GPIO_Write_Mode_Bits
 .text$GPIO_Read_Input_Data_Bit
                0x0000024a        0xe ./src/kf32f_basic_gpio.o
                0x0000024a                GPIO_Read_Input_Data_Bit
 .text$GPIO_Toggle_Output_Data_Config
                0x00000258        0xa ./src/kf32f_basic_gpio.o
                0x00000258                GPIO_Toggle_Output_Data_Config
 .text$GPIO_Pin_RMP_Config
                0x00000262       0x24 ./src/kf32f_basic_gpio.o
                0x00000262                GPIO_Pin_RMP_Config
 *fill*         0x00000286        0x2 
 .text$OSC_HFCK_Division_Config
                0x00000288       0x18 ./src/kf32f_basic_osc.o
                0x00000288                OSC_HFCK_Division_Config
 .text$OSC_SCK_Division_Config
                0x000002a0       0x18 ./src/kf32f_basic_osc.o
                0x000002a0                OSC_SCK_Division_Config
 .text$OSC_PLL_Input_Source_Config
                0x000002b8       0x10 ./src/kf32f_basic_osc.o
                0x000002b8                OSC_PLL_Input_Source_Config
 .text$OSC_HFCK_Source_Config
                0x000002c8       0x18 ./src/kf32f_basic_osc.o
                0x000002c8                OSC_HFCK_Source_Config
 .text$OSC_HFCK_Enable
                0x000002e0       0x10 ./src/kf32f_basic_osc.o
                0x000002e0                OSC_HFCK_Enable
 .text$OSC_SCK_Source_Config
                0x000002f0       0x14 ./src/kf32f_basic_osc.o
                0x000002f0                OSC_SCK_Source_Config
 .text$OSC_PLL_Multiple_Value_Select
                0x00000304       0x94 ./src/kf32f_basic_osc.o
                0x00000304                OSC_PLL_Multiple_Value_Select
 .text$OSC_PLL_RST
                0x00000398        0xc ./src/kf32f_basic_osc.o
                0x00000398                OSC_PLL_RST
 .text$OSC_PLL_Start_Delay_Config
                0x000003a4       0x18 ./src/kf32f_basic_osc.o
                0x000003a4                OSC_PLL_Start_Delay_Config
 .text$OSC_PLL_Software_Enable
                0x000003bc       0x14 ./src/kf32f_basic_osc.o
                0x000003bc                OSC_PLL_Software_Enable
 .text$OSC_INTHF_Software_Enable
                0x000003d0       0x14 ./src/kf32f_basic_osc.o
                0x000003d0                OSC_INTHF_Software_Enable
 .text$OSC_Get_PLL_INT_Flag
                0x000003e4        0xe ./src/kf32f_basic_osc.o
                0x000003e4                OSC_Get_PLL_INT_Flag
 .text$OSC_Get_INTHF_INT_Flag
                0x000003f2        0xe ./src/kf32f_basic_osc.o
                0x000003f2                OSC_Get_INTHF_INT_Flag
 .text$PCLK_CTL1_Peripheral_Clock_Enable
                0x00000400       0x1a ./src/kf32f_basic_pclk.o
                0x00000400                PCLK_CTL1_Peripheral_Clock_Enable
 *fill*         0x0000041a        0x2 
 .text$PCLK_CTL2_Peripheral_Clock_Enable
                0x0000041c       0x1a ./src/kf32f_basic_pclk.o
                0x0000041c                PCLK_CTL2_Peripheral_Clock_Enable
 *fill*         0x00000436        0x2 
 .text$RST_CTL1_Peripheral_Reset_Enable
                0x00000438       0x1a ./src/kf32f_basic_rst.o
                0x00000438                RST_CTL1_Peripheral_Reset_Enable
 *fill*         0x00000452        0x2 
 .text$RST_CTL2_Peripheral_Reset_Enable
                0x00000454       0x1a ./src/kf32f_basic_rst.o
                0x00000454                RST_CTL2_Peripheral_Reset_Enable
 *fill*         0x0000046e        0x2 
 .text$USART_Reset
                0x00000470      0x164 ./src/kf32f_basic_usart.o
                0x00000470                USART_Reset
 .text$USART_Configuration
                0x000005d4       0x5c ./src/kf32f_basic_usart.o
                0x000005d4                USART_Configuration
 .text$USART_Struct_Init
                0x00000630       0x28 ./src/kf32f_basic_usart.o
                0x00000630                USART_Struct_Init
 .text$USART_Cmd
                0x00000658        0xc ./src/kf32f_basic_usart.o
                0x00000658                USART_Cmd
 .text$USART_SendData
                0x00000664        0x6 ./src/kf32f_basic_usart.o
                0x00000664                USART_SendData
 .text$USART_Get_Transmitter_Empty_Flag
                0x0000066a        0xa ./src/kf32f_basic_usart.o
                0x0000066a                USART_Get_Transmitter_Empty_Flag
 .text$USART_Clear_Transmit_BUFR_INT_Flag
                0x00000674       0x14 ./src/kf32f_basic_usart.o
                0x00000674                USART_Clear_Transmit_BUFR_INT_Flag
 .text$startup  0x00000688       0x6c ./config/startup.o
                0x00000688                startup
 .text$GPIO_USART
                0x000006f4       0x58 ./USART_user.o
                0x000006f4                GPIO_USART
 .text$USART_Send
                0x0000074c       0x30 ./USART_user.o
                0x0000074c                USART_Send
 .text$USART_Async_config
                0x0000077c       0x5c ./USART_user.o
                0x0000077c                USART_Async_config
 .text$FLASH_PageWrite_fun
                0x000007d8       0xb4 ./flash.o
                0x000007d8                FLASH_PageWrite_fun
 .text$_NMI_exception
                0x0000088c        0x4 ./kf_it.o
                0x0000088c                _NMI_exception
 .text$_HardFault_exception
                0x00000890        0x4 ./kf_it.o
                0x00000890                _HardFault_exception
 .text$_StackFault_exception
                0x00000894        0x4 ./kf_it.o
                0x00000894                _StackFault_exception
 .text$_SVC_exception
                0x00000898        0x4 ./kf_it.o
                0x00000898                _SVC_exception
 .text$_SoftSV_exception
                0x0000089c        0x4 ./kf_it.o
                0x0000089c                _SoftSV_exception
 .text$_SysTick_exception
                0x000008a0        0x4 ./kf_it.o
                0x000008a0                _SysTick_exception
 .text$main$sdata
                0x000008a4       0x2b ./main.o
 *fill*         0x000008cf        0x1 
 .text.startup.main
                0x000008d0      0x104 ./main.o
                0x000008d0                main
 .text$SystemInit
                0x000009d4       0x9c ./system_init.o
                0x000009d4                SystemInit
 .text$Receive_Byte
                0x00000a70       0x50 ./ymodem.o
 .text$Send_Byte
                0x00000ac0       0x24 ./ymodem.o
 .text$Ymodem_Receive
                0x00000ae4      0x1fc ./ymodem.o
                0x00000ae4                Ymodem_Receive
 .text          0x00000ce0       0x12 C:/Program Files (x86)/ChipON IDE/KungFu32/ChiponCC32/lib/ccr1_issue/libstring.a(memcpy.o)
                0x00000ce0                memcpy
 *(.rdata*)
 *(.rodata*)
                0x00000cf4                . = ((. + 0x3) & 0xfffffffc)
 *fill*         0x00000cf2        0x2 
 *(.usertext*)
 *(.userrdata*)
 *(.userrodata*)
                0x00000cf4                . = ((. + 0x3) & 0xfffffffc)
                0x00000cf4                __text_end__ = .

.data           0x10000000      0xba0
                0x10000000                . = ((. + 0x3) & 0xfffffffc)
                0x10000000                __data_start__ = .
 *(.ramvector*)
                0x10000000                . = ((. + 0x3) & 0xfffffffc)
 *(.lpdata*)
                0x10000000                . = ((. + 0x3) & 0xfffffffc)
 *(.indata*)
 .indata$FLASH_Wipe_Configuration_RAM
                0x10000000       0xbc ./src/kf32f_basic_flash.o
                0x10000000                FLASH_Wipe_Configuration_RAM
 .indata$FLASH_Program_Configuration_RAM
                0x100000bc      0x138 ./src/kf32f_basic_flash.o
                0x100000bc                FLASH_Program_Configuration_RAM
 *(.inrdata*)
 *(.inrodata*)
                0x100001f4                . = ((. + 0x3) & 0xfffffffc)
 *(.data*)
 .data$Flash_Buff1.5137
                0x100001f4      0x200 ./flash.o
 .data$Flash_Buff2.5138
                0x100003f4      0x200 ./flash.o
 .data$tab_133  0x100005f4       0x85 ./main.o
                0x100005f4                tab_133
 *fill*         0x10000679        0x3 
 .data$FlashDestination
                0x1000067c        0x4 ./ymodem.o
                0x1000067c                FlashDestination
                0x10000680                . = ((. + 0x3) & 0xfffffffc)
                0x10000680                __data_end__ = .
                0x10000680                . = ((. + 0x3) & 0xfffffffc)
                0x10000680                __bss_start__ = .
 *(COMMON)
 COMMON         0x10000680       0x14 ./flash.o
                0x10000680                flash_write
 COMMON         0x10000694        0x8 ./main.o
                0x10000694                JumpAddress
                0x10000698                Jump_To_Application
 *fill*         0x1000069c        0x4 
 COMMON         0x100006a0      0x500 ./ymodem.o
                0x100006a0                file_name
                0x100007a0                test
 *(.bss)
                0x10000ba0                . = ((. + 0x3) & 0xfffffffc)
                0x10000ba0                __bss_end__ = .
 *(.userdata*)
                0x10000ba0                __allot_end__ = .
                0x00020000                __initial_sp = 0x20000

.flashdata      0x0c001c00      0x400
 *(.flashdata)
                0x00000400                . = 0x400
 *fill*         0x0c001c00      0x400 

.eeprom         0x7f000000     0x1000
 *(.eeprom)
                0x00001000                . = 0x1000
 *fill*         0x7f000000     0x1000 

.config1
 *(.config1)

.config2
 *(.config2)

.stab
 *(.stab)

.stabstr
 *(.stabstr)

.stab.excl
 *(.stab.excl)

.stab.exclstr
 *(.stab.exclstr)

.stab.index
 *(.stab.index)

.stab.indexstr
 *(.stab.indexstr)

.comment
 *(.comment)

.debug
 *(.debug)

.line
 *(.line)

.debug_srcinfo
 *(.debug_srcinfo)

.debug_sfnames
 *(.debug_sfnames)

.debug_aranges
 *(.debug_aranges)

.debug_pubnames
 *(.debug_pubnames)

.debug_info
 *(.debug_info .gnu.linkonce.wi.*)

.debug_abbrev
 *(.debug_abbrev)

.debug_line
 *(.debug_line .debug_line.* .debug_line_end)

.debug_frame
 *(.debug_frame)

.debug_str
 *(.debug_str)

.debug_loc
 *(.debug_loc)

.debug_macinfo
 *(.debug_macinfo)

.debug_weaknames
 *(.debug_weaknames)

.debug_funcnames
 *(.debug_funcnames)

.debug_typenames
 *(.debug_typenames)

.debug_varnames
 *(.debug_varnames)

.debug_pubtypes
 *(.debug_pubtypes)

.debug_ranges
 *(.debug_ranges)

.debug_macro
 *(.debug_macro)

.gnu.attributes
 *(.gnu.attributes)

/DISCARD/
 *(.note.GNU-stack)
 *(.gnu_debuglink)
 *(.gnu.lto_*)
OUTPUT(KF32Fxxx_StdPeriph_Lib_V2.3.elf elf32-kungfu32-little)
