Archive member included because of file (symbol)

D:/ResearchSoftware/KungFu32/ChipONCC32/ccr1_issue/lib\libio.a(printf.o)
                              ./main.o (printf)
D:/ResearchSoftware/KungFu32/ChipONCC32/ccr1_issue/lib\libio.a(vfprintf.o)
                              D:/ResearchSoftware/KungFu32/ChipONCC32/ccr1_issue/lib\libio.a(printf.o) (vfprintf)
D:/ResearchSoftware/KungFu32/ChipONCC32/ccr1_issue/lib\libstring.a(strlen.o)
                              ./Middle/md5.o (strlen)
D:/ResearchSoftware/KungFu32/ChipONCC32/ccr1_issue/lib\libstring.a(mem_set_cpy_Fast.o)
                              ./Middle/md5.o (memcpy)
D:/ResearchSoftware/KungFu32/ChipONCC32/ccr1_issue/lib\libstdlib.a(ftoa.o)
                              D:/ResearchSoftware/KungFu32/ChipONCC32/ccr1_issue/lib\libio.a(vfprintf.o) (ftoa)
D:/ResearchSoftware/KungFu32/ChipONCC32/ccr1_issue/lib\libstdlib.a(itoa.o)
                              D:/ResearchSoftware/KungFu32/ChipONCC32/ccr1_issue/lib\libstdlib.a(ftoa.o) (uitoa)
D:/ResearchSoftware/KungFu32/ChipONCC32/ccr1_issue/lib\libstdlib.a(ltoa.o)
                              D:/ResearchSoftware/KungFu32/ChipONCC32/ccr1_issue/lib\libio.a(vfprintf.o) (ultoa)
D:/ResearchSoftware/KungFu32/ChipONCC32/ccr1_issue/lib\libctype.a(ctype_tab.o)
                              D:/ResearchSoftware/KungFu32/ChipONCC32/ccr1_issue/lib\libio.a(vfprintf.o) (_Ctype)
D:/ResearchSoftware/KungFu32/ChipONCC32/ccr1_issue/lib\libcrtv1.a(truncdfsf2.o)
                              D:/ResearchSoftware/KungFu32/ChipONCC32/ccr1_issue/lib\libio.a(vfprintf.o) (__truncdfsf2)
D:/ResearchSoftware/KungFu32/ChipONCC32/ccr1_issue/lib\libcrtv1.a(ChipMessageApi2.o)
                              D:/ResearchSoftware/KungFu32/ChipONCC32/ccr1_issue/lib\libio.a(vfprintf.o) (fputchar)

@@@@@Discarded input sections

 .text          0x00000000        0x0 ./BSP/bsp.o
 .data          0x00000000        0x0 ./BSP/bsp.o
 .bss           0x00000000        0x0 ./BSP/bsp.o
 .text$bsp_init
                0x00000000        0xc ./BSP/bsp.o
 .comment       0x00000000       0x27 ./BSP/bsp.o
 .text          0x00000000        0x0 ./BSP/bsp_flash.o
 .data          0x00000000        0x0 ./BSP/bsp_flash.o
 .bss           0x00000000        0x0 ./BSP/bsp_flash.o
 .text$FLASH_WriteCODE_ONE
                0x00000000       0x30 ./BSP/bsp_flash.o
 .text$FLASH_HALFPAGE_WRITECODE_fun
                0x00000000       0x30 ./BSP/bsp_flash.o
 .text$FLASH_PageWrite_fun
                0x00000000       0xb0 ./BSP/bsp_flash.o
 .text$FLASH_READCODE_fun
                0x00000000       0x36 ./BSP/bsp_flash.o
 .text$FLASH_WriteCFG_ONE
                0x00000000       0x2c ./BSP/bsp_flash.o
 .text$FLASH_HALFPAGE_WRITECFG_fun
                0x00000000       0x30 ./BSP/bsp_flash.o
 .text$FLASH_PageWrite_CFG_fun
                0x00000000       0xb0 ./BSP/bsp_flash.o
 .text$FLASH_WriteHalfWord
                0x00000000       0x30 ./BSP/bsp_flash.o
 .text$FLASH_WriteWord
                0x00000000       0x2c ./BSP/bsp_flash.o
 .text$FLASH_WriteNByte
                0x00000000       0x22 ./BSP/bsp_flash.o
 .text$FLASH_ReadHalWord
                0x00000000       0x12 ./BSP/bsp_flash.o
 .text$FLASH_ReadWord
                0x00000000       0x12 ./BSP/bsp_flash.o
 .text$FlashReadNByte
                0x00000000       0x16 ./BSP/bsp_flash.o
 .bss$static$Flash_Buff1.2717
                0x00000000      0x200 ./BSP/bsp_flash.o
 .bss$static$Flash_Buff2.2718
                0x00000000      0x200 ./BSP/bsp_flash.o
 .bss$static$Flash_Buff1.2749
                0x00000000      0x200 ./BSP/bsp_flash.o
 .bss$static$Flash_Buff2.2750
                0x00000000      0x200 ./BSP/bsp_flash.o
 .comment       0x00000000       0x27 ./BSP/bsp_flash.o
 .text          0x00000000        0x0 ./BSP/bsp_usart.o
 .data          0x00000000        0x0 ./BSP/bsp_usart.o
 .bss           0x00000000        0x0 ./BSP/bsp_usart.o
 .text$bsp_usart_init
                0x00000000      0x124 ./BSP/bsp_usart.o
 .rdata$COM_GPIO_PORT
                0x00000000       0x10 ./BSP/bsp_usart.o
 .rdata$COM_TX_PIN
                0x00000000        0x8 ./BSP/bsp_usart.o
 .rdata$COM_TX_PIN_NUM
                0x00000000        0x8 ./BSP/bsp_usart.o
 .rdata$COM_TX_PIN_RMP
                0x00000000        0x4 ./BSP/bsp_usart.o
 .rdata$COM_RX_PIN
                0x00000000        0x8 ./BSP/bsp_usart.o
 .rdata$COM_RX_PIN_NUM
                0x00000000        0x8 ./BSP/bsp_usart.o
 .rdata$COM_RX_PIN_RMP
                0x00000000        0x4 ./BSP/bsp_usart.o
 .rdata$COM_BAUD
                0x00000000       0x10 ./BSP/bsp_usart.o
 .rdata$COM_USART
                0x00000000       0x10 ./BSP/bsp_usart.o
 .comment       0x00000000       0x27 ./BSP/bsp_usart.o
 .text          0x00000000        0x0 ./Driver/iap.o
 .data          0x00000000        0x0 ./Driver/iap.o
 .bss           0x00000000        0x0 ./Driver/iap.o
 .comment       0x00000000       0x27 ./Driver/iap.o
 .text          0x00000000        0x0 ./KF32_EVAL.o
 .data          0x00000000        0x0 ./KF32_EVAL.o
 .bss           0x00000000        0x0 ./KF32_EVAL.o
 .text$kf_eval_led_on
                0x00000000       0x24 ./KF32_EVAL.o
 .comment       0x00000000       0x27 ./KF32_EVAL.o
 .text          0x00000000        0x0 ./kf_it.o
 .data          0x00000000        0x0 ./kf_it.o
 .bss           0x00000000        0x0 ./kf_it.o
 .comment       0x00000000       0x27 ./kf_it.o
 .text          0x00000000        0x0 ./main.o
 .data          0x00000000        0x0 ./main.o
 .bss           0x00000000        0x0 ./main.o
 .comment       0x00000000       0x27 ./main.o
 .text          0x00000000        0x0 ./system_init.o
 .data          0x00000000        0x0 ./system_init.o
 .bss           0x00000000        0x0 ./system_init.o
 .text$systick_delay_init
                0x00000000       0x48 ./system_init.o
 .text$systick_delay_us
                0x00000000       0x3c ./system_init.o
 .text$systick_delay_ms
                0x00000000       0x3c ./system_init.o
 .text$SystemCoreClockUpdate
                0x00000000       0xcc ./system_init.o
 .data$init$SystemCoreClock
                0x00000000        0x4 ./system_init.o
 .bss$static$fac_us
                0x00000000        0x1 ./system_init.o
 .bss$static$fac_ms
                0x00000000        0x2 ./system_init.o
 .comment       0x00000000       0x27 ./system_init.o
 .text          0x00000000        0x0 ./Middle/boot.o
 .data          0x00000000        0x0 ./Middle/boot.o
 .bss           0x00000000        0x0 ./Middle/boot.o
 .text$iap_is_app_valid
                0x00000000       0x2a ./Middle/boot.o
 .text$iap_jump_to_app
                0x00000000       0x14 ./Middle/boot.o
 .comment       0x00000000       0x27 ./Middle/boot.o
 .text          0x00000000        0x0 ./Middle/delay.o
 .data          0x00000000        0x0 ./Middle/delay.o
 .bss           0x00000000        0x0 ./Middle/delay.o
 .comment       0x00000000       0x27 ./Middle/delay.o
 .text          0x00000000        0x0 ./Middle/md5.o
 .data          0x00000000        0x0 ./Middle/md5.o
 .bss           0x00000000        0x0 ./Middle/md5.o
 .text$rotateLeft
                0x00000000        0x8 ./Middle/md5.o
 .text$md5Init  0x00000000       0x30 ./Middle/md5.o
 .text$md5Step  0x00000000       0xe8 ./Middle/md5.o
 .text$md5Update
                0x00000000       0x8c ./Middle/md5.o
 .text$md5Finalize
                0x00000000       0xcc ./Middle/md5.o
 .text$md5String
                0x00000000       0x54 ./Middle/md5.o
 .bss$comm$ctx  0x00000000       0x68 ./Middle/md5.o
 .data$static$PADDING
                0x00000000       0x40 ./Middle/md5.o
 .rdata$K       0x00000000      0x100 ./Middle/md5.o
 .rdata$S       0x00000000       0x40 ./Middle/md5.o
 .comment       0x00000000       0x27 ./Middle/md5.o
 .text          0x00000000        0x0 ./Middle/ymodem.o
 .data          0x00000000        0x0 ./Middle/ymodem.o
 .bss           0x00000000        0x0 ./Middle/ymodem.o
 .text$Receive_Byte
                0x00000000       0x50 ./Middle/ymodem.o
 .text$Send_Byte
                0x00000000       0x1c ./Middle/ymodem.o
 .text$Ymodem_Receive
                0x00000000      0x1aa ./Middle/ymodem.o
 .text$UpdateCRC16
                0x00000000       0x30 ./Middle/ymodem.o
 .text$Cal_CRC16
                0x00000000       0x70 ./Middle/ymodem.o
 .text$CalChecksum
                0x00000000       0x18 ./Middle/ymodem.o
 .bss$comm$test
                0x00000000      0x400 ./Middle/ymodem.o
 .data$init$FlashDestination
                0x00000000        0x4 ./Middle/ymodem.o
 .bss$comm$file_name
                0x00000000      0x100 ./Middle/ymodem.o
 .comment       0x00000000       0x27 ./Middle/ymodem.o
 .text          0x00000000        0x0 ./Peripherals/src/kf32f_basic_adc.o
 .data          0x00000000        0x0 ./Peripherals/src/kf32f_basic_adc.o
 .bss           0x00000000        0x0 ./Peripherals/src/kf32f_basic_adc.o
 .text$ADC_Reset
                0x00000000       0x5e ./Peripherals/src/kf32f_basic_adc.o
 .text$ADC_Configuration
                0x00000000       0x6c ./Peripherals/src/kf32f_basic_adc.o
 .text$ADC_Struct_Init
                0x00000000       0x22 ./Peripherals/src/kf32f_basic_adc.o
 .text$ADC_Delay_Configuration
                0x00000000       0x24 ./Peripherals/src/kf32f_basic_adc.o
 .text$ADC_Delay_Struct_Init
                0x00000000        0xa ./Peripherals/src/kf32f_basic_adc.o
 .text$ADC_Cmd  0x00000000        0xc ./Peripherals/src/kf32f_basic_adc.o
 .text$ADC_Analog_Watchdog_Configuration
                0x00000000       0x48 ./Peripherals/src/kf32f_basic_adc.o
 .text$ADC_Analog_Watchdog_Struct_Init
                0x00000000       0x10 ./Peripherals/src/kf32f_basic_adc.o
 .text$ADC_Watchdog_Single_Channel_Enable
                0x00000000        0xc ./Peripherals/src/kf32f_basic_adc.o
 .text$ADC_Scan_Mode_Enable
                0x00000000        0xc ./Peripherals/src/kf32f_basic_adc.o
 .text$ADC_Bosssel_Comparator_Calibration
                0x00000000        0xc ./Peripherals/src/kf32f_basic_adc.o
 .text$ADC_Bosssel_Calibration
                0x00000000        0xc ./Peripherals/src/kf32f_basic_adc.o
 .text$ADC_Trim_Current_Intensity_Bias
                0x00000000        0xc ./Peripherals/src/kf32f_basic_adc.o
 .text$ADC_Analog_Clock_Config
                0x00000000       0x10 ./Peripherals/src/kf32f_basic_adc.o
 .text$ADC_Data_Align_Config
                0x00000000        0xa ./Peripherals/src/kf32f_basic_adc.o
 .text$ADC_Clock_Source_Config
                0x00000000        0xc ./Peripherals/src/kf32f_basic_adc.o
 .text$ADC_Regular_Channel_DMA_Cmd
                0x00000000        0xc ./Peripherals/src/kf32f_basic_adc.o
 .text$ADC_High_Priority_Channel_DMA_Cmd
                0x00000000       0x14 ./Peripherals/src/kf32f_basic_adc.o
 .text$ADC_Double_Mode_Config
                0x00000000       0x18 ./Peripherals/src/kf32f_basic_adc.o
 .text$ADC_Reference_Voltage_Config
                0x00000000       0x10 ./Peripherals/src/kf32f_basic_adc.o
 .text$ADC_Analog_Watchdog_Channel_Config
                0x00000000       0x10 ./Peripherals/src/kf32f_basic_adc.o
 .text$ADC_Regular_Channel_Watchdog_Enable
                0x00000000        0xc ./Peripherals/src/kf32f_basic_adc.o
 .text$ADC_External_Trig_Conv_Enable
                0x00000000        0xe ./Peripherals/src/kf32f_basic_adc.o
 .text$ADC_External_Trig_Conv_Config
                0x00000000       0x10 ./Peripherals/src/kf32f_basic_adc.o
 .text$ADC_Regular_Channel_Config
                0x00000000       0x6e ./Peripherals/src/kf32f_basic_adc.o
 .text$ADC_Regular_Sequencer_Length_Config
                0x00000000       0x14 ./Peripherals/src/kf32f_basic_adc.o
 .text$ADC_Regular_Channel_TxCCRy_Trig_Enable
                0x00000000       0x18 ./Peripherals/src/kf32f_basic_adc.o
 .text$ADC_Software_Start_Conv
                0x00000000        0x6 ./Peripherals/src/kf32f_basic_adc.o
 .text$ADC_Continuous_Mode_Cmd
                0x00000000        0xc ./Peripherals/src/kf32f_basic_adc.o
 .text$ADC_Disc_Mode_Channel_Count_Config
                0x00000000       0x18 ./Peripherals/src/kf32f_basic_adc.o
 .text$ADC_Disc_Mode_Cmd
                0x00000000        0xc ./Peripherals/src/kf32f_basic_adc.o
 .text$ADC_Get_Conversion_Value
                0x00000000        0x6 ./Peripherals/src/kf32f_basic_adc.o
 .text$ADC_High_Priority_Watchdog_Enable
                0x00000000        0xc ./Peripherals/src/kf32f_basic_adc.o
 .text$ADC_HPExternal_Trig_Conv_Enable
                0x00000000        0xe ./Peripherals/src/kf32f_basic_adc.o
 .text$ADC_High_Priority_Channel_Config
                0x00000000       0x1a ./Peripherals/src/kf32f_basic_adc.o
 .text$ADC_High_Priority_Sequencer_Length_Config
                0x00000000       0x10 ./Peripherals/src/kf32f_basic_adc.o
 .text$ADC_Set_HPChannel_Conv_Value_Offset
                0x00000000        0x4 ./Peripherals/src/kf32f_basic_adc.o
 .text$ADC_HPExternal_Trig_Conv_Config
                0x00000000       0x10 ./Peripherals/src/kf32f_basic_adc.o
 .text$ADC_Software_HPStart_Conv
                0x00000000        0x6 ./Peripherals/src/kf32f_basic_adc.o
 .text$ADC_HPAuto_Conv_Cmd
                0x00000000        0xc ./Peripherals/src/kf32f_basic_adc.o
 .text$ADC_HPDisc_Mode_Cmd
                0x00000000        0xc ./Peripherals/src/kf32f_basic_adc.o
 .text$ADC_Get_HPConversion_Data
                0x00000000        0x8 ./Peripherals/src/kf32f_basic_adc.o
 .text$ADC_Set_INT_Enable
                0x00000000       0x1c ./Peripherals/src/kf32f_basic_adc.o
 .text$ADC_Get_INT_Flag
                0x00000000       0x18 ./Peripherals/src/kf32f_basic_adc.o
 .text$ADC_Clear_INT_Flag
                0x00000000       0x2c ./Peripherals/src/kf32f_basic_adc.o
 .text$ADC_Get_INT_Status
                0x00000000       0x18 ./Peripherals/src/kf32f_basic_adc.o
 .comment       0x00000000       0x27 ./Peripherals/src/kf32f_basic_adc.o
 .text          0x00000000        0x0 ./Peripherals/src/kf32f_basic_atim.o
 .data          0x00000000        0x0 ./Peripherals/src/kf32f_basic_atim.o
 .bss           0x00000000        0x0 ./Peripherals/src/kf32f_basic_atim.o
 .text$ATIM_X_Configuration
                0x00000000       0x34 ./Peripherals/src/kf32f_basic_atim.o
 .text$ATIM_Z_Configuration
                0x00000000       0x34 ./Peripherals/src/kf32f_basic_atim.o
 .text$ATIM_Struct_Init
                0x00000000       0x1c ./Peripherals/src/kf32f_basic_atim.o
 .text$ATIM_X_Cmd
                0x00000000        0xe ./Peripherals/src/kf32f_basic_atim.o
 .text$ATIM_Z_Cmd
                0x00000000        0xe ./Peripherals/src/kf32f_basic_atim.o
 .text$ATIM_X_Updata_Configuration
                0x00000000       0x1a ./Peripherals/src/kf32f_basic_atim.o
 .text$ATIM_Z_Updata_Configuration
                0x00000000       0x1a ./Peripherals/src/kf32f_basic_atim.o
 .text$ATIM_X_Updata_Cmd
                0x00000000       0x10 ./Peripherals/src/kf32f_basic_atim.o
 .text$ATIM_Z_Updata_Cmd
                0x00000000       0x10 ./Peripherals/src/kf32f_basic_atim.o
 .text$ATIM_X_Set_Counter
                0x00000000        0x6 ./Peripherals/src/kf32f_basic_atim.o
 .text$ATIM_Z_Set_Counter
                0x00000000        0x6 ./Peripherals/src/kf32f_basic_atim.o
 .text$ATIM_X_Set_Period
                0x00000000        0x6 ./Peripherals/src/kf32f_basic_atim.o
 .text$ATIM_Z_Set_Period
                0x00000000        0x6 ./Peripherals/src/kf32f_basic_atim.o
 .text$ATIM_X_Set_Prescaler
                0x00000000        0x6 ./Peripherals/src/kf32f_basic_atim.o
 .text$ATIM_Z_Set_Prescaler
                0x00000000        0x6 ./Peripherals/src/kf32f_basic_atim.o
 .text$ATIM_X_Counter_Mode_Config
                0x00000000       0x10 ./Peripherals/src/kf32f_basic_atim.o
 .text$ATIM_Z_Counter_Mode_Config
                0x00000000       0x10 ./Peripherals/src/kf32f_basic_atim.o
 .text$ATIM_X_Clock_Config
                0x00000000        0xc ./Peripherals/src/kf32f_basic_atim.o
 .text$ATIM_Z_Clock_Config
                0x00000000        0xc ./Peripherals/src/kf32f_basic_atim.o
 .text$ATIM_X_Postscaler_Config
                0x00000000       0x10 ./Peripherals/src/kf32f_basic_atim.o
 .text$ATIM_Z_Postscaler_Config
                0x00000000       0x10 ./Peripherals/src/kf32f_basic_atim.o
 .text$ATIM_X_External_Pulse_Sync_Config
                0x00000000        0xe ./Peripherals/src/kf32f_basic_atim.o
 .text$ATIM_Z_External_Pulse_Sync_Config
                0x00000000        0xe ./Peripherals/src/kf32f_basic_atim.o
 .text$ATIM_X_Work_Mode_Config
                0x00000000        0xe ./Peripherals/src/kf32f_basic_atim.o
 .text$ATIM_Z_Work_Mode_Config
                0x00000000        0xe ./Peripherals/src/kf32f_basic_atim.o
 .text$ATIM_X_Get_Direction
                0x00000000        0xa ./Peripherals/src/kf32f_basic_atim.o
 .text$ATIM_Z_Get_Direction
                0x00000000        0xa ./Peripherals/src/kf32f_basic_atim.o
 .text$ATIM_X_Overflow_AD_Enable
                0x00000000        0xe ./Peripherals/src/kf32f_basic_atim.o
 .text$ATIM_Z_Overflow_AD_Enable
                0x00000000        0xe ./Peripherals/src/kf32f_basic_atim.o
 .text$ATIM_X_Underflow_AD_Enable
                0x00000000        0xe ./Peripherals/src/kf32f_basic_atim.o
 .text$ATIM_Z_Underflow_AD_Enable
                0x00000000        0xe ./Peripherals/src/kf32f_basic_atim.o
 .text$ATIM_X_TriggerAD_Config
                0x00000000        0xe ./Peripherals/src/kf32f_basic_atim.o
 .text$ATIM_Z_TriggerAD_Config
                0x00000000        0xe ./Peripherals/src/kf32f_basic_atim.o
 .text$ATIM_X_Set_TriggerAD_Signal
                0x00000000        0xa ./Peripherals/src/kf32f_basic_atim.o
 .text$ATIM_Z_Set_TriggerAD_Signal
                0x00000000        0x6 ./Peripherals/src/kf32f_basic_atim.o
 .text$ATIM_X_Updata_Immediately_Config
                0x00000000       0x10 ./Peripherals/src/kf32f_basic_atim.o
 .text$ATIM_Z_Updata_Immediately_Config
                0x00000000       0x10 ./Peripherals/src/kf32f_basic_atim.o
 .text$ATIM_X_Updata_Output_Ctl
                0x00000000       0x10 ./Peripherals/src/kf32f_basic_atim.o
 .text$ATIM_Z_Updata_Output_Ctl
                0x00000000       0x10 ./Peripherals/src/kf32f_basic_atim.o
 .text$ATIM_X_Updata_Enable
                0x00000000       0x10 ./Peripherals/src/kf32f_basic_atim.o
 .text$ATIM_Z_Updata_Enable
                0x00000000       0x10 ./Peripherals/src/kf32f_basic_atim.o
 .text$ATIM_X_Set_Updata_Counter
                0x00000000        0x8 ./Peripherals/src/kf32f_basic_atim.o
 .text$ATIM_Z_Set_Updata_Counter
                0x00000000        0x8 ./Peripherals/src/kf32f_basic_atim.o
 .text$ATIM_X_Slave_Mode_Config
                0x00000000       0x12 ./Peripherals/src/kf32f_basic_atim.o
 .text$ATIM_Z_Slave_Mode_Config
                0x00000000       0x14 ./Peripherals/src/kf32f_basic_atim.o
 .text$ATIM_Master_Mode_Config
                0x00000000       0x10 ./Peripherals/src/kf32f_basic_atim.o
 .text$ATIM_Master_Slave_Snyc_Enable
                0x00000000       0x10 ./Peripherals/src/kf32f_basic_atim.o
 .text$ATIM_Trigger_Select_Config
                0x00000000       0x14 ./Peripherals/src/kf32f_basic_atim.o
 .text$ATIM_Timer_Unite_Enable
                0x00000000       0x10 ./Peripherals/src/kf32f_basic_atim.o
 .text$ATIM_X_Get_Counter
                0x00000000        0x6 ./Peripherals/src/kf32f_basic_atim.o
 .text$ATIM_Z_Get_Counter
                0x00000000        0x6 ./Peripherals/src/kf32f_basic_atim.o
 .text$ATIM_X_Get_Period
                0x00000000        0x6 ./Peripherals/src/kf32f_basic_atim.o
 .text$ATIM_Z_Get_Period
                0x00000000        0x6 ./Peripherals/src/kf32f_basic_atim.o
 .text$ATIM_X_Get_Prescaler
                0x00000000        0x6 ./Peripherals/src/kf32f_basic_atim.o
 .text$ATIM_Z_Get_Prescaler
                0x00000000        0x6 ./Peripherals/src/kf32f_basic_atim.o
 .text$ATIM_X_Updata_INT_Enable
                0x00000000       0x10 ./Peripherals/src/kf32f_basic_atim.o
 .text$ATIM_Z_Updata_INT_Enable
                0x00000000       0x10 ./Peripherals/src/kf32f_basic_atim.o
 .text$ATIM_X_Overflow_INT_Enable
                0x00000000       0x10 ./Peripherals/src/kf32f_basic_atim.o
 .text$ATIM_Z_Overflow_INT_Enable
                0x00000000       0x10 ./Peripherals/src/kf32f_basic_atim.o
 .text$ATIM_X_Trigger_INT_Enable
                0x00000000       0x10 ./Peripherals/src/kf32f_basic_atim.o
 .text$ATIM_X_Updata_DMA_Enable
                0x00000000       0x10 ./Peripherals/src/kf32f_basic_atim.o
 .text$ATIM_Z_Updata_DMA_Enable
                0x00000000       0x10 ./Peripherals/src/kf32f_basic_atim.o
 .text$ATIM_X_Trigger_DMA_Enable
                0x00000000       0x10 ./Peripherals/src/kf32f_basic_atim.o
 .text$ATIM_X_Get_Updata_INT_Flag
                0x00000000        0xc ./Peripherals/src/kf32f_basic_atim.o
 .text$ATIM_Z_Get_Updata_INT_Flag
                0x00000000        0xc ./Peripherals/src/kf32f_basic_atim.o
 .text$ATIM_X_Get_Overflow_INT_Flag
                0x00000000        0xc ./Peripherals/src/kf32f_basic_atim.o
 .text$ATIM_Z_Get_Overflow_INT_Flag
                0x00000000        0xc ./Peripherals/src/kf32f_basic_atim.o
 .text$ATIM_X_Get_Trigger_INT_Flag
                0x00000000        0xc ./Peripherals/src/kf32f_basic_atim.o
 .text$ATIM_X_Generate_Trigger_Config
                0x00000000       0x10 ./Peripherals/src/kf32f_basic_atim.o
 .text$ATIM_X_Get_Updata_DMA_INT_Flag
                0x00000000        0xc ./Peripherals/src/kf32f_basic_atim.o
 .text$ATIM_Z_Get_Updata_DMA_INT_Flag
                0x00000000        0xc ./Peripherals/src/kf32f_basic_atim.o
 .text$ATIM_X_Get_Trigger_DMA_INT_Flag
                0x00000000        0xc ./Peripherals/src/kf32f_basic_atim.o
 .text$ATIM_X_Clear_Updata_INT_Flag
                0x00000000       0x1a ./Peripherals/src/kf32f_basic_atim.o
 .text$ATIM_Z_Clear_Updata_INT_Flag
                0x00000000       0x1a ./Peripherals/src/kf32f_basic_atim.o
 .text$ATIM_X_Clear_Overflow_INT_Flag
                0x00000000       0x1a ./Peripherals/src/kf32f_basic_atim.o
 .text$ATIM_Z_Clear_Overflow_INT_Flag
                0x00000000       0x1a ./Peripherals/src/kf32f_basic_atim.o
 .text$ATIM_X_Clear_Trigger_INT_Flag
                0x00000000       0x1a ./Peripherals/src/kf32f_basic_atim.o
 .text$ECCP_Compare_Configuration
                0x00000000       0x22 ./Peripherals/src/kf32f_basic_atim.o
 .text$ECCP_Capture_Configuration
                0x00000000       0x2e ./Peripherals/src/kf32f_basic_atim.o
 .text$ECCP_Capture_Struct_Init
                0x00000000        0xc ./Peripherals/src/kf32f_basic_atim.o
 .text$ECCP_PWM_Configuration
                0x00000000       0xa8 ./Peripherals/src/kf32f_basic_atim.o
 .text$ECCP_PWM_Struct_Init
                0x00000000       0x18 ./Peripherals/src/kf32f_basic_atim.o
 .text$ECCP_Capture_Mode_Config
                0x00000000       0x16 ./Peripherals/src/kf32f_basic_atim.o
 .text$ECCP_Compare_Mode_Config
                0x00000000       0x16 ./Peripherals/src/kf32f_basic_atim.o
 .text$ECCP_PWM_Mode_Config
                0x00000000       0x10 ./Peripherals/src/kf32f_basic_atim.o
 .text$ECCP_Get_Capture_Result
                0x00000000        0xc ./Peripherals/src/kf32f_basic_atim.o
 .text$ECCP_Get_Compare_Result
                0x00000000        0xc ./Peripherals/src/kf32f_basic_atim.o
 .text$ECCP_Set_Compare_Result
                0x00000000        0xc ./Peripherals/src/kf32f_basic_atim.o
 .text$ECCP_Generate_Trigger_Config
                0x00000000       0x1a ./Peripherals/src/kf32f_basic_atim.o
 .text$ECCP_PWM_Input_Enable
                0x00000000       0x10 ./Peripherals/src/kf32f_basic_atim.o
 .text$ECCP_Input_XOR_Enable
                0x00000000       0x10 ./Peripherals/src/kf32f_basic_atim.o
 .text$ECCP_Single_Pulse_Enable
                0x00000000       0x10 ./Peripherals/src/kf32f_basic_atim.o
 .text$ECCP_Single_Pulse_Shut_Enable
                0x00000000       0x10 ./Peripherals/src/kf32f_basic_atim.o
 .text$ECCP_PWM_Restart_Enable
                0x00000000       0x10 ./Peripherals/src/kf32f_basic_atim.o
 .text$ECCP_Dead_Time_Config
                0x00000000       0x28 ./Peripherals/src/kf32f_basic_atim.o
 .text$ECCP_Channel_Output_Control
                0x00000000       0x18 ./Peripherals/src/kf32f_basic_atim.o
 .text$ECCP_Channel_Output_Mode
                0x00000000       0x18 ./Peripherals/src/kf32f_basic_atim.o
 .text$ECCP_Channel_Work_State_Config
                0x00000000       0x18 ./Peripherals/src/kf32f_basic_atim.o
 .text$ECCP_Get_Channel_Work_State
                0x00000000       0x16 ./Peripherals/src/kf32f_basic_atim.o
 .text$ECCP_CHANNEL4_Shutdown_SEL
                0x00000000        0xe ./Peripherals/src/kf32f_basic_atim.o
 .text$ECCP_Channel_Shutdown_Signal
                0x00000000       0x16 ./Peripherals/src/kf32f_basic_atim.o
 .text$ECCP_Channel_Pin_Ctl
                0x00000000       0x20 ./Peripherals/src/kf32f_basic_atim.o
 .text$ECCP_Zero_Clock_Config
                0x00000000       0x14 ./Peripherals/src/kf32f_basic_atim.o
 .text$ECCP_Channel_Pin_Tristate_Enable
                0x00000000       0x1a ./Peripherals/src/kf32f_basic_atim.o
 .text$ECCP_Channel_INT_Enable
                0x00000000       0x1a ./Peripherals/src/kf32f_basic_atim.o
 .text$ECCP_X_Turn_off_DMA_Enable
                0x00000000       0x10 ./Peripherals/src/kf32f_basic_atim.o
 .text$ECCP_Channel_DMA_Enable
                0x00000000       0x1a ./Peripherals/src/kf32f_basic_atim.o
 .text$ECCP_Get_Channel_Trigger_INT_Flag
                0x00000000       0x14 ./Peripherals/src/kf32f_basic_atim.o
 .text$ECCP_X_Get_Turn_off_DMA_Flag
                0x00000000        0xc ./Peripherals/src/kf32f_basic_atim.o
 .text$ECCP_Get_Trigger_DMA_INT_Flag
                0x00000000       0x14 ./Peripherals/src/kf32f_basic_atim.o
 .text$ECCP_Clear_Channel_INT_Flag
                0x00000000       0x2a ./Peripherals/src/kf32f_basic_atim.o
 .text$ECCP_PWM_Move_Phase_Enable
                0x00000000       0x10 ./Peripherals/src/kf32f_basic_atim.o
 .text$ECCP_Channel_Zero_Detect_Sequential_Ctl
                0x00000000       0x16 ./Peripherals/src/kf32f_basic_atim.o
 .text$ECCP_Get_Channel_Zero_Detection_State
                0x00000000       0x14 ./Peripherals/src/kf32f_basic_atim.o
 .text$ECCP_Clear_Channel_Zero_Detection_State
                0x00000000       0x10 ./Peripherals/src/kf32f_basic_atim.o
 .text$ECCP_Channel_Zero_Detect_Enable
                0x00000000       0x18 ./Peripherals/src/kf32f_basic_atim.o
 .text$ECCP_Channel_Zero_Voltage_Config
                0x00000000       0x1a ./Peripherals/src/kf32f_basic_atim.o
 .comment       0x00000000       0x27 ./Peripherals/src/kf32f_basic_atim.o
 .text          0x00000000        0x0 ./Peripherals/src/kf32f_basic_bkp.o
 .data          0x00000000        0x0 ./Peripherals/src/kf32f_basic_bkp.o
 .bss           0x00000000        0x0 ./Peripherals/src/kf32f_basic_bkp.o
 .text$BKP_Reset
                0x00000000        0xc ./Peripherals/src/kf32f_basic_bkp.o
 .text$BKP_Write_And_Read_Enable
                0x00000000       0xe8 ./Peripherals/src/kf32f_basic_bkp.o
 .text$BKP_Reset_Enable
                0x00000000       0x14 ./Peripherals/src/kf32f_basic_bkp.o
 .text$BKP_Pin_Effective_Level_Config
                0x00000000       0x22 ./Peripherals/src/kf32f_basic_bkp.o
 .text$BKP_Pin_Enable
                0x00000000       0x22 ./Peripherals/src/kf32f_basic_bkp.o
 .text$BKP_TAMP_SYNC_Mode_Select
                0x00000000       0x14 ./Peripherals/src/kf32f_basic_bkp.o
 .text$BKP_TAMP_SCK_Select
                0x00000000       0x14 ./Peripherals/src/kf32f_basic_bkp.o
 .text$BKP_RTC_Clock_Config
                0x00000000       0x14 ./Peripherals/src/kf32f_basic_bkp.o
 .text$BKP_External_Clock_Bypass_Enable
                0x00000000       0x1e ./Peripherals/src/kf32f_basic_bkp.o
 .text$BKP_Data_Config
                0x00000000       0x10 ./Peripherals/src/kf32f_basic_bkp.o
 .text$BKP_Get_Data
                0x00000000       0x10 ./Peripherals/src/kf32f_basic_bkp.o
 .text$BKP_Pin_TAMP_INT_Enable
                0x00000000       0x22 ./Peripherals/src/kf32f_basic_bkp.o
 .text$BKP_Get_Pin_TAMP_INT_Flag
                0x00000000       0x1c ./Peripherals/src/kf32f_basic_bkp.o
 .text$BKP_Clear_Pin_TAMP_INT_Flag
                0x00000000       0x30 ./Peripherals/src/kf32f_basic_bkp.o
 .data$static$pmwrenbkp.1938
                0x00000000        0x4 ./Peripherals/src/kf32f_basic_bkp.o
 .data$static$bkpregclrbkp.1939
                0x00000000        0x4 ./Peripherals/src/kf32f_basic_bkp.o
 .data$static$bkpwrbkp.1940
                0x00000000        0x4 ./Peripherals/src/kf32f_basic_bkp.o
 .comment       0x00000000       0x27 ./Peripherals/src/kf32f_basic_bkp.o
 .text          0x00000000        0x0 ./Peripherals/src/kf32f_basic_btim.o
 .data          0x00000000        0x0 ./Peripherals/src/kf32f_basic_btim.o
 .bss           0x00000000        0x0 ./Peripherals/src/kf32f_basic_btim.o
 .text$TIM_Reset
                0x00000000      0x252 ./Peripherals/src/kf32f_basic_btim.o
 .text$BTIM_Configuration
                0x00000000       0x48 ./Peripherals/src/kf32f_basic_btim.o
 .text$BTIM_Struct_Init
                0x00000000       0x20 ./Peripherals/src/kf32f_basic_btim.o
 .text$BTIM_Cmd
                0x00000000        0xe ./Peripherals/src/kf32f_basic_btim.o
 .text$BTIM_Set_Counter
                0x00000000        0x6 ./Peripherals/src/kf32f_basic_btim.o
 .text$BTIM_Set_Period
                0x00000000        0x6 ./Peripherals/src/kf32f_basic_btim.o
 .text$BTIM_Set_Prescaler
                0x00000000        0x6 ./Peripherals/src/kf32f_basic_btim.o
 .text$BTIM_Counter_Mode_Config
                0x00000000       0x10 ./Peripherals/src/kf32f_basic_btim.o
 .text$BTIM_Clock_Config
                0x00000000        0xc ./Peripherals/src/kf32f_basic_btim.o
 .text$BTIM_External_Pulse_Sync_Config
                0x00000000        0xe ./Peripherals/src/kf32f_basic_btim.o
 .text$BTIM_Work_Mode_Config
                0x00000000        0xe ./Peripherals/src/kf32f_basic_btim.o
 .text$BTIM_Generate_Trigger_Config
                0x00000000        0xe ./Peripherals/src/kf32f_basic_btim.o
 .text$BTIM_Single_Pulse_Enable
                0x00000000        0xe ./Peripherals/src/kf32f_basic_btim.o
 .text$BTIM_Single_Pulse_Shut_Enable
                0x00000000        0xe ./Peripherals/src/kf32f_basic_btim.o
 .text$BTIM_Updata_Immediately_Config
                0x00000000        0xe ./Peripherals/src/kf32f_basic_btim.o
 .text$BTIM_Master_Slave_Snyc_Config
                0x00000000        0xe ./Peripherals/src/kf32f_basic_btim.o
 .text$BTIM_Trigger_Select_Config
                0x00000000       0x10 ./Peripherals/src/kf32f_basic_btim.o
 .text$BTIM_Slave_Mode_Config
                0x00000000        0xe ./Peripherals/src/kf32f_basic_btim.o
 .text$BTIM_Master_Mode_Config
                0x00000000        0xc ./Peripherals/src/kf32f_basic_btim.o
 .text$BTIM_Updata_Rising_Edge_Config
                0x00000000        0xe ./Peripherals/src/kf32f_basic_btim.o
 .text$BTIM_Updata_Enable
                0x00000000        0xe ./Peripherals/src/kf32f_basic_btim.o
 .text$BTIM_Get_Direction
                0x00000000        0xa ./Peripherals/src/kf32f_basic_btim.o
 .text$BTIM_Get_Counter
                0x00000000        0x6 ./Peripherals/src/kf32f_basic_btim.o
 .text$BTIM_Get_Period
                0x00000000        0x6 ./Peripherals/src/kf32f_basic_btim.o
 .text$BTIM_Get_Prescaler
                0x00000000        0x6 ./Peripherals/src/kf32f_basic_btim.o
 .text$BTIM_Trigger_DMA_Enable
                0x00000000        0xe ./Peripherals/src/kf32f_basic_btim.o
 .text$BTIM_Updata_DMA_Enable
                0x00000000        0xe ./Peripherals/src/kf32f_basic_btim.o
 .text$BTIM_Overflow_INT_Enable
                0x00000000        0xe ./Peripherals/src/kf32f_basic_btim.o
 .text$BTIM_Trigger_INT_Enable
                0x00000000        0xe ./Peripherals/src/kf32f_basic_btim.o
 .text$BTIM_Updata_INT_Enable
                0x00000000        0xe ./Peripherals/src/kf32f_basic_btim.o
 .text$BTIM_Get_Trigger_DMA_INT_Status
                0x00000000        0xa ./Peripherals/src/kf32f_basic_btim.o
 .text$BTIM_Get_Updata_DMA_INT_Status
                0x00000000        0xa ./Peripherals/src/kf32f_basic_btim.o
 .text$BTIM_Get_Overflow_INT_Status
                0x00000000        0xa ./Peripherals/src/kf32f_basic_btim.o
 .text$BTIM_Get_Trigger_INT_Status
                0x00000000        0xa ./Peripherals/src/kf32f_basic_btim.o
 .text$BTIM_Get_Updata_INT_Status
                0x00000000        0x8 ./Peripherals/src/kf32f_basic_btim.o
 .text$BTIM_Get_Trigger_DMA_INT_Flag
                0x00000000        0xa ./Peripherals/src/kf32f_basic_btim.o
 .text$BTIM_Get_Updata_DMA_INT_Flag
                0x00000000        0xa ./Peripherals/src/kf32f_basic_btim.o
 .text$BTIM_Get_Overflow_INT_Flag
                0x00000000        0xa ./Peripherals/src/kf32f_basic_btim.o
 .text$BTIM_Get_Trigger_INT_Flag
                0x00000000        0xa ./Peripherals/src/kf32f_basic_btim.o
 .text$BTIM_Get_Updata_INT_Flag
                0x00000000        0x8 ./Peripherals/src/kf32f_basic_btim.o
 .text$BTIM_Clear_Overflow_INT_Flag
                0x00000000       0x12 ./Peripherals/src/kf32f_basic_btim.o
 .text$BTIM_Clear_Trigger_INT_Flag
                0x00000000       0x12 ./Peripherals/src/kf32f_basic_btim.o
 .text$BTIM_Clear_Updata_INT_Flag
                0x00000000       0x12 ./Peripherals/src/kf32f_basic_btim.o
 .comment       0x00000000       0x27 ./Peripherals/src/kf32f_basic_btim.o
 .text          0x00000000        0x0 ./Peripherals/src/kf32f_basic_cfgl.o
 .data          0x00000000        0x0 ./Peripherals/src/kf32f_basic_cfgl.o
 .bss           0x00000000        0x0 ./Peripherals/src/kf32f_basic_cfgl.o
 .text$CFGL_Reset
                0x00000000       0x24 ./Peripherals/src/kf32f_basic_cfgl.o
 .text$CFGL_Configuration
                0x00000000      0x130 ./Peripherals/src/kf32f_basic_cfgl.o
 .text$CFGL_Struct_Init
                0x00000000       0x9c ./Peripherals/src/kf32f_basic_cfgl.o
 .text$CFGL2_OUT_SYNCHRO_Enable
                0x00000000       0x14 ./Peripherals/src/kf32f_basic_cfgl.o
 .text$CFGL1_OUT_SYNCHRO_Enable
                0x00000000       0x14 ./Peripherals/src/kf32f_basic_cfgl.o
 .text$CFGL2_FALLINT_Enable
                0x00000000       0x24 ./Peripherals/src/kf32f_basic_cfgl.o
 .text$CFGL2_RISEINT_Enable
                0x00000000       0x24 ./Peripherals/src/kf32f_basic_cfgl.o
 .text$CFGL1_FALLINT_Enable
                0x00000000       0x24 ./Peripherals/src/kf32f_basic_cfgl.o
 .text$CFGL1_RISEINT_Enable
                0x00000000       0x24 ./Peripherals/src/kf32f_basic_cfgl.o
 .text$CFGL1_Get_INT_Flag
                0x00000000       0x10 ./Peripherals/src/kf32f_basic_cfgl.o
 .text$CFGL2_Get_INT_Flag
                0x00000000       0x10 ./Peripherals/src/kf32f_basic_cfgl.o
 .text$CFGL1_Clear_RISEINT_Flag
                0x00000000       0x20 ./Peripherals/src/kf32f_basic_cfgl.o
 .text$CFGL1_Clear_FALLINT_Flag
                0x00000000       0x20 ./Peripherals/src/kf32f_basic_cfgl.o
 .text$CFGL1_Clear_RISEFALLINT_Flag
                0x00000000       0x24 ./Peripherals/src/kf32f_basic_cfgl.o
 .text$CFGL2_Clear_RISEINT_Flag
                0x00000000       0x1c ./Peripherals/src/kf32f_basic_cfgl.o
 .text$CFGL2_Clear_RISEFALLINT_Flag
                0x00000000       0x20 ./Peripherals/src/kf32f_basic_cfgl.o
 .text$CFGL2_Clear_FALLINT_Flag
                0x00000000       0x1c ./Peripherals/src/kf32f_basic_cfgl.o
 .text$CFGL2_OUT_STATE
                0x00000000       0x10 ./Peripherals/src/kf32f_basic_cfgl.o
 .text$CFGL1_OUT_STATE
                0x00000000       0x10 ./Peripherals/src/kf32f_basic_cfgl.o
 .comment       0x00000000       0x27 ./Peripherals/src/kf32f_basic_cfgl.o
 .text          0x00000000        0x0 ./Peripherals/src/kf32f_basic_cmp.o
 .data          0x00000000        0x0 ./Peripherals/src/kf32f_basic_cmp.o
 .bss           0x00000000        0x0 ./Peripherals/src/kf32f_basic_cmp.o
 .text$CMP_Reset
                0x00000000       0x24 ./Peripherals/src/kf32f_basic_cmp.o
 .text$CMP_Configuration
                0x00000000      0x198 ./Peripherals/src/kf32f_basic_cmp.o
 .text$CMP_Struct_Init
                0x00000000       0x1a ./Peripherals/src/kf32f_basic_cmp.o
 .text$CMP0_POSITIVE_INPUT_SELECT
                0x00000000       0x18 ./Peripherals/src/kf32f_basic_cmp.o
 .text$CMP0_NEGATIVE_INPUT_SELECT
                0x00000000       0x18 ./Peripherals/src/kf32f_basic_cmp.o
 .text$CMP1_POSITIVE_INPUT_SELECT
                0x00000000       0x18 ./Peripherals/src/kf32f_basic_cmp.o
 .text$CMP1_NEGATIVE_INPUT_SELECT
                0x00000000       0x18 ./Peripherals/src/kf32f_basic_cmp.o
 .text$CMP2_POSITIVE_INPUT_SELECT
                0x00000000       0x18 ./Peripherals/src/kf32f_basic_cmp.o
 .text$CMP2_NEGATIVE_INPUT_SELECT
                0x00000000       0x18 ./Peripherals/src/kf32f_basic_cmp.o
 .text$CMP3_POSITIVE_INPUT_SELECT
                0x00000000       0x2c ./Peripherals/src/kf32f_basic_cmp.o
 .text$CMP3_NEGATIVE_INPUT_SELECT
                0x00000000       0x18 ./Peripherals/src/kf32f_basic_cmp.o
 .text$CMP0_OUTPUT_POL_SELECT
                0x00000000       0x10 ./Peripherals/src/kf32f_basic_cmp.o
 .text$CMP1_OUTPUT_POL_SELECT
                0x00000000       0x10 ./Peripherals/src/kf32f_basic_cmp.o
 .text$CMP2_OUTPUT_POL_SELECT
                0x00000000       0x10 ./Peripherals/src/kf32f_basic_cmp.o
 .text$CMP3_OUTPUT_POL_SELECT
                0x00000000       0x10 ./Peripherals/src/kf32f_basic_cmp.o
 .text$CMP_OUTPUT_SELECT
                0x00000000       0x14 ./Peripherals/src/kf32f_basic_cmp.o
 .text$CMP0_Cmd
                0x00000000       0x14 ./Peripherals/src/kf32f_basic_cmp.o
 .text$CMP1_Cmd
                0x00000000       0x14 ./Peripherals/src/kf32f_basic_cmp.o
 .text$CMP2_Cmd
                0x00000000       0x14 ./Peripherals/src/kf32f_basic_cmp.o
 .text$CMP3_Cmd
                0x00000000       0x14 ./Peripherals/src/kf32f_basic_cmp.o
 .text$CMP0_Read_Output_State
                0x00000000       0x10 ./Peripherals/src/kf32f_basic_cmp.o
 .text$CMP1_Read_Output_State
                0x00000000       0x10 ./Peripherals/src/kf32f_basic_cmp.o
 .text$CMP2_Read_Output_State
                0x00000000       0x10 ./Peripherals/src/kf32f_basic_cmp.o
 .text$CMP3_Read_Output_State
                0x00000000        0xc ./Peripherals/src/kf32f_basic_cmp.o
 .text$CMP0_Get_Updata_INT_Flag
                0x00000000       0x10 ./Peripherals/src/kf32f_basic_cmp.o
 .text$CMP1_Get_Updata_INT_Flag
                0x00000000       0x10 ./Peripherals/src/kf32f_basic_cmp.o
 .text$CMP2_Get_Updata_INT_Flag
                0x00000000       0x10 ./Peripherals/src/kf32f_basic_cmp.o
 .text$CMP3_Get_Updata_INT_Flag
                0x00000000       0x10 ./Peripherals/src/kf32f_basic_cmp.o
 .text$CMP_Trigger_Select_Config
                0x00000000       0x10 ./Peripherals/src/kf32f_basic_cmp.o
 .text$CMP0_Clear_Trigger_INT_Flag
                0x00000000       0x1c ./Peripherals/src/kf32f_basic_cmp.o
 .text$CMP1_Clear_Trigger_INT_Flag
                0x00000000       0x1c ./Peripherals/src/kf32f_basic_cmp.o
 .text$CMP2_Clear_Trigger_INT_Flag
                0x00000000       0x1c ./Peripherals/src/kf32f_basic_cmp.o
 .text$CMP3_Clear_Trigger_INT_Flag
                0x00000000       0x1c ./Peripherals/src/kf32f_basic_cmp.o
 .text$CMP0_INT_Enable
                0x00000000       0x14 ./Peripherals/src/kf32f_basic_cmp.o
 .text$CMP1_INT_Enable
                0x00000000       0x14 ./Peripherals/src/kf32f_basic_cmp.o
 .text$CMP2_INT_Enable
                0x00000000       0x14 ./Peripherals/src/kf32f_basic_cmp.o
 .text$CMP3_INT_Enable
                0x00000000       0x14 ./Peripherals/src/kf32f_basic_cmp.o
 .text$CMP_SluggishVoltage_Select
                0x00000000       0x14 ./Peripherals/src/kf32f_basic_cmp.o
 .text$CMP_HALLMODE_Select
                0x00000000       0x10 ./Peripherals/src/kf32f_basic_cmp.o
 .text$CMP_BEMF_Enable
                0x00000000       0x14 ./Peripherals/src/kf32f_basic_cmp.o
 .text$CMP_FLTINSEL_Select
                0x00000000       0x10 ./Peripherals/src/kf32f_basic_cmp.o
 .comment       0x00000000       0x27 ./Peripherals/src/kf32f_basic_cmp.o
 .text          0x00000000        0x0 ./Peripherals/src/kf32f_basic_crc.o
 .data          0x00000000        0x0 ./Peripherals/src/kf32f_basic_crc.o
 .bss           0x00000000        0x0 ./Peripherals/src/kf32f_basic_crc.o
 .text$CRC_Reset
                0x00000000       0x24 ./Peripherals/src/kf32f_basic_crc.o
 .text$CRC_Configuration
                0x00000000       0x24 ./Peripherals/src/kf32f_basic_crc.o
 .text$CRC_Struct_Init
                0x00000000        0xc ./Peripherals/src/kf32f_basic_crc.o
 .text$CRC_INPUT_DATA
                0x00000000        0xc ./Peripherals/src/kf32f_basic_crc.o
 .text$CRC_GET_RESULT
                0x00000000        0xc ./Peripherals/src/kf32f_basic_crc.o
 .text$CRC_SET_INITVALUE
                0x00000000        0xc ./Peripherals/src/kf32f_basic_crc.o
 .text$CRC_SET_PLN
                0x00000000        0xc ./Peripherals/src/kf32f_basic_crc.o
 .text$CRC_SET_RXOR
                0x00000000        0xc ./Peripherals/src/kf32f_basic_crc.o
 .text$CRC_SET_IDATA
                0x00000000        0xc ./Peripherals/src/kf32f_basic_crc.o
 .text$CRC_GET_TEMP
                0x00000000        0xc ./Peripherals/src/kf32f_basic_crc.o
 .text$CRC_SET_RSET
                0x00000000       0x10 ./Peripherals/src/kf32f_basic_crc.o
 .comment       0x00000000       0x27 ./Peripherals/src/kf32f_basic_crc.o
 .text          0x00000000        0x0 ./Peripherals/src/kf32f_basic_dac.o
 .data          0x00000000        0x0 ./Peripherals/src/kf32f_basic_dac.o
 .bss           0x00000000        0x0 ./Peripherals/src/kf32f_basic_dac.o
 .text$DAC_Reset
                0x00000000       0x5e ./Peripherals/src/kf32f_basic_dac.o
 .text$DAC_Configuration
                0x00000000       0x54 ./Peripherals/src/kf32f_basic_dac.o
 .text$DAC_Struct_Init
                0x00000000       0x1a ./Peripherals/src/kf32f_basic_dac.o
 .text$DAC_Cmd  0x00000000        0xc ./Peripherals/src/kf32f_basic_dac.o
 .text$DAC_Software_Trigger_Cmd
                0x00000000        0xc ./Peripherals/src/kf32f_basic_dac.o
 .text$DAC_DMA_Cmd
                0x00000000        0xc ./Peripherals/src/kf32f_basic_dac.o
 .text$DAC_Output_Buffer_Config
                0x00000000        0xe ./Peripherals/src/kf32f_basic_dac.o
 .text$DAC_Output_Port_Config
                0x00000000        0xe ./Peripherals/src/kf32f_basic_dac.o
 .text$DAC_Write_Output_Data
                0x00000000        0x4 ./Peripherals/src/kf32f_basic_dac.o
 .text$DAC_Read_Output_Data
                0x00000000        0xc ./Peripherals/src/kf32f_basic_dac.o
 .text$DAC_Calibration_Config
                0x00000000       0x2c ./Peripherals/src/kf32f_basic_dac.o
 .text$DAC_Calibration_Struct_Init
                0x00000000        0xe ./Peripherals/src/kf32f_basic_dac.o
 .comment       0x00000000       0x27 ./Peripherals/src/kf32f_basic_dac.o
 .text          0x00000000        0x0 ./Peripherals/src/kf32f_basic_dma.o
 .data          0x00000000        0x0 ./Peripherals/src/kf32f_basic_dma.o
 .bss           0x00000000        0x0 ./Peripherals/src/kf32f_basic_dma.o
 .text$DMA_Reset
                0x00000000       0x5e ./Peripherals/src/kf32f_basic_dma.o
 .text$DMA_Configuration
                0x00000000       0x5c ./Peripherals/src/kf32f_basic_dma.o
 .text$DMA_Struct_Init
                0x00000000       0x1c ./Peripherals/src/kf32f_basic_dma.o
 .text$DMA_Transfer_Number_Config
                0x00000000        0xe ./Peripherals/src/kf32f_basic_dma.o
 .text$DMA_Memory_To_Memory_Enable
                0x00000000       0x10 ./Peripherals/src/kf32f_basic_dma.o
 .text$DMA_Channel_Priority_Config
                0x00000000       0x10 ./Peripherals/src/kf32f_basic_dma.o
 .text$DMA_Peripheral_Data_Width_Config
                0x00000000       0x10 ./Peripherals/src/kf32f_basic_dma.o
 .text$DMA_Memory_Data_Width_Config
                0x00000000       0x10 ./Peripherals/src/kf32f_basic_dma.o
 .text$DMA_Peripheral_addr_increase_Enable
                0x00000000       0x10 ./Peripherals/src/kf32f_basic_dma.o
 .text$DMA_Memory_addr_increase_Enable
                0x00000000       0x10 ./Peripherals/src/kf32f_basic_dma.o
 .text$DMA_Loop_Mode_Enable
                0x00000000       0x10 ./Peripherals/src/kf32f_basic_dma.o
 .text$DMA_Transfer_Direction_Config
                0x00000000       0x10 ./Peripherals/src/kf32f_basic_dma.o
 .text$DMA_Transfer_Mode_Config
                0x00000000       0x10 ./Peripherals/src/kf32f_basic_dma.o
 .text$DMA_Oneshot_Enable
                0x00000000       0x10 ./Peripherals/src/kf32f_basic_dma.o
 .text$DMA_Channel_Enable
                0x00000000       0x10 ./Peripherals/src/kf32f_basic_dma.o
 .text$DMA_Peripheral_Start_Address_Config
                0x00000000        0x8 ./Peripherals/src/kf32f_basic_dma.o
 .text$DMA_Memory_Start_Address_Config
                0x00000000        0x8 ./Peripherals/src/kf32f_basic_dma.o
 .text$DMA_Get_Peripheral_Current_Address
                0x00000000        0x8 ./Peripherals/src/kf32f_basic_dma.o
 .text$DMA_Get_Memory_Current_Address
                0x00000000        0x8 ./Peripherals/src/kf32f_basic_dma.o
 .text$DMA_Get_Transfer_Number_Remain
                0x00000000        0xa ./Peripherals/src/kf32f_basic_dma.o
 .text$DMA_Get_INT_Flag
                0x00000000       0x18 ./Peripherals/src/kf32f_basic_dma.o
 .text$DMA_Clear_INT_Flag
                0x00000000       0x14 ./Peripherals/src/kf32f_basic_dma.o
 .text$DMA_Set_INT_Enable
                0x00000000       0x20 ./Peripherals/src/kf32f_basic_dma.o
 .text$DMA_Get_Error_Transfer_INT_Flag
                0x00000000       0x1a ./Peripherals/src/kf32f_basic_dma.o
 .text$DMA_Get_Half_Transfer_INT_Flag
                0x00000000       0x1a ./Peripherals/src/kf32f_basic_dma.o
 .text$DMA_Get_Finish_Transfer_INT_Flag
                0x00000000       0x1a ./Peripherals/src/kf32f_basic_dma.o
 .text$DMA_Error_Transfer_INT_Enable
                0x00000000       0x20 ./Peripherals/src/kf32f_basic_dma.o
 .text$DMA_Half_Transfer_INT_Enable
                0x00000000       0x20 ./Peripherals/src/kf32f_basic_dma.o
 .text$DMA_Finish_Transfer_INT_Enable
                0x00000000       0x20 ./Peripherals/src/kf32f_basic_dma.o
 .comment       0x00000000       0x27 ./Peripherals/src/kf32f_basic_dma.o
 .text          0x00000000        0x0 ./Peripherals/src/kf32f_basic_flash.o
 .data          0x00000000        0x0 ./Peripherals/src/kf32f_basic_flash.o
 .bss           0x00000000        0x0 ./Peripherals/src/kf32f_basic_flash.o
 .indata$CHECK_RESTRICTION_RAM
                0x00000000        0x8 ./Peripherals/src/kf32f_basic_flash.o
 .indata$FLASH_Get_NonVolatile_Memory_Unlock_Status_RAM
                0x00000000       0x10 ./Peripherals/src/kf32f_basic_flash.o
 .indata$FLASH_Clear_NonVolatile_Memory_Unlock_Status_RAM
                0x00000000       0x1c ./Peripherals/src/kf32f_basic_flash.o
 .text$FLASH_Clear_NonVolatile_Memory_Unlock_Status
                0x00000000       0x1c ./Peripherals/src/kf32f_basic_flash.o
 .indata$FLASH_Unlock_ISP_RAM
                0x00000000       0x18 ./Peripherals/src/kf32f_basic_flash.o
 .text$FLASH_Unlock_ISP
                0x00000000       0x18 ./Peripherals/src/kf32f_basic_flash.o
 .indata$FLASH_Get_Flash_Unlock_Status_RAM
                0x00000000       0x10 ./Peripherals/src/kf32f_basic_flash.o
 .indata$FLASH_Clear_Flash_Unlock_Status_RAM
                0x00000000       0x1c ./Peripherals/src/kf32f_basic_flash.o
 .text$FLASH_Clear_Flash_Unlock_Status
                0x00000000       0x1c ./Peripherals/src/kf32f_basic_flash.o
 .indata$FLASH_Unlock_Code_RAM
                0x00000000       0x18 ./Peripherals/src/kf32f_basic_flash.o
 .text$FLASH_Unlock_Code
                0x00000000       0x18 ./Peripherals/src/kf32f_basic_flash.o
 .indata$FLASH_Get_Config_Unlock_Status_RAM
                0x00000000       0x10 ./Peripherals/src/kf32f_basic_flash.o
 .indata$FLASH_Clear_Config_Unlock_Status_RAM
                0x00000000       0x1c ./Peripherals/src/kf32f_basic_flash.o
 .text$FLASH_Clear_Config_Unlock_Status
                0x00000000       0x1c ./Peripherals/src/kf32f_basic_flash.o
 .indata$FLASH_Unlock_User_Config_RAM
                0x00000000       0x18 ./Peripherals/src/kf32f_basic_flash.o
 .text$FLASH_Unlock_User_Config
                0x00000000       0x18 ./Peripherals/src/kf32f_basic_flash.o
 .indata$FLASH_Data_Write_Enable_RAM
                0x00000000       0x18 ./Peripherals/src/kf32f_basic_flash.o
 .indata$FLASH_Zone_Config_RAM
                0x00000000       0x20 ./Peripherals/src/kf32f_basic_flash.o
 .text$FLASH_Zone_Config
                0x00000000       0x14 ./Peripherals/src/kf32f_basic_flash.o
 .indata$FLASH_Standby_Mode_Config_RAM
                0x00000000       0x30 ./Peripherals/src/kf32f_basic_flash.o
 .indata$FLASH_Read_Mode_Config_RAM
                0x00000000       0x20 ./Peripherals/src/kf32f_basic_flash.o
 .indata$FLASH_Calibration_Updata_Enable_RAM
                0x00000000       0x28 ./Peripherals/src/kf32f_basic_flash.o
 .indata$FLASH_Information_Zone_Wipe_Unlock_Config_RAM
                0x00000000       0x28 ./Peripherals/src/kf32f_basic_flash.o
 .indata$FLASH_Half_Page_Write_Size_Config_RAM
                0x00000000       0x24 ./Peripherals/src/kf32f_basic_flash.o
 .indata$FLASH_Program_Cmd_Config_RAM
                0x00000000       0x28 ./Peripherals/src/kf32f_basic_flash.o
 .indata$FLASH_Executive_Cmd_RAM
                0x00000000       0x1c ./Peripherals/src/kf32f_basic_flash.o
 .text$FLASH_Executive_Cmd
                0x00000000       0x1c ./Peripherals/src/kf32f_basic_flash.o
 .indata$FLASH_NonVolatile_Memory_ECC_Enable_RAM
                0x00000000       0x18 ./Peripherals/src/kf32f_basic_flash.o
 .indata$FLASH_Linear_Prefetch_Enable_RAM
                0x00000000       0x18 ./Peripherals/src/kf32f_basic_flash.o
 .indata$FLASH_Period_Number_Config_RAM
                0x00000000       0x20 ./Peripherals/src/kf32f_basic_flash.o
 .indata$FLASH_Program_Addr_Config_RAM
                0x00000000       0x20 ./Peripherals/src/kf32f_basic_flash.o
 .indata$FLASH_Get_Program_Status_RAM
                0x00000000       0x10 ./Peripherals/src/kf32f_basic_flash.o
 .text$FLASH_Get_Program_Status
                0x00000000       0x10 ./Peripherals/src/kf32f_basic_flash.o
 .indata$FLASH_Get_Wipe_Status_RAM
                0x00000000       0x10 ./Peripherals/src/kf32f_basic_flash.o
 .text$FLASH_Get_Wipe_Status
                0x00000000       0x10 ./Peripherals/src/kf32f_basic_flash.o
 .indata$FLASH_Get_Compute_Complete_Status_RAM
                0x00000000       0x10 ./Peripherals/src/kf32f_basic_flash.o
 .indata$FLASH_Clear_Compute_Complete_Status_RAM
                0x00000000       0x20 ./Peripherals/src/kf32f_basic_flash.o
 .indata$FLASH_Get_CFG_Error_Flag_RAM
                0x00000000       0x10 ./Peripherals/src/kf32f_basic_flash.o
 .indata$FLASH_Clear_CFG_Error_Flag_RAM
                0x00000000       0x20 ./Peripherals/src/kf32f_basic_flash.o
 .indata$FLASH_CheckSum_Addr_Config_RAM
                0x00000000       0x20 ./Peripherals/src/kf32f_basic_flash.o
 .indata$FLASH_Start_SIG_Compute_Enable_RAM
                0x00000000       0x18 ./Peripherals/src/kf32f_basic_flash.o
 .indata$FLASH_Get_CheckSum_Result_RAM
                0x00000000       0x18 ./Peripherals/src/kf32f_basic_flash.o
 .text$FLASH_Wipe_Configuration
                0x00000000       0xac ./Peripherals/src/kf32f_basic_flash.o
 .text$FLASH_Program_Configuration
                0x00000000      0x118 ./Peripherals/src/kf32f_basic_flash.o
 .text$Read_Flash_or_CFR
                0x00000000       0x9c ./Peripherals/src/kf32f_basic_flash.o
 .text$Read_Soft_Device_ID1
                0x00000000       0x14 ./Peripherals/src/kf32f_basic_flash.o
 .text$Read_Soft_Device_ID2
                0x00000000       0x14 ./Peripherals/src/kf32f_basic_flash.o
 .text$Read_Soft_Device_ID3
                0x00000000       0x14 ./Peripherals/src/kf32f_basic_flash.o
 .text$Read_Soft_Device_ID4
                0x00000000       0x14 ./Peripherals/src/kf32f_basic_flash.o
 .comment       0x00000000       0x27 ./Peripherals/src/kf32f_basic_flash.o
 .text          0x00000000        0x0 ./Peripherals/src/kf32f_basic_gpio.o
 .data          0x00000000        0x0 ./Peripherals/src/kf32f_basic_gpio.o
 .bss           0x00000000        0x0 ./Peripherals/src/kf32f_basic_gpio.o
 .text$GPIO_Reset
                0x00000000      0x128 ./Peripherals/src/kf32f_basic_gpio.o
 .text$GPIO_Pull_Up_Enable
                0x00000000       0x16 ./Peripherals/src/kf32f_basic_gpio.o
 .text$GPIO_Toggle_Pull_Up_Config
                0x00000000        0xa ./Peripherals/src/kf32f_basic_gpio.o
 .text$GPIO_Pull_Down_Enable
                0x00000000       0x16 ./Peripherals/src/kf32f_basic_gpio.o
 .text$GPIO_Toggle_Pull_Down_Config
                0x00000000        0xa ./Peripherals/src/kf32f_basic_gpio.o
 .text$GPIO_Open_Drain_Enable
                0x00000000       0x16 ./Peripherals/src/kf32f_basic_gpio.o
 .text$GPIO_Toggle_Open_Drain_Config
                0x00000000        0xa ./Peripherals/src/kf32f_basic_gpio.o
 .text$GPIO_Speed_Config
                0x00000000       0x2a ./Peripherals/src/kf32f_basic_gpio.o
 .text$GPIO_Toggle_Speed_Config
                0x00000000       0x20 ./Peripherals/src/kf32f_basic_gpio.o
 .text$GPIO_Read_Input_Data_Bit
                0x00000000        0xe ./Peripherals/src/kf32f_basic_gpio.o
 .text$GPIO_Read_Input_Data
                0x00000000        0x6 ./Peripherals/src/kf32f_basic_gpio.o
 .text$GPIO_Read_Output_Data_Bit
                0x00000000        0xe ./Peripherals/src/kf32f_basic_gpio.o
 .text$GPIO_Read_Output_Data
                0x00000000        0x6 ./Peripherals/src/kf32f_basic_gpio.o
 .comment       0x00000000       0x27 ./Peripherals/src/kf32f_basic_gpio.o
 .text          0x00000000        0x0 ./Peripherals/src/kf32f_basic_gptim.o
 .data          0x00000000        0x0 ./Peripherals/src/kf32f_basic_gptim.o
 .bss           0x00000000        0x0 ./Peripherals/src/kf32f_basic_gptim.o
 .text$GPTIM_Configuration
                0x00000000       0x6a ./Peripherals/src/kf32f_basic_gptim.o
 .text$GPTIM_Struct_Init
                0x00000000       0x1e ./Peripherals/src/kf32f_basic_gptim.o
 .text$GPTIM_Cmd
                0x00000000        0xe ./Peripherals/src/kf32f_basic_gptim.o
 .text$GPTIM_Set_Counter
                0x00000000       0x1c ./Peripherals/src/kf32f_basic_gptim.o
 .text$GPTIM_Set_Period
                0x00000000       0x1c ./Peripherals/src/kf32f_basic_gptim.o
 .text$GPTIM_Set_Prescaler
                0x00000000       0x1c ./Peripherals/src/kf32f_basic_gptim.o
 .text$GPTIM_Counter_Mode_Config
                0x00000000       0x10 ./Peripherals/src/kf32f_basic_gptim.o
 .text$GPTIM_Clock_Config
                0x00000000        0xc ./Peripherals/src/kf32f_basic_gptim.o
 .text$GPTIM_External_Pulse_Sync_Config
                0x00000000        0xe ./Peripherals/src/kf32f_basic_gptim.o
 .text$GPTIM_Work_Mode_Config
                0x00000000        0xe ./Peripherals/src/kf32f_basic_gptim.o
 .text$GPTIM_Updata_Immediately_Config
                0x00000000        0xe ./Peripherals/src/kf32f_basic_gptim.o
 .text$GPTIM_Master_Slave_Snyc_Config
                0x00000000        0xe ./Peripherals/src/kf32f_basic_gptim.o
 .text$GPTIM_Trigger_Select_Config
                0x00000000       0x10 ./Peripherals/src/kf32f_basic_gptim.o
 .text$GPTIM_Slave_Mode_Config
                0x00000000        0xe ./Peripherals/src/kf32f_basic_gptim.o
 .text$GPTIM_Master_Mode_Config
                0x00000000        0xe ./Peripherals/src/kf32f_basic_gptim.o
 .text$GPTIM_Updata_Rising_Edge_Config
                0x00000000        0xe ./Peripherals/src/kf32f_basic_gptim.o
 .text$GPTIM_Updata_Enable
                0x00000000        0xe ./Peripherals/src/kf32f_basic_gptim.o
 .text$GPTIM_Trigger_DMA_Enable
                0x00000000        0xe ./Peripherals/src/kf32f_basic_gptim.o
 .text$GPTIM_Updata_DMA_Enable
                0x00000000        0xe ./Peripherals/src/kf32f_basic_gptim.o
 .text$GPTIM_Updata_INT_Enable
                0x00000000        0xe ./Peripherals/src/kf32f_basic_gptim.o
 .text$GPTIM_Trigger_INT_Enable
                0x00000000        0xe ./Peripherals/src/kf32f_basic_gptim.o
 .text$GPTIM_Generate_Trigger_Config
                0x00000000        0xe ./Peripherals/src/kf32f_basic_gptim.o
 .text$GPTIM_Get_Direction
                0x00000000        0xa ./Peripherals/src/kf32f_basic_gptim.o
 .text$GPTIM_Get_Counter
                0x00000000       0x20 ./Peripherals/src/kf32f_basic_gptim.o
 .text$GPTIM_Get_Period
                0x00000000       0x20 ./Peripherals/src/kf32f_basic_gptim.o
 .text$GPTIM_Get_Prescaler
                0x00000000       0x20 ./Peripherals/src/kf32f_basic_gptim.o
 .text$GPTIM_Overflow_INT_Enable
                0x00000000        0xe ./Peripherals/src/kf32f_basic_gptim.o
 .text$GPTIM_Clear_Overflow_INT_Flag
                0x00000000       0x14 ./Peripherals/src/kf32f_basic_gptim.o
 .text$GPTIM_Clear_Updata_INT_Flag
                0x00000000       0x14 ./Peripherals/src/kf32f_basic_gptim.o
 .text$GPTIM_Clear_Trigger_INT_Flag
                0x00000000       0x14 ./Peripherals/src/kf32f_basic_gptim.o
 .text$GPTIM_Get_Overflow_INT_Flag
                0x00000000        0xa ./Peripherals/src/kf32f_basic_gptim.o
 .text$GPTIM_Get_Updata_INT_Flag
                0x00000000        0xa ./Peripherals/src/kf32f_basic_gptim.o
 .text$GPTIM_Get_Trigger_INT_Flag
                0x00000000        0xa ./Peripherals/src/kf32f_basic_gptim.o
 .text$GPTIM_Get_Updata_DMA_INT_Flag
                0x00000000        0xa ./Peripherals/src/kf32f_basic_gptim.o
 .text$GPTIM_Get_Trigger_DMA_INT_Flag
                0x00000000        0xa ./Peripherals/src/kf32f_basic_gptim.o
 .text$CCP_Compare_Configuration
                0x00000000       0x36 ./Peripherals/src/kf32f_basic_gptim.o
 .text$CCP_Compare_Struct_Init
                0x00000000        0xc ./Peripherals/src/kf32f_basic_gptim.o
 .text$CCP_Capture_Configuration
                0x00000000       0x34 ./Peripherals/src/kf32f_basic_gptim.o
 .text$CCP_Capture_Struct_Init
                0x00000000       0x10 ./Peripherals/src/kf32f_basic_gptim.o
 .text$CCP_PWM_Configuration
                0x00000000       0x62 ./Peripherals/src/kf32f_basic_gptim.o
 .text$CCP_PWM_Struct_Init
                0x00000000       0x12 ./Peripherals/src/kf32f_basic_gptim.o
 .text$CCP_Capture_Mode_Config
                0x00000000       0x14 ./Peripherals/src/kf32f_basic_gptim.o
 .text$CCP_Compare_Mode_Config
                0x00000000       0x14 ./Peripherals/src/kf32f_basic_gptim.o
 .text$CCP_PWM_Mode_Config
                0x00000000       0x14 ./Peripherals/src/kf32f_basic_gptim.o
 .text$CCP_Get_Capture_Result
                0x00000000       0x24 ./Peripherals/src/kf32f_basic_gptim.o
 .text$CCP_Set_Compare_Result
                0x00000000       0x20 ./Peripherals/src/kf32f_basic_gptim.o
 .text$CCP_Get_Compare_Result
                0x00000000       0x24 ./Peripherals/src/kf32f_basic_gptim.o
 .text$CCP_Compare_PWM_Signal_Clear
                0x00000000       0x16 ./Peripherals/src/kf32f_basic_gptim.o
 .text$CCP_Compare_Check_Config
                0x00000000        0xc ./Peripherals/src/kf32f_basic_gptim.o
 .text$CCP_Channel_Output_Control
                0x00000000       0x14 ./Peripherals/src/kf32f_basic_gptim.o
 .text$CCP_Single_Pulse_Shut_Enable
                0x00000000        0xe ./Peripherals/src/kf32f_basic_gptim.o
 .text$CCP_Single_Pulse_Enable
                0x00000000        0xe ./Peripherals/src/kf32f_basic_gptim.o
 .text$CCP_PWM_Input_Measurement_Config
                0x00000000        0xe ./Peripherals/src/kf32f_basic_gptim.o
 .text$CCP_Input_XOR_Config
                0x00000000        0xe ./Peripherals/src/kf32f_basic_gptim.o
 .text$CCP_Channel_DMA_Config
                0x00000000       0x18 ./Peripherals/src/kf32f_basic_gptim.o
 .text$CCP_Generate_Trigger_Config
                0x00000000       0x18 ./Peripherals/src/kf32f_basic_gptim.o
 .text$CCP_USART_Receive_Config
                0x00000000        0xe ./Peripherals/src/kf32f_basic_gptim.o
 .text$CCP_Get_Channel_Trigger_INT_Flag
                0x00000000       0x12 ./Peripherals/src/kf32f_basic_gptim.o
 .text$CCP_Get_Trigger_DMA_INT_Flag
                0x00000000       0x12 ./Peripherals/src/kf32f_basic_gptim.o
 .text$CCP_Channel_INT_Config
                0x00000000       0x18 ./Peripherals/src/kf32f_basic_gptim.o
 .text$CCP_Clear_Channel_INT_Flag
                0x00000000       0x24 ./Peripherals/src/kf32f_basic_gptim.o
 .comment       0x00000000       0x27 ./Peripherals/src/kf32f_basic_gptim.o
 .text          0x00000000        0x0 ./Peripherals/src/kf32f_basic_i2c.o
 .data          0x00000000        0x0 ./Peripherals/src/kf32f_basic_i2c.o
 .bss           0x00000000        0x0 ./Peripherals/src/kf32f_basic_i2c.o
 .text$I2C_Reset
                0x00000000       0x5e ./Peripherals/src/kf32f_basic_i2c.o
 .text$I2C_Configuration
                0x00000000       0x34 ./Peripherals/src/kf32f_basic_i2c.o
 .text$I2C_Struct_Init
                0x00000000       0x16 ./Peripherals/src/kf32f_basic_i2c.o
 .text$I2C_Cmd  0x00000000        0xc ./Peripherals/src/kf32f_basic_i2c.o
 .text$I2C_Bufr_Address_Config
                0x00000000        0xc ./Peripherals/src/kf32f_basic_i2c.o
 .text$I2C_Generate_START
                0x00000000        0xc ./Peripherals/src/kf32f_basic_i2c.o
 .text$I2C_Generate_STOP
                0x00000000        0xc ./Peripherals/src/kf32f_basic_i2c.o
 .text$I2C_Ack_Config
                0x00000000        0xc ./Peripherals/src/kf32f_basic_i2c.o
 .text$I2C_Ack_DATA_Config
                0x00000000        0xc ./Peripherals/src/kf32f_basic_i2c.o
 .text$I2C_Call_Cmd
                0x00000000        0xc ./Peripherals/src/kf32f_basic_i2c.o
 .text$I2C_Clock_Config
                0x00000000        0xc ./Peripherals/src/kf32f_basic_i2c.o
 .text$I2C_MATCH_ADDRESS_Config
                0x00000000        0xc ./Peripherals/src/kf32f_basic_i2c.o
 .text$I2C_SCL_Enable
                0x00000000        0xc ./Peripherals/src/kf32f_basic_i2c.o
 .text$I2C_NMENA_Enable
                0x00000000        0xc ./Peripherals/src/kf32f_basic_i2c.o
 .text$I2C_SMBUS_Enable
                0x00000000        0xc ./Peripherals/src/kf32f_basic_i2c.o
 .text$I2C_SMBT_Config
                0x00000000        0xc ./Peripherals/src/kf32f_basic_i2c.o
 .text$I2C_SMBus_ALERT_Config
                0x00000000        0xc ./Peripherals/src/kf32f_basic_i2c.o
 .text$I2C_SendData
                0x00000000        0x4 ./Peripherals/src/kf32f_basic_i2c.o
 .text$I2C_SendData8
                0x00000000        0x6 ./Peripherals/src/kf32f_basic_i2c.o
 .text$I2C_ReceiveData
                0x00000000        0xc ./Peripherals/src/kf32f_basic_i2c.o
 .text$I2C_ARP_Enable
                0x00000000        0xc ./Peripherals/src/kf32f_basic_i2c.o
 .text$I2C_ADDR_Config
                0x00000000       0x30 ./Peripherals/src/kf32f_basic_i2c.o
 .text$I2C_MSK_Config
                0x00000000       0x30 ./Peripherals/src/kf32f_basic_i2c.o
 .text$I2C_BRGH_Config
                0x00000000       0x14 ./Peripherals/src/kf32f_basic_i2c.o
 .text$I2C_BRGL_Config
                0x00000000        0xc ./Peripherals/src/kf32f_basic_i2c.o
 .text$I2C_Start_INT_Enable
                0x00000000        0xe ./Peripherals/src/kf32f_basic_i2c.o
 .text$I2C_Stop_INT_Enable
                0x00000000        0xe ./Peripherals/src/kf32f_basic_i2c.o
 .text$I2C_Ack_Fail_INT_Enable
                0x00000000        0xe ./Peripherals/src/kf32f_basic_i2c.o
 .text$I2C_Arbitration_Lost_INT_Enable
                0x00000000        0xe ./Peripherals/src/kf32f_basic_i2c.o
 .text$I2C_SMBus_Alert_INT_Enable
                0x00000000        0xe ./Peripherals/src/kf32f_basic_i2c.o
 .text$I2C_SMBus_HostHead_INT_Enable
                0x00000000        0xe ./Peripherals/src/kf32f_basic_i2c.o
 .text$I2C_SMBus_Device_Defaultaddress_INT_Enable
                0x00000000        0xe ./Peripherals/src/kf32f_basic_i2c.o
 .text$I2C_ISIE_INT_Enable
                0x00000000        0xe ./Peripherals/src/kf32f_basic_i2c.o
 .text$I2C_Receive_DMA_INT_Enable
                0x00000000        0xe ./Peripherals/src/kf32f_basic_i2c.o
 .text$I2C_Transmit_DMA_INT_Enable
                0x00000000        0xe ./Peripherals/src/kf32f_basic_i2c.o
 .text$I2C_Bus_Error_INT_Enable
                0x00000000        0xe ./Peripherals/src/kf32f_basic_i2c.o
 .text$I2C_Get_Start_Flag
                0x00000000        0x8 ./Peripherals/src/kf32f_basic_i2c.o
 .text$I2C_Clear_Start_Flag
                0x00000000       0x14 ./Peripherals/src/kf32f_basic_i2c.o
 .text$I2C_Get_Stop_Flag
                0x00000000        0xa ./Peripherals/src/kf32f_basic_i2c.o
 .text$I2C_Clear_Stop_Flag
                0x00000000       0x14 ./Peripherals/src/kf32f_basic_i2c.o
 .text$I2C_Get_Address_Match_Flag
                0x00000000        0xa ./Peripherals/src/kf32f_basic_i2c.o
 .text$I2C_Get_HighAddress_Flag
                0x00000000        0xa ./Peripherals/src/kf32f_basic_i2c.o
 .text$I2C_Get_Data_Flag
                0x00000000        0xa ./Peripherals/src/kf32f_basic_i2c.o
 .text$I2C_Get_Ack_Fail_Flag
                0x00000000        0xa ./Peripherals/src/kf32f_basic_i2c.o
 .text$I2C_Clear_Ack_Fail_Flag
                0x00000000       0x14 ./Peripherals/src/kf32f_basic_i2c.o
 .text$I2C_Get_Arbitration_Lost_Flag
                0x00000000        0xa ./Peripherals/src/kf32f_basic_i2c.o
 .text$I2C_Clear_Arbitration_Lost_Flag
                0x00000000       0x14 ./Peripherals/src/kf32f_basic_i2c.o
 .text$I2C_Get_Write_Read_Flag
                0x00000000        0xa ./Peripherals/src/kf32f_basic_i2c.o
 .text$I2C_Get_SMBus_Alert_Flag
                0x00000000        0xa ./Peripherals/src/kf32f_basic_i2c.o
 .text$I2C_Clear_SMBus_Alert_Flag
                0x00000000       0x16 ./Peripherals/src/kf32f_basic_i2c.o
 .text$I2C_Get_SMBus_Host_Header_Flag
                0x00000000        0xa ./Peripherals/src/kf32f_basic_i2c.o
 .text$I2C_Clear_SMBus_Host_Header_Flag
                0x00000000       0x16 ./Peripherals/src/kf32f_basic_i2c.o
 .text$I2C_Get_SMBus_Device_Default_Flag
                0x00000000        0xa ./Peripherals/src/kf32f_basic_i2c.o
 .text$I2C_Clear_SMBus_Device_Default_Flag
                0x00000000       0x16 ./Peripherals/src/kf32f_basic_i2c.o
 .text$I2C_Get_INTERRUPT_Flag
                0x00000000        0xa ./Peripherals/src/kf32f_basic_i2c.o
 .text$I2C_Clear_INTERRUPT_Flag
                0x00000000       0x16 ./Peripherals/src/kf32f_basic_i2c.o
 .text$I2C_Get_Receive_Buff_Flag
                0x00000000        0xa ./Peripherals/src/kf32f_basic_i2c.o
 .text$I2C_Get_Transmit_Buff_Flag
                0x00000000        0xa ./Peripherals/src/kf32f_basic_i2c.o
 .text$I2C_Get_Receive_DMA_Flag
                0x00000000        0xa ./Peripherals/src/kf32f_basic_i2c.o
 .text$I2C_Get_Transmit_DMA_Flag
                0x00000000        0xa ./Peripherals/src/kf32f_basic_i2c.o
 .text$I2C_Get_Bus_Error_Flag
                0x00000000        0xa ./Peripherals/src/kf32f_basic_i2c.o
 .comment       0x00000000       0x27 ./Peripherals/src/kf32f_basic_i2c.o
 .text          0x00000000        0x0 ./Peripherals/src/kf32f_basic_int.o
 .data          0x00000000        0x0 ./Peripherals/src/kf32f_basic_int.o
 .bss           0x00000000        0x0 ./Peripherals/src/kf32f_basic_int.o
 .text$INT_Get_Interrupt_Action
                0x00000000       0x14 ./Peripherals/src/kf32f_basic_int.o
 .text$INT_Get_Priority_Pending_Action
                0x00000000       0x14 ./Peripherals/src/kf32f_basic_int.o
 .text$INT_Priority_Base
                0x00000000       0x1c ./Peripherals/src/kf32f_basic_int.o
 .text$INT_Get_Priority_Base
                0x00000000       0x14 ./Peripherals/src/kf32f_basic_int.o
 .text$INT_Stack_Align_Config
                0x00000000       0x14 ./Peripherals/src/kf32f_basic_int.o
 .text$INT_Fault_Masking_Config
                0x00000000       0x14 ./Peripherals/src/kf32f_basic_int.o
 .text$INT_Get_Pre_Empty
                0x00000000       0x10 ./Peripherals/src/kf32f_basic_int.o
 .text$INT_Get_Pending_Flag
                0x00000000       0x10 ./Peripherals/src/kf32f_basic_int.o
 .text$INT_Priority_Group_Config
                0x00000000       0x14 ./Peripherals/src/kf32f_basic_int.o
 .text$INT_Get_Priority_Group
                0x00000000       0x10 ./Peripherals/src/kf32f_basic_int.o
 .text$INT_Interrupt_Enable
                0x00000000       0x60 ./Peripherals/src/kf32f_basic_int.o
 .text$INT_Set_Systick_Flag
                0x00000000        0xc ./Peripherals/src/kf32f_basic_int.o
 .text$INT_Set_PendSV_Flag
                0x00000000        0xc ./Peripherals/src/kf32f_basic_int.o
 .text$INT_Get_Interrupt_Flag
                0x00000000       0x56 ./Peripherals/src/kf32f_basic_int.o
 .text$INT_Clear_Interrupt_Flag
                0x00000000       0x62 ./Peripherals/src/kf32f_basic_int.o
 .text$INT_Interrupt_Priority_Config
                0x00000000       0x96 ./Peripherals/src/kf32f_basic_int.o
 .text$INT_Set_Interrupt_Priority
                0x00000000       0x28 ./Peripherals/src/kf32f_basic_int.o
 .text$INT_Stack_Delay_Enable
                0x00000000       0x18 ./Peripherals/src/kf32f_basic_int.o
 .text$INT_External_Configuration
                0x00000000       0x6e ./Peripherals/src/kf32f_basic_int.o
 .text$INT_External_Struct_Init
                0x00000000        0xe ./Peripherals/src/kf32f_basic_int.o
 .text$INT_External_Mask_Enable
                0x00000000       0x1e ./Peripherals/src/kf32f_basic_int.o
 .text$INT_External_Rise_Enable
                0x00000000       0x1e ./Peripherals/src/kf32f_basic_int.o
 .text$INT_External_Fall_Enable
                0x00000000       0x1e ./Peripherals/src/kf32f_basic_int.o
 .text$INT_Get_External_Flag
                0x00000000       0x1c ./Peripherals/src/kf32f_basic_int.o
 .text$INT_External_Clear_Flag
                0x00000000       0x2c ./Peripherals/src/kf32f_basic_int.o
 .text$INT_External_Source_Enable
                0x00000000       0x34 ./Peripherals/src/kf32f_basic_int.o
 .comment       0x00000000       0x27 ./Peripherals/src/kf32f_basic_int.o
 .text          0x00000000        0x0 ./Peripherals/src/kf32f_basic_iwdt.o
 .data          0x00000000        0x0 ./Peripherals/src/kf32f_basic_iwdt.o
 .bss           0x00000000        0x0 ./Peripherals/src/kf32f_basic_iwdt.o
 .text$IWDT_Prescaler_Config
                0x00000000       0x14 ./Peripherals/src/kf32f_basic_iwdt.o
 .text$IWDT_Overflow_Config
                0x00000000       0x18 ./Peripherals/src/kf32f_basic_iwdt.o
 .text$IWDT_Enable
                0x00000000       0x14 ./Peripherals/src/kf32f_basic_iwdt.o
 .text$IWDT_Feed_The_Dog
                0x00000000       0x10 ./Peripherals/src/kf32f_basic_iwdt.o
 .comment       0x00000000       0x27 ./Peripherals/src/kf32f_basic_iwdt.o
 .text          0x00000000        0x0 ./Peripherals/src/kf32f_basic_op.o
 .data          0x00000000        0x0 ./Peripherals/src/kf32f_basic_op.o
 .bss           0x00000000        0x0 ./Peripherals/src/kf32f_basic_op.o
 .comment       0x00000000       0x27 ./Peripherals/src/kf32f_basic_op.o
 .text          0x00000000        0x0 ./Peripherals/src/kf32f_basic_osc.o
 .data          0x00000000        0x0 ./Peripherals/src/kf32f_basic_osc.o
 .bss           0x00000000        0x0 ./Peripherals/src/kf32f_basic_osc.o
 .text$OSC_SCLK_Configuration
                0x00000000       0xac ./Peripherals/src/kf32f_basic_osc.o
 .text$OSC_HFCK_Configuration
                0x00000000       0xb2 ./Peripherals/src/kf32f_basic_osc.o
 .text$OSC_LFCK_Configuration
                0x00000000       0x3c ./Peripherals/src/kf32f_basic_osc.o
 .text$OSC_CK48M_Configuration
                0x00000000       0x8c ./Peripherals/src/kf32f_basic_osc.o
 .text$OSC_Struct_Init
                0x00000000        0xe ./Peripherals/src/kf32f_basic_osc.o
 .text$OSC_Backup_Write_Read_Enable
                0x00000000       0x10 ./Peripherals/src/kf32f_basic_osc.o
 .text$OSC_SCLK_Output_Enable
                0x00000000       0x14 ./Peripherals/src/kf32f_basic_osc.o
 .text$OSC_SCLK_Output_Select
                0x00000000       0x18 ./Peripherals/src/kf32f_basic_osc.o
 .text$OSC_SCLK_Output_Division_Config
                0x00000000       0x18 ./Peripherals/src/kf32f_basic_osc.o
 .text$OSC_Clock_Failure_Check_Enable
                0x00000000       0x14 ./Peripherals/src/kf32f_basic_osc.o
 .text$OSC_CK48M_Division_Config
                0x00000000       0x12 ./Peripherals/src/kf32f_basic_osc.o
 .text$OSC_CK48M_Source_Config
                0x00000000       0x14 ./Peripherals/src/kf32f_basic_osc.o
 .text$OSC_CK48M_Enable
                0x00000000       0x14 ./Peripherals/src/kf32f_basic_osc.o
 .text$OSC_EXTHF_Start_Delay_Config
                0x00000000       0x18 ./Peripherals/src/kf32f_basic_osc.o
 .text$OSC_EXTLF_Start_Delay_Config
                0x00000000       0x18 ./Peripherals/src/kf32f_basic_osc.o
 .text$OSC_EXTHF_Software_Enable
                0x00000000       0x14 ./Peripherals/src/kf32f_basic_osc.o
 .text$OSC_EXTLF_Software_Enable
                0x00000000       0x14 ./Peripherals/src/kf32f_basic_osc.o
 .text$OSC_Zero_Drift_Config
                0x00000000       0x18 ./Peripherals/src/kf32f_basic_osc.o
 .text$OSC_Positive_Drift_Config
                0x00000000       0x18 ./Peripherals/src/kf32f_basic_osc.o
 .text$OSC_Negative_Drift_Config
                0x00000000       0x12 ./Peripherals/src/kf32f_basic_osc.o
 .text$OSC_Current_Gain_Config
                0x00000000       0x12 ./Peripherals/src/kf32f_basic_osc.o
 .text$OSC_High_Speed_Enable
                0x00000000       0x14 ./Peripherals/src/kf32f_basic_osc.o
 .text$OSC_External_Input_Enable
                0x00000000       0x14 ./Peripherals/src/kf32f_basic_osc.o
 .text$OSC_Feedback_Resistance_Config
                0x00000000       0x14 ./Peripherals/src/kf32f_basic_osc.o
 .text$OSC_PLL_Zero_Source_Enable
                0x00000000       0x14 ./Peripherals/src/kf32f_basic_osc.o
 .text$OSC_PLL_Vref2_Enable
                0x00000000       0x14 ./Peripherals/src/kf32f_basic_osc.o
 .text$OSC_PLL_Vref0p5_Enable
                0x00000000       0x14 ./Peripherals/src/kf32f_basic_osc.o
 .text$OSC_PLL_Vref1p2_Enable
                0x00000000       0x14 ./Peripherals/src/kf32f_basic_osc.o
 .text$OSC_PLL_Low_Power_20nA_Enable
                0x00000000       0x14 ./Peripherals/src/kf32f_basic_osc.o
 .text$OSC_PLL_Vref1p14_Enable
                0x00000000       0x14 ./Peripherals/src/kf32f_basic_osc.o
 .text$OSC_PLL_Low_Power_100nA_Enable
                0x00000000       0x14 ./Peripherals/src/kf32f_basic_osc.o
 .text$OSC_PLL_LDO_Enable
                0x00000000       0x14 ./Peripherals/src/kf32f_basic_osc.o
 .text$OSC_PLL_INT_Enable
                0x00000000       0x14 ./Peripherals/src/kf32f_basic_osc.o
 .text$OSC_EXTHF_INT_Enable
                0x00000000       0x14 ./Peripherals/src/kf32f_basic_osc.o
 .text$OSC_EXTLF_INT_Enable
                0x00000000       0x14 ./Peripherals/src/kf32f_basic_osc.o
 .text$OSC_INTHF_INT_Enable
                0x00000000       0x14 ./Peripherals/src/kf32f_basic_osc.o
 .text$OSC_LP4M_INT_Enable
                0x00000000       0x14 ./Peripherals/src/kf32f_basic_osc.o
 .text$OSC_INTLF_INT_Enable
                0x00000000       0x14 ./Peripherals/src/kf32f_basic_osc.o
 .text$OSC_Get_Clock_Failure_INT_Flag
                0x00000000        0xe ./Peripherals/src/kf32f_basic_osc.o
 .text$OSC_Get_EXTHF_INT_Flag
                0x00000000        0xe ./Peripherals/src/kf32f_basic_osc.o
 .text$OSC_Get_EXTLF_INT_Flag
                0x00000000        0xe ./Peripherals/src/kf32f_basic_osc.o
 .text$OSC_Get_INTLF_INT_Flag
                0x00000000        0xc ./Peripherals/src/kf32f_basic_osc.o
 .text$OSC_Get_LP4MIF_INT_Flag
                0x00000000        0xe ./Peripherals/src/kf32f_basic_osc.o
 .comment       0x00000000       0x27 ./Peripherals/src/kf32f_basic_osc.o
 .text          0x00000000        0x0 ./Peripherals/src/kf32f_basic_pclk.o
 .data          0x00000000        0x0 ./Peripherals/src/kf32f_basic_pclk.o
 .bss           0x00000000        0x0 ./Peripherals/src/kf32f_basic_pclk.o
 .text$PCLK_CTL0_Peripheral_Clock_Enable
                0x00000000       0x1a ./Peripherals/src/kf32f_basic_pclk.o
 .text$PCLK_CTL3_Peripheral_Clock_Enable
                0x00000000       0x1a ./Peripherals/src/kf32f_basic_pclk.o
 .comment       0x00000000       0x27 ./Peripherals/src/kf32f_basic_pclk.o
 .text          0x00000000        0x0 ./Peripherals/src/kf32f_basic_pm.o
 .data          0x00000000        0x0 ./Peripherals/src/kf32f_basic_pm.o
 .bss           0x00000000        0x0 ./Peripherals/src/kf32f_basic_pm.o
 .text$PM_IO_Latch_Enable
                0x00000000       0x14 ./Peripherals/src/kf32f_basic_pm.o
 .text$PM_Get_IO_Latch_Status
                0x00000000        0xc ./Peripherals/src/kf32f_basic_pm.o
 .text$PM_Internal_Low_Frequency_Enable
                0x00000000       0x14 ./Peripherals/src/kf32f_basic_pm.o
 .text$PM_External_Low_Frequency_Enable
                0x00000000       0x14 ./Peripherals/src/kf32f_basic_pm.o
 .text$PM_External_Low_Frequency_Clock_Enable
                0x00000000       0x14 ./Peripherals/src/kf32f_basic_pm.o
 .text$PM_Main_Bandgap_Enable
                0x00000000       0x14 ./Peripherals/src/kf32f_basic_pm.o
 .text$PM_LDO18_Enable
                0x00000000       0x14 ./Peripherals/src/kf32f_basic_pm.o
 .text$PM_Backup_Registers_Reset_Config
                0x00000000       0x14 ./Peripherals/src/kf32f_basic_pm.o
 .text$PM_Independent_Watchdog_Reset_Config
                0x00000000       0x14 ./Peripherals/src/kf32f_basic_pm.o
 .text$PM_SRAMA_In_Standby_Work_Mode_Config
                0x00000000       0x14 ./Peripherals/src/kf32f_basic_pm.o
 .text$PM_LPRAM_In_Standby_Work_Mode_Config
                0x00000000       0x14 ./Peripherals/src/kf32f_basic_pm.o
 .text$PM_Backup_POR_Delay_Time_Config
                0x00000000       0x14 ./Peripherals/src/kf32f_basic_pm.o
 .text$PM_Main_POR_Delay_Time_Config
                0x00000000       0x14 ./Peripherals/src/kf32f_basic_pm.o
 .text$PM_Peripheral_IO_Port_Config
                0x00000000       0x14 ./Peripherals/src/kf32f_basic_pm.o
 .text$PM_OCAL0LOCK_Enable
                0x00000000       0x14 ./Peripherals/src/kf32f_basic_pm.o
 .text$PM_MEMSEL_Enable
                0x00000000       0x14 ./Peripherals/src/kf32f_basic_pm.o
 .text$PM_Flash_Power_Off_Enable
                0x00000000       0x14 ./Peripherals/src/kf32f_basic_pm.o
 .text$PM_CCP0CLKLPEN_Enable
                0x00000000       0x14 ./Peripherals/src/kf32f_basic_pm.o
 .text$PM_Backup_Write_And_Read_Enable
                0x00000000       0x14 ./Peripherals/src/kf32f_basic_pm.o
 .text$PM_VREF_Software_Enable
                0x00000000       0x14 ./Peripherals/src/kf32f_basic_pm.o
 .text$PM_VREF_SELECT
                0x00000000       0x14 ./Peripherals/src/kf32f_basic_pm.o
 .text$PM_LPR_Software_Enable
                0x00000000       0x14 ./Peripherals/src/kf32f_basic_pm.o
 .text$PM_Low_Power_Mode_Config
                0x00000000       0x14 ./Peripherals/src/kf32f_basic_pm.o
 .text$PM_BOR_Enable
                0x00000000       0x14 ./Peripherals/src/kf32f_basic_pm.o
 .text$PM_Low_Power_BOR_Enable
                0x00000000       0x14 ./Peripherals/src/kf32f_basic_pm.o
[...]

.debug_abbrev   0x00000000     0x43e8
 *(.debug_abbrev)
 .debug_abbrev  0x00000000       0x6f ./BSP/bsp.o
 .debug_abbrev  0x0000006f      0x186 ./BSP/bsp_flash.o
 .debug_abbrev  0x000001f5      0x174 ./BSP/bsp_usart.o
 .debug_abbrev  0x00000369       0x26 ./Driver/iap.o
 .debug_abbrev  0x0000038f      0x194 ./KF32_EVAL.o
 .debug_abbrev  0x00000523       0x2e ./kf_it.o
 .debug_abbrev  0x00000551      0x102 ./main.o
 .debug_abbrev  0x00000653      0x1b4 ./system_init.o
 .debug_abbrev  0x00000807      0x123 ./Middle/boot.o
 .debug_abbrev  0x0000092a       0x76 ./Middle/delay.o
 .debug_abbrev  0x000009a0      0x1b1 ./Middle/md5.o
 .debug_abbrev  0x00000b51      0x2a1 ./Middle/ymodem.o
 .debug_abbrev  0x00000df2      0x28c ./Peripherals/src/kf32f_basic_adc.o
 .debug_abbrev  0x0000107e      0x221 ./Peripherals/src/kf32f_basic_atim.o
 .debug_abbrev  0x0000129f      0x1fa ./Peripherals/src/kf32f_basic_bkp.o
 .debug_abbrev  0x00001499      0x207 ./Peripherals/src/kf32f_basic_btim.o
 .debug_abbrev  0x000016a0      0x1c8 ./Peripherals/src/kf32f_basic_cfgl.o
 .debug_abbrev  0x00001868      0x200 ./Peripherals/src/kf32f_basic_cmp.o
 .debug_abbrev  0x00001a68      0x1ae ./Peripherals/src/kf32f_basic_crc.o
 .debug_abbrev  0x00001c16      0x211 ./Peripherals/src/kf32f_basic_dac.o
 .debug_abbrev  0x00001e27      0x250 ./Peripherals/src/kf32f_basic_dma.o
 .debug_abbrev  0x00002077      0x38f ./Peripherals/src/kf32f_basic_flash.o
 .debug_abbrev  0x00002406      0x204 ./Peripherals/src/kf32f_basic_gpio.o
 .debug_abbrev  0x0000260a      0x232 ./Peripherals/src/kf32f_basic_gptim.o
 .debug_abbrev  0x0000283c      0x213 ./Peripherals/src/kf32f_basic_i2c.o
 .debug_abbrev  0x00002a4f      0x22d ./Peripherals/src/kf32f_basic_int.o
 .debug_abbrev  0x00002c7c      0x12a ./Peripherals/src/kf32f_basic_iwdt.o
 .debug_abbrev  0x00002da6       0x26 ./Peripherals/src/kf32f_basic_op.o
 .debug_abbrev  0x00002dcc      0x233 ./Peripherals/src/kf32f_basic_osc.o
 .debug_abbrev  0x00002fff       0xd1 ./Peripherals/src/kf32f_basic_pclk.o
 .debug_abbrev  0x000030d0      0x1da ./Peripherals/src/kf32f_basic_pm.o
 .debug_abbrev  0x000032aa       0xd1 ./Peripherals/src/kf32f_basic_rst.o
 .debug_abbrev  0x0000337b      0x2af ./Peripherals/src/kf32f_basic_rtc.o
 .debug_abbrev  0x0000362a      0x1c6 ./Peripherals/src/kf32f_basic_sysctl.o
 .debug_abbrev  0x000037f0      0x189 ./Peripherals/src/kf32f_basic_systick.o
 .debug_abbrev  0x00003979      0x255 ./Peripherals/src/kf32f_basic_usart.o
 .debug_abbrev  0x00003bce      0x189 ./Peripherals/src/kf32f_basic_wwdt.o
 .debug_abbrev  0x00003d57       0x2c ./config/chip_mode_protect_config.o
 .debug_abbrev  0x00003d83       0x7c ./config/startup.o
 .debug_abbrev  0x00003dff       0xa4 D:/ResearchSoftware/KungFu32/ChipONCC32/ccr1_issue/lib\libio.a(printf.o)
 .debug_abbrev  0x00003ea3      0x121 D:/ResearchSoftware/KungFu32/ChipONCC32/ccr1_issue/lib\libio.a(vfprintf.o)
 .debug_abbrev  0x00003fc4      0x108 D:/ResearchSoftware/KungFu32/ChipONCC32/ccr1_issue/lib\libstring.a(mem_set_cpy_Fast.o)
 .debug_abbrev  0x000040cc      0x1b8 D:/ResearchSoftware/KungFu32/ChipONCC32/ccr1_issue/lib\libstdlib.a(ftoa.o)
 .debug_abbrev  0x00004284       0x9a D:/ResearchSoftware/KungFu32/ChipONCC32/ccr1_issue/lib\libstdlib.a(itoa.o)
 .debug_abbrev  0x0000431e       0xca D:/ResearchSoftware/KungFu32/ChipONCC32/ccr1_issue/lib\libstdlib.a(ltoa.o)

.debug_line     0x00000000    0x15b75
 *(.debug_line .debug_line.* .debug_line_end)
 .debug_line    0x00000000       0x5e ./BSP/bsp.o
 .debug_line    0x0000005e      0x625 ./BSP/bsp_flash.o
 .debug_line    0x00000683      0x1f9 ./BSP/bsp_usart.o
 .debug_line    0x0000087c       0x27 ./Driver/iap.o
 .debug_line    0x000008a3      0x2ad ./KF32_EVAL.o
 .debug_line    0x00000b50      0x163 ./kf_it.o
 .debug_line    0x00000cb3      0x19b ./main.o
 .debug_line    0x00000e4e      0x381 ./system_init.o
 .debug_line    0x000011cf      0x15b ./Middle/boot.o
 .debug_line    0x0000132a       0xb4 ./Middle/delay.o
 .debug_line    0x000013de      0x429 ./Middle/md5.o
 .debug_line    0x00001807      0x56f ./Middle/ymodem.o
 .debug_line    0x00001d76      0xfa8 ./Peripherals/src/kf32f_basic_adc.o
 .debug_line    0x00002d1e     0x2291 ./Peripherals/src/kf32f_basic_atim.o
 .debug_line    0x00004faf      0x52b ./Peripherals/src/kf32f_basic_bkp.o
 .debug_line    0x000054da      0xc85 ./Peripherals/src/kf32f_basic_btim.o
 .debug_line    0x0000615f      0x8ce ./Peripherals/src/kf32f_basic_cfgl.o
 .debug_line    0x00006a2d      0xda6 ./Peripherals/src/kf32f_basic_cmp.o
 .debug_line    0x000077d3      0x2b8 ./Peripherals/src/kf32f_basic_crc.o
 .debug_line    0x00007a8b      0x4d2 ./Peripherals/src/kf32f_basic_dac.o
 .debug_line    0x00007f5d      0x912 ./Peripherals/src/kf32f_basic_dma.o
 .debug_line    0x0000886f     0x154a ./Peripherals/src/kf32f_basic_flash.o
 .debug_line    0x00009db9      0x840 ./Peripherals/src/kf32f_basic_gpio.o
 .debug_line    0x0000a5f9     0x1428 ./Peripherals/src/kf32f_basic_gptim.o
 .debug_line    0x0000ba21      0xed3 ./Peripherals/src/kf32f_basic_i2c.o
 .debug_line    0x0000c8f4      0xb4d ./Peripherals/src/kf32f_basic_int.o
 .debug_line    0x0000d441      0x1ba ./Peripherals/src/kf32f_basic_iwdt.o
 .debug_line    0x0000d5fb       0x27 ./Peripherals/src/kf32f_basic_op.o
 .debug_line    0x0000d622     0x1560 ./Peripherals/src/kf32f_basic_osc.o
 .debug_line    0x0000eb82      0x1da ./Peripherals/src/kf32f_basic_pclk.o
 .debug_line    0x0000ed5c     0x14af ./Peripherals/src/kf32f_basic_pm.o
 .debug_line    0x0001020b      0x1d9 ./Peripherals/src/kf32f_basic_rst.o
 .debug_line    0x000103e4     0x22b5 ./Peripherals/src/kf32f_basic_rtc.o
 .debug_line    0x00012699      0x571 ./Peripherals/src/kf32f_basic_sysctl.o
 .debug_line    0x00012c0a      0x2b7 ./Peripherals/src/kf32f_basic_systick.o
 .debug_line    0x00012ec1     0x197c ./Peripherals/src/kf32f_basic_usart.o
 .debug_line    0x0001483d      0x2b6 ./Peripherals/src/kf32f_basic_wwdt.o
 .debug_line    0x00014af3       0x4f ./config/chip_mode_protect_config.o
 .debug_line    0x00014b42       0x98 ./config/startup.o
 .debug_line    0x00014bda       0x27 ./config/vector.o
 .debug_line    0x00014c01       0x7c D:/ResearchSoftware/KungFu32/ChipONCC32/ccr1_issue/lib\libio.a(printf.o)
 .debug_line    0x00014c7d      0x59b D:/ResearchSoftware/KungFu32/ChipONCC32/ccr1_issue/lib\libio.a(vfprintf.o)
 .debug_line    0x00015218      0x38b D:/ResearchSoftware/KungFu32/ChipONCC32/ccr1_issue/lib\libstring.a(mem_set_cpy_Fast.o)
 .debug_line    0x000155a3      0x464 D:/ResearchSoftware/KungFu32/ChipONCC32/ccr1_issue/lib\libstdlib.a(ftoa.o)
 .debug_line    0x00015a07       0x75 D:/ResearchSoftware/KungFu32/ChipONCC32/ccr1_issue/lib\libstdlib.a(itoa.o)
 .debug_line    0x00015a7c       0xf9 D:/ResearchSoftware/KungFu32/ChipONCC32/ccr1_issue/lib\libstdlib.a(ltoa.o)

.debug_frame    0x00000000     0x44c4
 *(.debug_frame)
 .debug_frame   0x00000000       0x28 ./BSP/bsp.o
 .debug_frame   0x00000028      0x1bc ./BSP/bsp_flash.o
 .debug_frame   0x000001e4       0x40 ./BSP/bsp_usart.o
 .debug_frame   0x00000224       0xa8 ./KF32_EVAL.o
 .debug_frame   0x000002cc       0xd0 ./kf_it.o
 .debug_frame   0x0000039c       0x28 ./main.o
 .debug_frame   0x000003c4       0x78 ./system_init.o
 .debug_frame   0x0000043c       0x38 ./Middle/boot.o
 .debug_frame   0x00000474       0x28 ./Middle/delay.o
 .debug_frame   0x0000049c       0xb0 ./Middle/md5.o
 .debug_frame   0x0000054c       0xb8 ./Middle/ymodem.o
 .debug_frame   0x00000604      0x300 ./Peripherals/src/kf32f_basic_adc.o
 .debug_frame   0x00000904      0x77c ./Peripherals/src/kf32f_basic_atim.o
 .debug_frame   0x00001080       0xf0 ./Peripherals/src/kf32f_basic_bkp.o
 .debug_frame   0x00001170      0x2d8 ./Peripherals/src/kf32f_basic_btim.o
 .debug_frame   0x00001448      0x14c ./Peripherals/src/kf32f_basic_cfgl.o
 .debug_frame   0x00001594      0x2ac ./Peripherals/src/kf32f_basic_cmp.o
 .debug_frame   0x00001840       0xcc ./Peripherals/src/kf32f_basic_crc.o
 .debug_frame   0x0000190c       0xe0 ./Peripherals/src/kf32f_basic_dac.o
 .debug_frame   0x000019ec      0x1f8 ./Peripherals/src/kf32f_basic_dma.o
 .debug_frame   0x00001be4      0x388 ./Peripherals/src/kf32f_basic_flash.o
 .debug_frame   0x00001f6c      0x178 ./Peripherals/src/kf32f_basic_gpio.o
 .debug_frame   0x000020e4      0x3e0 ./Peripherals/src/kf32f_basic_gptim.o
 .debug_frame   0x000024c4      0x3f0 ./Peripherals/src/kf32f_basic_i2c.o
 .debug_frame   0x000028b4      0x1cc ./Peripherals/src/kf32f_basic_int.o
 .debug_frame   0x00002a80       0x50 ./Peripherals/src/kf32f_basic_iwdt.o
 .debug_frame   0x00002ad0      0x40c ./Peripherals/src/kf32f_basic_osc.o
 .debug_frame   0x00002edc       0x50 ./Peripherals/src/kf32f_basic_pclk.o
 .debug_frame   0x00002f2c      0x490 ./Peripherals/src/kf32f_basic_pm.o
 .debug_frame   0x000033bc       0x50 ./Peripherals/src/kf32f_basic_rst.o
 .debug_frame   0x0000340c      0x66c ./Peripherals/src/kf32f_basic_rtc.o
 .debug_frame   0x00003a78      0x150 ./Peripherals/src/kf32f_basic_sysctl.o
 .debug_frame   0x00003bc8       0xa0 ./Peripherals/src/kf32f_basic_systick.o
 .debug_frame   0x00003c68      0x5f8 ./Peripherals/src/kf32f_basic_usart.o
 .debug_frame   0x00004260       0xa8 ./Peripherals/src/kf32f_basic_wwdt.o
 .debug_frame   0x00004308       0x28 ./config/startup.o
 .debug_frame   0x00004330       0x38 D:/ResearchSoftware/KungFu32/ChipONCC32/ccr1_issue/lib\libio.a(printf.o)
 .debug_frame   0x00004368       0x34 D:/ResearchSoftware/KungFu32/ChipONCC32/ccr1_issue/lib\libio.a(vfprintf.o)
 .debug_frame   0x0000439c       0x3c D:/ResearchSoftware/KungFu32/ChipONCC32/ccr1_issue/lib\libstring.a(mem_set_cpy_Fast.o)
 .debug_frame   0x000043d8       0x68 D:/ResearchSoftware/KungFu32/ChipONCC32/ccr1_issue/lib\libstdlib.a(ftoa.o)
 .debug_frame   0x00004440       0x40 D:/ResearchSoftware/KungFu32/ChipONCC32/ccr1_issue/lib\libstdlib.a(itoa.o)
 .debug_frame   0x00004480       0x44 D:/ResearchSoftware/KungFu32/ChipONCC32/ccr1_issue/lib\libstdlib.a(ltoa.o)

.debug_str      0x00000000     0xca3e
 *(.debug_str)
 .debug_str     0x00000000       0xe4 ./BSP/bsp.o
 .debug_str     0x000000e4      0x2cc ./BSP/bsp_flash.o
 .debug_str     0x000003b0      0x6d8 ./BSP/bsp_usart.o
 .debug_str     0x00000a88       0xca ./Driver/iap.o
 .debug_str     0x00000b52      0x84b ./KF32_EVAL.o
 .debug_str     0x0000139d      0x128 ./kf_it.o
 .debug_str     0x000014c5      0x21c ./main.o
 .debug_str     0x000016e1      0x2ce ./system_init.o
 .debug_str     0x000019af      0x1a6 ./Middle/boot.o
 .debug_str     0x00001b55       0xde ./Middle/delay.o
 .debug_str     0x00001c33      0x1aa ./Middle/md5.o
 .debug_str     0x00001ddd      0x24f ./Middle/ymodem.o
 .debug_str     0x0000202c      0x942 ./Peripherals/src/kf32f_basic_adc.o
 .debug_str     0x0000296e     0x116d ./Peripherals/src/kf32f_basic_atim.o
 .debug_str     0x00003adb      0x363 ./Peripherals/src/kf32f_basic_bkp.o
 .debug_str     0x00003e3e      0x6ac ./Peripherals/src/kf32f_basic_btim.o
 .debug_str     0x000044ea      0x647 ./Peripherals/src/kf32f_basic_cfgl.o
 .debug_str     0x00004b31      0x5bc ./Peripherals/src/kf32f_basic_cmp.o
 .debug_str     0x000050ed      0x294 ./Peripherals/src/kf32f_basic_crc.o
 .debug_str     0x00005381      0x353 ./Peripherals/src/kf32f_basic_dac.o
 .debug_str     0x000056d4      0x6f6 ./Peripherals/src/kf32f_basic_dma.o
 .debug_str     0x00005dca      0x981 ./Peripherals/src/kf32f_basic_flash.o
 .debug_str     0x0000674b      0x4d8 ./Peripherals/src/kf32f_basic_gpio.o
 .debug_str     0x00006c23      0xa33 ./Peripherals/src/kf32f_basic_gptim.o
 .debug_str     0x00007656      0x79a ./Peripherals/src/kf32f_basic_i2c.o
 .debug_str     0x00007df0      0x91c ./Peripherals/src/kf32f_basic_int.o
 .debug_str     0x0000870c      0x1ab ./Peripherals/src/kf32f_basic_iwdt.o
 .debug_str     0x000088b7       0xde ./Peripherals/src/kf32f_basic_op.o
 .debug_str     0x00008995      0x862 ./Peripherals/src/kf32f_basic_osc.o
 .debug_str     0x000091f7      0x1f9 ./Peripherals/src/kf32f_basic_pclk.o
 .debug_str     0x000093f0      0xa71 ./Peripherals/src/kf32f_basic_pm.o
 .debug_str     0x00009e61      0x1ee ./Peripherals/src/kf32f_basic_rst.o
 .debug_str     0x0000a04f      0xd94 ./Peripherals/src/kf32f_basic_rtc.o
 .debug_str     0x0000ade3      0x391 ./Peripherals/src/kf32f_basic_sysctl.o
 .debug_str     0x0000b174      0x258 ./Peripherals/src/kf32f_basic_systick.o
 .debug_str     0x0000b3cc      0xd41 ./Peripherals/src/kf32f_basic_usart.o
 .debug_str     0x0000c10d      0x21a ./Peripherals/src/kf32f_basic_wwdt.o
 .debug_str     0x0000c327       0x8d ./config/chip_mode_protect_config.o
 .debug_str     0x0000c3b4       0xbd ./config/startup.o
 .debug_str     0x0000c471       0x80 D:/ResearchSoftware/KungFu32/ChipONCC32/ccr1_issue/lib\libio.a(printf.o)
 .debug_str     0x0000c4f1      0x165 D:/ResearchSoftware/KungFu32/ChipONCC32/ccr1_issue/lib\libio.a(vfprintf.o)
 .debug_str     0x0000c656      0x15a D:/ResearchSoftware/KungFu32/ChipONCC32/ccr1_issue/lib\libstring.a(mem_set_cpy_Fast.o)
 .debug_str     0x0000c7b0      0x119 D:/ResearchSoftware/KungFu32/ChipONCC32/ccr1_issue/lib\libstdlib.a(ftoa.o)
 .debug_str     0x0000c8c9       0xb7 D:/ResearchSoftware/KungFu32/ChipONCC32/ccr1_issue/lib\libstdlib.a(itoa.o)
 .debug_str     0x0000c980       0xbe D:/ResearchSoftware/KungFu32/ChipONCC32/ccr1_issue/lib\libstdlib.a(ltoa.o)

.debug_loc      0x00000000    0x12b23
 *(.debug_loc)
 .debug_loc     0x00000000      0x7ea ./BSP/bsp_flash.o
 .debug_loc     0x000007ea       0x37 ./BSP/bsp_usart.o
 .debug_loc     0x00000821       0xc6 ./KF32_EVAL.o
 .debug_loc     0x000008e7       0x6c ./main.o
 .debug_loc     0x00000953      0x15e ./system_init.o
 .debug_loc     0x00000ab1       0x76 ./Middle/boot.o
 .debug_loc     0x00000b27       0x4a ./Middle/delay.o
 .debug_loc     0x00000b71      0x496 ./Middle/md5.o
 .debug_loc     0x00001007      0x562 ./Middle/ymodem.o
 .debug_loc     0x00001569     0x1078 ./Peripherals/src/kf32f_basic_adc.o
 .debug_loc     0x000025e1     0x290a ./Peripherals/src/kf32f_basic_atim.o
 .debug_loc     0x00004eeb      0x38f ./Peripherals/src/kf32f_basic_bkp.o
 .debug_loc     0x0000527a      0x63d ./Peripherals/src/kf32f_basic_btim.o
 .debug_loc     0x000058b7      0x16c ./Peripherals/src/kf32f_basic_cfgl.o
 .debug_loc     0x00005a23      0x9a3 ./Peripherals/src/kf32f_basic_cmp.o
 .debug_loc     0x000063c6       0x8e ./Peripherals/src/kf32f_basic_crc.o
 .debug_loc     0x00006454      0x1f6 ./Peripherals/src/kf32f_basic_dac.o
 .debug_loc     0x0000664a      0xc0c ./Peripherals/src/kf32f_basic_dma.o
 .debug_loc     0x00007256     0x14fb ./Peripherals/src/kf32f_basic_flash.o
 .debug_loc     0x00008751      0x971 ./Peripherals/src/kf32f_basic_gpio.o
 .debug_loc     0x000090c2     0x131d ./Peripherals/src/kf32f_basic_gptim.o
 .debug_loc     0x0000a3df      0x8bf ./Peripherals/src/kf32f_basic_i2c.o
 .debug_loc     0x0000ac9e     0x1110 ./Peripherals/src/kf32f_basic_int.o
 .debug_loc     0x0000bdae       0xba ./Peripherals/src/kf32f_basic_iwdt.o
 .debug_loc     0x0000be68     0x1300 ./Peripherals/src/kf32f_basic_osc.o
 .debug_loc     0x0000d168      0x120 ./Peripherals/src/kf32f_basic_pclk.o
 .debug_loc     0x0000d288      0xa23 ./Peripherals/src/kf32f_basic_pm.o
 .debug_loc     0x0000dcab      0x120 ./Peripherals/src/kf32f_basic_rst.o
 .debug_loc     0x0000ddcb     0x2e45 ./Peripherals/src/kf32f_basic_rtc.o
 .debug_loc     0x00010c10      0x220 ./Peripherals/src/kf32f_basic_sysctl.o
 .debug_loc     0x00010e30      0x147 ./Peripherals/src/kf32f_basic_systick.o
 .debug_loc     0x00010f77      0xce3 ./Peripherals/src/kf32f_basic_usart.o
 .debug_loc     0x00011c5a       0xe9 ./Peripherals/src/kf32f_basic_wwdt.o
 .debug_loc     0x00011d43       0x1e ./config/startup.o
 .debug_loc     0x00011d61      0x815 D:/ResearchSoftware/KungFu32/ChipONCC32/ccr1_issue/lib\libio.a(vfprintf.o)
 .debug_loc     0x00012576      0x31f D:/ResearchSoftware/KungFu32/ChipONCC32/ccr1_issue/lib\libstring.a(mem_set_cpy_Fast.o)
 .debug_loc     0x00012895       0xfc D:/ResearchSoftware/KungFu32/ChipONCC32/ccr1_issue/lib\libstdlib.a(ftoa.o)
 .debug_loc     0x00012991       0xc6 D:/ResearchSoftware/KungFu32/ChipONCC32/ccr1_issue/lib\libstdlib.a(itoa.o)
 .debug_loc     0x00012a57       0xcc D:/ResearchSoftware/KungFu32/ChipONCC32/ccr1_issue/lib\libstdlib.a(ltoa.o)

.debug_macinfo
 *(.debug_macinfo)

.debug_weaknames
 *(.debug_weaknames)

.debug_funcnames
 *(.debug_funcnames)

.debug_typenames
 *(.debug_typenames)

.debug_varnames
 *(.debug_varnames)

.debug_pubtypes
 *(.debug_pubtypes)

.debug_ranges   0x00000000     0x2c18
 *(.debug_ranges)
 .debug_ranges  0x00000000       0x10 ./BSP/bsp.o
 .debug_ranges  0x00000010       0x98 ./BSP/bsp_flash.o
 .debug_ranges  0x000000a8       0x10 ./BSP/bsp_usart.o
 .debug_ranges  0x000000b8       0x30 ./KF32_EVAL.o
 .debug_ranges  0x000000e8       0x68 ./kf_it.o
 .debug_ranges  0x00000150       0x10 ./main.o
 .debug_ranges  0x00000160       0x30 ./system_init.o
 .debug_ranges  0x00000190       0x18 ./Middle/boot.o
 .debug_ranges  0x000001a8       0x10 ./Middle/delay.o
 .debug_ranges  0x000001b8       0x68 ./Middle/md5.o
 .debug_ranges  0x00000220       0xa8 ./Middle/ymodem.o
 .debug_ranges  0x000002c8      0x208 ./Peripherals/src/kf32f_basic_adc.o
 .debug_ranges  0x000004d0      0x5c0 ./Peripherals/src/kf32f_basic_atim.o
 .debug_ranges  0x00000a90       0x78 ./Peripherals/src/kf32f_basic_bkp.o
 .debug_ranges  0x00000b08      0x160 ./Peripherals/src/kf32f_basic_btim.o
 .debug_ranges  0x00000c68       0xa0 ./Peripherals/src/kf32f_basic_cfgl.o
 .debug_ranges  0x00000d08      0x150 ./Peripherals/src/kf32f_basic_cmp.o
 .debug_ranges  0x00000e58       0x60 ./Peripherals/src/kf32f_basic_crc.o
 .debug_ranges  0x00000eb8       0x68 ./Peripherals/src/kf32f_basic_dac.o
 .debug_ranges  0x00000f20      0x138 ./Peripherals/src/kf32f_basic_dma.o
 .debug_ranges  0x00001058      0x268 ./Peripherals/src/kf32f_basic_flash.o
 .debug_ranges  0x000012c0      0x120 ./Peripherals/src/kf32f_basic_gpio.o
 .debug_ranges  0x000013e0      0x2c8 ./Peripherals/src/kf32f_basic_gptim.o
 .debug_ranges  0x000016a8      0x220 ./Peripherals/src/kf32f_basic_i2c.o
 .debug_ranges  0x000018c8      0x1b8 ./Peripherals/src/kf32f_basic_int.o
 .debug_ranges  0x00001a80       0x28 ./Peripherals/src/kf32f_basic_iwdt.o
 .debug_ranges  0x00001aa8      0x300 ./Peripherals/src/kf32f_basic_osc.o
 .debug_ranges  0x00001da8       0x28 ./Peripherals/src/kf32f_basic_pclk.o
 .debug_ranges  0x00001dd0      0x288 ./Peripherals/src/kf32f_basic_pm.o
 .debug_ranges  0x00002058       0x28 ./Peripherals/src/kf32f_basic_rst.o
 .debug_ranges  0x00002080      0x618 ./Peripherals/src/kf32f_basic_rtc.o
 .debug_ranges  0x00002698       0xd8 ./Peripherals/src/kf32f_basic_sysctl.o
 .debug_ranges  0x00002770       0x68 ./Peripherals/src/kf32f_basic_systick.o
 .debug_ranges  0x000027d8      0x320 ./Peripherals/src/kf32f_basic_usart.o
 .debug_ranges  0x00002af8       0x50 ./Peripherals/src/kf32f_basic_wwdt.o
 .debug_ranges  0x00002b48       0x10 ./config/startup.o
 .debug_ranges  0x00002b58       0x10 D:/ResearchSoftware/KungFu32/ChipONCC32/ccr1_issue/lib\libio.a(printf.o)
 .debug_ranges  0x00002b68       0x10 D:/ResearchSoftware/KungFu32/ChipONCC32/ccr1_issue/lib\libio.a(vfprintf.o)
 .debug_ranges  0x00002b78       0x18 D:/ResearchSoftware/KungFu32/ChipONCC32/ccr1_issue/lib\libstring.a(mem_set_cpy_Fast.o)
 .debug_ranges  0x00002b90       0x58 D:/ResearchSoftware/KungFu32/ChipONCC32/ccr1_issue/lib\libstdlib.a(ftoa.o)
 .debug_ranges  0x00002be8       0x18 D:/ResearchSoftware/KungFu32/ChipONCC32/ccr1_issue/lib\libstdlib.a(itoa.o)
 .debug_ranges  0x00002c00       0x18 D:/ResearchSoftware/KungFu32/ChipONCC32/ccr1_issue/lib\libstdlib.a(ltoa.o)

.debug_macro
 *(.debug_macro)

.gnu.attributes
 *(.gnu.attributes)

/DISCARD/
 *(.note.GNU-stack)
 *(.gnu_debuglink)
 *(.gnu.lto_*)

.debug_types
 *(.debug_types)
OUTPUT(TEST_Prj.elf elf32-kungfu32-little)
